Archive member included to satisfy reference by file (symbol)

c:/intelfpga_lite/17.0/nios2eds/bin/gnu/h-x86_64-mingw32/bin/../lib/gcc/nios2-elf/5.3.0/../../../../../H-x86_64-mingw32/nios2-elf/lib/mno-hw-mul\libc.a(lib_a-puts.o)
                              obj/default/hello_ucosii.o (puts)
c:/intelfpga_lite/17.0/nios2eds/bin/gnu/h-x86_64-mingw32/bin/../lib/gcc/nios2-elf/5.3.0/../../../../../H-x86_64-mingw32/nios2-elf/lib/mno-hw-mul\libc.a(lib_a-strlen.o)
                              c:/intelfpga_lite/17.0/nios2eds/bin/gnu/h-x86_64-mingw32/bin/../lib/gcc/nios2-elf/5.3.0/../../../../../H-x86_64-mingw32/nios2-elf/lib/mno-hw-mul\libc.a(lib_a-puts.o) (strlen)
c:/intelfpga_lite/17.0/nios2eds/bin/gnu/h-x86_64-mingw32/bin/../lib/gcc/nios2-elf/5.3.0/../../../../../H-x86_64-mingw32/nios2-elf/lib/mno-hw-mul\libc.a(lib_a-findfp.o)
                              c:/intelfpga_lite/17.0/nios2eds/bin/gnu/h-x86_64-mingw32/bin/../lib/gcc/nios2-elf/5.3.0/../../../../../H-x86_64-mingw32/nios2-elf/lib/mno-hw-mul\libc.a(lib_a-puts.o) (__sinit)
c:/intelfpga_lite/17.0/nios2eds/bin/gnu/h-x86_64-mingw32/bin/../lib/gcc/nios2-elf/5.3.0/../../../../../H-x86_64-mingw32/nios2-elf/lib/mno-hw-mul\libc.a(lib_a-fvwrite.o)
                              c:/intelfpga_lite/17.0/nios2eds/bin/gnu/h-x86_64-mingw32/bin/../lib/gcc/nios2-elf/5.3.0/../../../../../H-x86_64-mingw32/nios2-elf/lib/mno-hw-mul\libc.a(lib_a-puts.o) (__sfvwrite_r)
c:/intelfpga_lite/17.0/nios2eds/bin/gnu/h-x86_64-mingw32/bin/../lib/gcc/nios2-elf/5.3.0/../../../../../H-x86_64-mingw32/nios2-elf/lib/mno-hw-mul\libc.a(lib_a-fwalk.o)
                              c:/intelfpga_lite/17.0/nios2eds/bin/gnu/h-x86_64-mingw32/bin/../lib/gcc/nios2-elf/5.3.0/../../../../../H-x86_64-mingw32/nios2-elf/lib/mno-hw-mul\libc.a(lib_a-findfp.o) (_fwalk)
c:/intelfpga_lite/17.0/nios2eds/bin/gnu/h-x86_64-mingw32/bin/../lib/gcc/nios2-elf/5.3.0/../../../../../H-x86_64-mingw32/nios2-elf/lib/mno-hw-mul\libc.a(lib_a-impure.o)
                              c:/intelfpga_lite/17.0/nios2eds/bin/gnu/h-x86_64-mingw32/bin/../lib/gcc/nios2-elf/5.3.0/../../../../../H-x86_64-mingw32/nios2-elf/lib/mno-hw-mul\libc.a(lib_a-findfp.o) (_global_impure_ptr)
c:/intelfpga_lite/17.0/nios2eds/bin/gnu/h-x86_64-mingw32/bin/../lib/gcc/nios2-elf/5.3.0/../../../../../H-x86_64-mingw32/nios2-elf/lib/mno-hw-mul\libc.a(lib_a-mallocr.o)
                              c:/intelfpga_lite/17.0/nios2eds/bin/gnu/h-x86_64-mingw32/bin/../lib/gcc/nios2-elf/5.3.0/../../../../../H-x86_64-mingw32/nios2-elf/lib/mno-hw-mul\libc.a(lib_a-findfp.o) (_malloc_r)
c:/intelfpga_lite/17.0/nios2eds/bin/gnu/h-x86_64-mingw32/bin/../lib/gcc/nios2-elf/5.3.0/../../../../../H-x86_64-mingw32/nios2-elf/lib/mno-hw-mul\libc.a(lib_a-memchr.o)
                              c:/intelfpga_lite/17.0/nios2eds/bin/gnu/h-x86_64-mingw32/bin/../lib/gcc/nios2-elf/5.3.0/../../../../../H-x86_64-mingw32/nios2-elf/lib/mno-hw-mul\libc.a(lib_a-fvwrite.o) (memchr)
c:/intelfpga_lite/17.0/nios2eds/bin/gnu/h-x86_64-mingw32/bin/../lib/gcc/nios2-elf/5.3.0/../../../../../H-x86_64-mingw32/nios2-elf/lib/mno-hw-mul\libc.a(lib_a-memcpy.o)
                              c:/intelfpga_lite/17.0/nios2eds/bin/gnu/h-x86_64-mingw32/bin/../lib/gcc/nios2-elf/5.3.0/../../../../../H-x86_64-mingw32/nios2-elf/lib/mno-hw-mul\libc.a(lib_a-fvwrite.o) (memcpy)
c:/intelfpga_lite/17.0/nios2eds/bin/gnu/h-x86_64-mingw32/bin/../lib/gcc/nios2-elf/5.3.0/../../../../../H-x86_64-mingw32/nios2-elf/lib/mno-hw-mul\libc.a(lib_a-memmove.o)
                              c:/intelfpga_lite/17.0/nios2eds/bin/gnu/h-x86_64-mingw32/bin/../lib/gcc/nios2-elf/5.3.0/../../../../../H-x86_64-mingw32/nios2-elf/lib/mno-hw-mul\libc.a(lib_a-fvwrite.o) (memmove)
c:/intelfpga_lite/17.0/nios2eds/bin/gnu/h-x86_64-mingw32/bin/../lib/gcc/nios2-elf/5.3.0/../../../../../H-x86_64-mingw32/nios2-elf/lib/mno-hw-mul\libc.a(lib_a-memset.o)
                              c:/intelfpga_lite/17.0/nios2eds/bin/gnu/h-x86_64-mingw32/bin/../lib/gcc/nios2-elf/5.3.0/../../../../../H-x86_64-mingw32/nios2-elf/lib/mno-hw-mul\libc.a(lib_a-findfp.o) (memset)
c:/intelfpga_lite/17.0/nios2eds/bin/gnu/h-x86_64-mingw32/bin/../lib/gcc/nios2-elf/5.3.0/../../../../../H-x86_64-mingw32/nios2-elf/lib/mno-hw-mul\libc.a(lib_a-reallocr.o)
                              c:/intelfpga_lite/17.0/nios2eds/bin/gnu/h-x86_64-mingw32/bin/../lib/gcc/nios2-elf/5.3.0/../../../../../H-x86_64-mingw32/nios2-elf/lib/mno-hw-mul\libc.a(lib_a-fvwrite.o) (_realloc_r)
c:/intelfpga_lite/17.0/nios2eds/bin/gnu/h-x86_64-mingw32/bin/../lib/gcc/nios2-elf/5.3.0/../../../../../H-x86_64-mingw32/nios2-elf/lib/mno-hw-mul\libc.a(lib_a-sbrkr.o)
                              c:/intelfpga_lite/17.0/nios2eds/bin/gnu/h-x86_64-mingw32/bin/../lib/gcc/nios2-elf/5.3.0/../../../../../H-x86_64-mingw32/nios2-elf/lib/mno-hw-mul\libc.a(lib_a-mallocr.o) (_sbrk_r)
c:/intelfpga_lite/17.0/nios2eds/bin/gnu/h-x86_64-mingw32/bin/../lib/gcc/nios2-elf/5.3.0/../../../../../H-x86_64-mingw32/nios2-elf/lib/mno-hw-mul\libc.a(lib_a-stdio.o)
[...]
Memory Configuration

Name             Origin             Length             Attributes
reset            0x0000000000040000 0x0000000000000020
OnChip_Memory    0x0000000000040020 0x000000000003d070
*default*        0x0000000000000000 0xffffffffffffffff

Linker script and memory map

LOAD ../Lab7_bsp//obj/HAL/src/crt0.o
LOAD obj/default/hello_ucosii.o
LOAD c:/intelfpga_lite/17.0/nios2eds/bin/gnu/h-x86_64-mingw32/bin/../lib/gcc/nios2-elf/5.3.0/../../../../../H-x86_64-mingw32/nios2-elf/lib/mno-hw-mul\libstdc++.a
LOAD c:/intelfpga_lite/17.0/nios2eds/bin/gnu/h-x86_64-mingw32/bin/../lib/gcc/nios2-elf/5.3.0/../../../../../H-x86_64-mingw32/nios2-elf/lib/mno-hw-mul\libm.a
LOAD c:/intelfpga_lite/17.0/nios2eds/bin/gnu/h-x86_64-mingw32/bin/../lib/gcc/nios2-elf/5.3.0/mno-hw-mul\libgcc.a
START GROUP
LOAD c:/intelfpga_lite/17.0/nios2eds/bin/gnu/h-x86_64-mingw32/bin/../lib/gcc/nios2-elf/5.3.0/../../../../../H-x86_64-mingw32/nios2-elf/lib/mno-hw-mul\libc.a
LOAD c:/intelfpga_lite/17.0/nios2eds/bin/gnu/h-x86_64-mingw32/bin/../lib/gcc/nios2-elf/5.3.0/mno-hw-mul\libgcc.a
LOAD ../Lab7_bsp/\libucosii_bsp.a
LOAD c:/intelfpga_lite/17.0/nios2eds/bin/gnu/h-x86_64-mingw32/bin/../lib/gcc/nios2-elf/5.3.0/../../../../../H-x86_64-mingw32/nios2-elf/lib/mno-hw-mul\libm.a
END GROUP
LOAD c:/intelfpga_lite/17.0/nios2eds/bin/gnu/h-x86_64-mingw32/bin/../lib/gcc/nios2-elf/5.3.0/mno-hw-mul\libgcc.a
                0x0000000000040000                __alt_mem_OnChip_Memory = 0x40000

.entry          0x0000000000040000       0x20
 *(.entry)
 .entry         0x0000000000040000       0x20 ../Lab7_bsp//obj/HAL/src/crt0.o
                0x0000000000040000                __reset

.exceptions     0x0000000000040020      0x210
                0x0000000000040020                PROVIDE (__ram_exceptions_start, ABSOLUTE (.))
                0x0000000000040020                . = ALIGN (0x20)
 *(.irq)
 *(.exceptions.entry.label)
 .exceptions.entry.label
                0x0000000000040020        0x0 ../Lab7_bsp/\libucosii_bsp.a(alt_irq_entry.o)
                0x0000000000040020                alt_irq_entry
 .exceptions.entry.label
                0x0000000000040020        0x0 ../Lab7_bsp/\libucosii_bsp.a(alt_exception_entry.o)
                0x0000000000040020                alt_exception
 *(.exceptions.entry.user)
 *(.exceptions.entry.ecc_fatal)
 *(.exceptions.entry)
 .exceptions.entry
                0x0000000000040020       0x54 ../Lab7_bsp/\libucosii_bsp.a(alt_exception_entry.o)
 *(.exceptions.irqtest.user)
 *(.exceptions.irqtest)
 .exceptions.irqtest
                0x0000000000040074       0x10 ../Lab7_bsp/\libucosii_bsp.a(alt_irq_entry.o)
 *(.exceptions.irqhandler.user)
 *(.exceptions.irqhandler)
 .exceptions.irqhandler
                0x0000000000040084        0x4 ../Lab7_bsp/\libucosii_bsp.a(alt_irq_entry.o)
 *(.exceptions.irqreturn.user)
 *(.exceptions.irqreturn)
 .exceptions.irqreturn
                0x0000000000040088        0x4 ../Lab7_bsp/\libucosii_bsp.a(alt_irq_entry.o)
 *(.exceptions.notirq.label)
 .exceptions.notirq.label
                0x000000000004008c        0x0 ../Lab7_bsp/\libucosii_bsp.a(alt_irq_entry.o)
 *(.exceptions.notirq.user)
 *(.exceptions.notirq)
 .exceptions.notirq
                0x000000000004008c        0x8 ../Lab7_bsp/\libucosii_bsp.a(alt_exception_entry.o)
 *(.exceptions.soft.user)
 *(.exceptions.soft)
 *(.exceptions.unknown.user)
 *(.exceptions.unknown)
 .exceptions.unknown
                0x0000000000040094       0x14 ../Lab7_bsp/\libucosii_bsp.a(alt_exception_entry.o)
 *(.exceptions.exit.label)
 .exceptions.exit.label
                0x00000000000400a8        0x0 ../Lab7_bsp/\libucosii_bsp.a(alt_irq_entry.o)
 .exceptions.exit.label
                0x00000000000400a8        0x0 ../Lab7_bsp/\libucosii_bsp.a(alt_exception_entry.o)
 *(.exceptions.exit.user)
 *(.exceptions.exit)
 .exceptions.exit
                0x00000000000400a8       0x54 ../Lab7_bsp/\libucosii_bsp.a(alt_exception_entry.o)
 *(.exceptions)
 .exceptions    0x00000000000400fc       0xd4 ../Lab7_bsp/\libucosii_bsp.a(alt_irq_handler.o)
                0x00000000000400fc                alt_irq_handler
 .exceptions    0x00000000000401d0       0x60 ../Lab7_bsp/\libucosii_bsp.a(alt_instruction_exception_entry.o)
                0x00000000000401d0                alt_instruction_exception_entry
                0x0000000000040230                PROVIDE (__ram_exceptions_end, ABSOLUTE (.))
                0x0000000000040020                PROVIDE (__flash_exceptions_start, LOADADDR (.exceptions))

.text           0x0000000000040230     0xd850
                [!provide]                        PROVIDE (stext, ABSOLUTE (.))
 *(.interp)
 *(.hash)
 *(.dynsym)
 *(.dynstr)
 *(.gnu.version)
 *(.gnu.version_d)
 *(.gnu.version_r)
 *(.rel.init)
 *(.rela.init)
 *(.rel.text .rel.text.* .rel.gnu.linkonce.t.*)
 *(.rela.text .rela.text.* .rela.gnu.linkonce.t.*)
 *(.rel.fini)
 *(.rela.fini)
 *(.rel.rodata .rel.rodata.* .rel.gnu.linkonce.r.*)
 *(.rela.rodata .rela.rodata.* .rela.gnu.linkonce.r.*)
 *(.rel.data .rel.data.* .rel.gnu.linkonce.d.*)
 *(.rela.data .rela.data.* .rela.gnu.linkonce.d.*)
 *(.rel.tdata .rel.tdata.* .rel.gnu.linkonce.td.*)
 *(.rela.tdata .rela.tdata.* .rela.gnu.linkonce.td.*)
 *(.rel.tbss .rel.tbss.* .rel.gnu.linkonce.tb.*)
 *(.rela.tbss .rela.tbss.* .rela.gnu.linkonce.tb.*)
 *(.rel.ctors)
 *(.rela.ctors)
 *(.rel.dtors)
 *(.rela.dtors)
 *(.rel.got)
 *(.rela.got)
 *(.rel.sdata .rel.sdata.* .rel.gnu.linkonce.s.*)
 *(.rela.sdata .rela.sdata.* .rela.gnu.linkonce.s.*)
 *(.rel.sbss .rel.sbss.* .rel.gnu.linkonce.sb.*)
 *(.rela.sbss .rela.sbss.* .rela.gnu.linkonce.sb.*)
 *(.rel.sdata2 .rel.sdata2.* .rel.gnu.linkonce.s2.*)
 *(.rela.sdata2 .rela.sdata2.* .rela.gnu.linkonce.s2.*)
 *(.rel.sbss2 .rel.sbss2.* .rel.gnu.linkonce.sb2.*)
 *(.rela.sbss2 .rela.sbss2.* .rela.gnu.linkonce.sb2.*)
 *(.rel.bss .rel.bss.* .rel.gnu.linkonce.b.*)
 *(.rela.bss .rela.bss.* .rela.gnu.linkonce.b.*)
 *(.rel.plt)
 *(.rela.plt)
 *(.rel.dyn)
 *(.init)
 *(.plt)
 *(.text .stub .text.* .gnu.linkonce.t.*)
 .text          0x0000000000040230       0x3c ../Lab7_bsp//obj/HAL/src/crt0.o
                0x0000000000040230                _start
 .text          0x000000000004026c      0x11c obj/default/hello_ucosii.o
                0x000000000004026c                task1
                0x00000000000402a4                task2
                0x00000000000402dc                main
 .text          0x0000000000040388        0x0 c:/intelfpga_lite/17.0/nios2eds/bin/gnu/h-x86_64-mingw32/bin/../lib/gcc/nios2-elf/5.3.0/../../../../../H-x86_64-mingw32/nios2-elf/lib/mno-hw-mul\libc.a(lib_a-puts.o)
 .text._puts_r  0x0000000000040388       0xc0 c:/intelfpga_lite/17.0/nios2eds/bin/gnu/h-x86_64-mingw32/bin/../lib/gcc/nios2-elf/5.3.0/../../../../../H-x86_64-mingw32/nios2-elf/lib/mno-hw-mul\libc.a(lib_a-puts.o)
                0x0000000000040388                _puts_r
 .text.puts     0x0000000000040448       0x14 c:/intelfpga_lite/17.0/nios2eds/bin/gnu/h-x86_64-mingw32/bin/../lib/gcc/nios2-elf/5.3.0/../../../../../H-x86_64-mingw32/nios2-elf/lib/mno-hw-mul\libc.a(lib_a-puts.o)
                0x0000000000040448                puts
 .text          0x000000000004045c        0x0 c:/intelfpga_lite/17.0/nios2eds/bin/gnu/h-x86_64-mingw32/bin/../lib/gcc/nios2-elf/5.3.0/../../../../../H-x86_64-mingw32/nios2-elf/lib/mno-hw-mul\libc.a(lib_a-strlen.o)
 .text.strlen   0x000000000004045c       0x98 c:/intelfpga_lite/17.0/nios2eds/bin/gnu/h-x86_64-mingw32/bin/../lib/gcc/nios2-elf/5.3.0/../../../../../H-x86_64-mingw32/nios2-elf/lib/mno-hw-mul\libc.a(lib_a-strlen.o)
                0x000000000004045c                strlen
 .text          0x00000000000404f4        0x0 c:/intelfpga_lite/17.0/nios2eds/bin/gnu/h-x86_64-mingw32/bin/../lib/gcc/nios2-elf/5.3.0/../../../../../H-x86_64-mingw32/nios2-elf/lib/mno-hw-mul\libc.a(lib_a-findfp.o)
 .text.__fp_unlock
                0x00000000000404f4        0x8 c:/intelfpga_lite/17.0/nios2eds/bin/gnu/h-x86_64-mingw32/bin/../lib/gcc/nios2-elf/5.3.0/../../../../../H-x86_64-mingw32/nios2-elf/lib/mno-hw-mul\libc.a(lib_a-findfp.o)
 .text._cleanup_r
                0x00000000000404fc        0xc c:/intelfpga_lite/17.0/nios2eds/bin/gnu/h-x86_64-mingw32/bin/../lib/gcc/nios2-elf/5.3.0/../../../../../H-x86_64-mingw32/nios2-elf/lib/mno-hw-mul\libc.a(lib_a-findfp.o)
                0x00000000000404fc                _cleanup_r
 .text.__sinit.part.1
                0x0000000000040508      0x19c c:/intelfpga_lite/17.0/nios2eds/bin/gnu/h-x86_64-mingw32/bin/../lib/gcc/nios2-elf/5.3.0/../../../../../H-x86_64-mingw32/nios2-elf/lib/mno-hw-mul\libc.a(lib_a-findfp.o)
 .text.__fp_lock
                0x00000000000406a4        0x8 c:/intelfpga_lite/17.0/nios2eds/bin/gnu/h-x86_64-mingw32/bin/../lib/gcc/nios2-elf/5.3.0/../../../../../H-x86_64-mingw32/nios2-elf/lib/mno-hw-mul\libc.a(lib_a-findfp.o)
 .text.__sfmoreglue
                0x00000000000406ac       0x78 c:/intelfpga_lite/17.0/nios2eds/bin/gnu/h-x86_64-mingw32/bin/../lib/gcc/nios2-elf/5.3.0/../../../../../H-x86_64-mingw32/nios2-elf/lib/mno-hw-mul\libc.a(lib_a-findfp.o)
                0x00000000000406ac                __sfmoreglue
 .text.__sfp    0x0000000000040724      0x118 c:/intelfpga_lite/17.0/nios2eds/bin/gnu/h-x86_64-mingw32/bin/../lib/gcc/nios2-elf/5.3.0/../../../../../H-x86_64-mingw32/nios2-elf/lib/mno-hw-mul\libc.a(lib_a-findfp.o)
                0x0000000000040724                __sfp
 .text._cleanup
                0x000000000004083c       0x18 c:/intelfpga_lite/17.0/nios2eds/bin/gnu/h-x86_64-mingw32/bin/../lib/gcc/nios2-elf/5.3.0/../../../../../H-x86_64-mingw32/nios2-elf/lib/mno-hw-mul\libc.a(lib_a-findfp.o)
                0x000000000004083c                _cleanup
 .text.__sinit  0x0000000000040854       0x10 c:/intelfpga_lite/17.0/nios2eds/bin/gnu/h-x86_64-mingw32/bin/../lib/gcc/nios2-elf/5.3.0/../../../../../H-x86_64-mingw32/nios2-elf/lib/mno-hw-mul\libc.a(lib_a-findfp.o)
                0x0000000000040854                __sinit
 .text.__sfp_lock_acquire
                0x0000000000040864        0x4 c:/intelfpga_lite/17.0/nios2eds/bin/gnu/h-x86_64-mingw32/bin/../lib/gcc/nios2-elf/5.3.0/../../../../../H-x86_64-mingw32/nios2-elf/lib/mno-hw-mul\libc.a(lib_a-findfp.o)
                0x0000000000040864                __sfp_lock_acquire
 .text.__sfp_lock_release
                0x0000000000040868        0x4 c:/intelfpga_lite/17.0/nios2eds/bin/gnu/h-x86_64-mingw32/bin/../lib/gcc/nios2-elf/5.3.0/../../../../../H-x86_64-mingw32/nios2-elf/lib/mno-hw-mul\libc.a(lib_a-findfp.o)
                0x0000000000040868                __sfp_lock_release
 .text.__sinit_lock_acquire
                0x000000000004086c        0x4 c:/intelfpga_lite/17.0/nios2eds/bin/gnu/h-x86_64-mingw32/bin/../lib/gcc/nios2-elf/5.3.0/../../../../../H-x86_64-mingw32/nios2-elf/lib/mno-hw-mul\libc.a(lib_a-findfp.o)
                0x000000000004086c                __sinit_lock_acquire
 .text.__sinit_lock_release
                0x0000000000040870        0x4 c:/intelfpga_lite/17.0/nios2eds/bin/gnu/h-x86_64-mingw32/bin/../lib/gcc/nios2-elf/5.3.0/../../../../../H-x86_64-mingw32/nios2-elf/lib/mno-hw-mul\libc.a(lib_a-findfp.o)
                0x0000000000040870                __sinit_lock_release
 .text.__fp_lock_all
                0x0000000000040874       0x18 c:/intelfpga_lite/17.0/nios2eds/bin/gnu/h-x86_64-mingw32/bin/../lib/gcc/nios2-elf/5.3.0/../../../../../H-x86_64-mingw32/nios2-elf/lib/mno-hw-mul\libc.a(lib_a-findfp.o)
                0x0000000000040874                __fp_lock_all
 .text.__fp_unlock_all
                0x000000000004088c       0x18 c:/intelfpga_lite/17.0/nios2eds/bin/gnu/h-x86_64-mingw32/bin/../lib/gcc/nios2-elf/5.3.0/../../../../../H-x86_64-mingw32/nios2-elf/lib/mno-hw-mul\libc.a(lib_a-findfp.o)
                0x000000000004088c                __fp_unlock_all
 .text          0x00000000000408a4        0x0 c:/intelfpga_lite/17.0/nios2eds/bin/gnu/h-x86_64-mingw32/bin/../lib/gcc/nios2-elf/5.3.0/../../../../../H-x86_64-mingw32/nios2-elf/lib/mno-hw-mul\libc.a(lib_a-fvwrite.o)
 .text.__sfvwrite_r
                0x00000000000408a4      0x4c8 c:/intelfpga_lite/17.0/nios2eds/bin/gnu/h-x86_64-mingw32/bin/../lib/gcc/nios2-elf/5.3.0/../../../../../H-x86_64-mingw32/nios2-elf/lib/mno-hw-mul\libc.a(lib_a-fvwrite.o)
                0x00000000000408a4                __sfvwrite_r
 .text          0x0000000000040d6c        0x0 c:/intelfpga_lite/17.0/nios2eds/bin/gnu/h-x86_64-mingw32/bin/../lib/gcc/nios2-elf/5.3.0/../../../../../H-x86_64-mingw32/nios2-elf/lib/mno-hw-mul\libc.a(lib_a-fwalk.o)
 .text._fwalk   0x0000000000040d6c       0xc4 c:/intelfpga_lite/17.0/nios2eds/bin/gnu/h-x86_64-mingw32/bin/../lib/gcc/nios2-elf/5.3.0/../../../../../H-x86_64-mingw32/nios2-elf/lib/mno-hw-mul\libc.a(lib_a-fwalk.o)
                0x0000000000040d6c                _fwalk
 .text._fwalk_reent
                0x0000000000040e30       0xc4 c:/intelfpga_lite/17.0/nios2eds/bin/gnu/h-x86_64-mingw32/bin/../lib/gcc/nios2-elf/5.3.0/../../../../../H-x86_64-mingw32/nios2-elf/lib/mno-hw-mul\libc.a(lib_a-fwalk.o)
                0x0000000000040e30                _fwalk_reent
 .text          0x0000000000040ef4        0x0 c:/intelfpga_lite/17.0/nios2eds/bin/gnu/h-x86_64-mingw32/bin/../lib/gcc/nios2-elf/5.3.0/../../../../../H-x86_64-mingw32/nios2-elf/lib/mno-hw-mul\libc.a(lib_a-impure.o)
 .text          0x0000000000040ef4        0x0 c:/intelfpga_lite/17.0/nios2eds/bin/gnu/h-x86_64-mingw32/bin/../lib/gcc/nios2-elf/5.3.0/../../../../../H-x86_64-mingw32/nios2-elf/lib/mno-hw-mul\libc.a(lib_a-mallocr.o)
 .text._malloc_r
                0x0000000000040ef4      0x80c c:/intelfpga_lite/17.0/nios2eds/bin/gnu/h-x86_64-mingw32/bin/../lib/gcc/nios2-elf/5.3.0/../../../../../H-x86_64-mingw32/nios2-elf/lib/mno-hw-mul\libc.a(lib_a-mallocr.o)
                0x0000000000040ef4                _malloc_r
 .text          0x0000000000041700        0x0 c:/intelfpga_lite/17.0/nios2eds/bin/gnu/h-x86_64-mingw32/bin/../lib/gcc/nios2-elf/5.3.0/../../../../../H-x86_64-mingw32/nios2-elf/lib/mno-hw-mul\libc.a(lib_a-memchr.o)
 .text.memchr   0x0000000000041700       0xe4 c:/intelfpga_lite/17.0/nios2eds/bin/gnu/h-x86_64-mingw32/bin/../lib/gcc/nios2-elf/5.3.0/../../../../../H-x86_64-mingw32/nios2-elf/lib/mno-hw-mul\libc.a(lib_a-memchr.o)
                0x0000000000041700                memchr
 .text          0x00000000000417e4        0x0 c:/intelfpga_lite/17.0/nios2eds/bin/gnu/h-x86_64-mingw32/bin/../lib/gcc/nios2-elf/5.3.0/../../../../../H-x86_64-mingw32/nios2-elf/lib/mno-hw-mul\libc.a(lib_a-memcpy.o)
 .text.memcpy   0x00000000000417e4      0x148 c:/intelfpga_lite/17.0/nios2eds/bin/gnu/h-x86_64-mingw32/bin/../lib/gcc/nios2-elf/5.3.0/../../../../../H-x86_64-mingw32/nios2-elf/lib/mno-hw-mul\libc.a(lib_a-memcpy.o)
                0x00000000000417e4                memcpy
 .text          0x000000000004192c        0x0 c:/intelfpga_lite/17.0/nios2eds/bin/gnu/h-x86_64-mingw32/bin/../lib/gcc/nios2-elf/5.3.0/../../../../../H-x86_64-mingw32/nios2-elf/lib/mno-hw-mul\libc.a(lib_a-memmove.o)
 .text.memmove  0x000000000004192c      0x15c c:/intelfpga_lite/17.0/nios2eds/bin/gnu/h-x86_64-mingw32/bin/../lib/gcc/nios2-elf/5.3.0/../../../../../H-x86_64-mingw32/nios2-elf/lib/mno-hw-mul\libc.a(lib_a-memmove.o)
                0x000000000004192c                memmove
 .text          0x0000000000041a88        0x0 c:/intelfpga_lite/17.0/nios2eds/bin/gnu/h-x86_64-mingw32/bin/../lib/gcc/nios2-elf/5.3.0/../../../../../H-x86_64-mingw32/nios2-elf/lib/mno-hw-mul\libc.a(lib_a-memset.o)
 .text.memset   0x0000000000041a88      0x128 c:/intelfpga_lite/17.0/nios2eds/bin/gnu/h-x86_64-mingw32/bin/../lib/gcc/nios2-elf/5.3.0/../../../../../H-x86_64-mingw32/nios2-elf/lib/mno-hw-mul\libc.a(lib_a-memset.o)
                0x0000000000041a88                memset
 .text          0x0000000000041bb0        0x0 c:/intelfpga_lite/17.0/nios2eds/bin/gnu/h-x86_64-mingw32/bin/../lib/gcc/nios2-elf/5.3.0/../../../../../H-x86_64-mingw32/nios2-elf/lib/mno-hw-mul\libc.a(lib_a-reallocr.o)
 .text._realloc_r
                0x0000000000041bb0      0x564 c:/intelfpga_lite/17.0/nios2eds/bin/gnu/h-x86_64-mingw32/bin/../lib/gcc/nios2-elf/5.3.0/../../../../../H-x86_64-mingw32/nios2-elf/lib/mno-hw-mul\libc.a(lib_a-reallocr.o)
                0x0000000000041bb0                _realloc_r
 .text          0x0000000000042114        0x0 c:/intelfpga_lite/17.0/nios2eds/bin/gnu/h-x86_64-mingw32/bin/../lib/gcc/nios2-elf/5.3.0/../../../../../H-x86_64-mingw32/nios2-elf/lib/mno-hw-mul\libc.a(lib_a-sbrkr.o)
 .text._sbrk_r  0x0000000000042114       0x54 c:/intelfpga_lite/17.0/nios2eds/bin/gnu/h-x86_64-mingw32/bin/../lib/gcc/nios2-elf/5.3.0/../../../../../H-x86_64-mingw32/nios2-elf/lib/mno-hw-mul\libc.a(lib_a-sbrkr.o)
                0x0000000000042114                _sbrk_r
 .text          0x0000000000042168        0x0 c:/intelfpga_lite/17.0/nios2eds/bin/gnu/h-x86_64-mingw32/bin/../lib/gcc/nios2-elf/5.3.0/../../../../../H-x86_64-mingw32/nios2-elf/lib/mno-hw-mul\libc.a(lib_a-stdio.o)
 .text.__sread  0x0000000000042168       0x54 c:/intelfpga_lite/17.0/nios2eds/bin/gnu/h-x86_64-mingw32/bin/../lib/gcc/nios2-elf/5.3.0/../../../../../H-x86_64-mingw32/nios2-elf/lib/mno-hw-mul\libc.a(lib_a-stdio.o)
                0x0000000000042168                __sread
 .text.__seofread
                0x00000000000421bc        0x8 c:/intelfpga_lite/17.0/nios2eds/bin/gnu/h-x86_64-mingw32/bin/../lib/gcc/nios2-elf/5.3.0/../../../../../H-x86_64-mingw32/nios2-elf/lib/mno-hw-mul\libc.a(lib_a-stdio.o)
                0x00000000000421bc                __seofread
 .text.__swrite
                0x00000000000421c4       0x7c c:/intelfpga_lite/17.0/nios2eds/bin/gnu/h-x86_64-mingw32/bin/../lib/gcc/nios2-elf/5.3.0/../../../../../H-x86_64-mingw32/nios2-elf/lib/mno-hw-mul\libc.a(lib_a-stdio.o)
                0x00000000000421c4                __swrite
 .text.__sseek  0x0000000000042240       0x5c c:/intelfpga_lite/17.0/nios2eds/bin/gnu/h-x86_64-mingw32/bin/../lib/gcc/nios2-elf/5.3.0/../../../../../H-x86_64-mingw32/nios2-elf/lib/mno-hw-mul\libc.a(lib_a-stdio.o)
                0x0000000000042240                __sseek
 .text.__sclose
                0x000000000004229c        0x8 c:/intelfpga_lite/17.0/nios2eds/bin/gnu/h-x86_64-mingw32/bin/../lib/gcc/nios2-elf/5.3.0/../../../../../H-x86_64-mingw32/nios2-elf/lib/mno-hw-mul\libc.a(lib_a-stdio.o)
                0x000000000004229c                __sclose
 .text          0x00000000000422a4        0x0 c:/intelfpga_lite/17.0/nios2eds/bin/gnu/h-x86_64-mingw32/bin/../lib/gcc/nios2-elf/5.3.0/../../../../../H-x86_64-mingw32/nios2-elf/lib/mno-hw-mul\libc.a(lib_a-writer.o)
 .text._write_r
                0x00000000000422a4       0x60 c:/intelfpga_lite/17.0/nios2eds/bin/gnu/h-x86_64-mingw32/bin/../lib/gcc/nios2-elf/5.3.0/../../../../../H-x86_64-mingw32/nios2-elf/lib/mno-hw-mul\libc.a(lib_a-writer.o)
                0x00000000000422a4                _write_r
 .text          0x0000000000042304        0x0 c:/intelfpga_lite/17.0/nios2eds/bin/gnu/h-x86_64-mingw32/bin/../lib/gcc/nios2-elf/5.3.0/../../../../../H-x86_64-mingw32/nios2-elf/lib/mno-hw-mul\libc.a(lib_a-wsetup.o)
 .text.__swsetup_r
                0x0000000000042304      0x154 c:/intelfpga_lite/17.0/nios2eds/bin/gnu/h-x86_64-mingw32/bin/../lib/gcc/nios2-elf/5.3.0/../../../../../H-x86_64-mingw32/nios2-elf/lib/mno-hw-mul\libc.a(lib_a-wsetup.o)
                0x0000000000042304                __swsetup_r
 .text          0x0000000000042458        0x0 c:/intelfpga_lite/17.0/nios2eds/bin/gnu/h-x86_64-mingw32/bin/../lib/gcc/nios2-elf/5.3.0/../../../../../H-x86_64-mingw32/nios2-elf/lib/mno-hw-mul\libc.a(closer.o)
 .text._close_r
                0x0000000000042458       0x54 c:/intelfpga_lite/17.0/nios2eds/bin/gnu/h-x86_64-mingw32/bin/../lib/gcc/nios2-elf/5.3.0/../../../../../H-x86_64-mingw32/nios2-elf/lib/mno-hw-mul\libc.a(closer.o)
                0x0000000000042458                _close_r
 .text          0x00000000000424ac        0x0 c:/intelfpga_lite/17.0/nios2eds/bin/gnu/h-x86_64-mingw32/bin/../lib/gcc/nios2-elf/5.3.0/../../../../../H-x86_64-mingw32/nios2-elf/lib/mno-hw-mul\libc.a(lib_a-fclose.o)
 .text._fclose_r
                0x00000000000424ac       0xf0 c:/intelfpga_lite/17.0/nios2eds/bin/gnu/h-x86_64-mingw32/bin/../lib/gcc/nios2-elf/5.3.0/../../../../../H-x86_64-mingw32/nios2-elf/lib/mno-hw-mul\libc.a(lib_a-fclose.o)
                0x00000000000424ac                _fclose_r
 .text.fclose   0x000000000004259c       0x14 c:/intelfpga_lite/17.0/nios2eds/bin/gnu/h-x86_64-mingw32/bin/../lib/gcc/nios2-elf/5.3.0/../../../../../H-x86_64-mingw32/nios2-elf/lib/mno-hw-mul\libc.a(lib_a-fclose.o)
                0x000000000004259c                fclose
 .text          0x00000000000425b0        0x0 c:/intelfpga_lite/17.0/nios2eds/bin/gnu/h-x86_64-mingw32/bin/../lib/gcc/nios2-elf/5.3.0/../../../../../H-x86_64-mingw32/nios2-elf/lib/mno-hw-mul\libc.a(lib_a-fflush.o)
 .text.__sflush_r
                0x00000000000425b0      0x21c c:/intelfpga_lite/17.0/nios2eds/bin/gnu/h-x86_64-mingw32/bin/../lib/gcc/nios2-elf/5.3.0/../../../../../H-x86_64-mingw32/nios2-elf/lib/mno-hw-mul\libc.a(lib_a-fflush.o)
                0x00000000000425b0                __sflush_r
 .text._fflush_r
                0x00000000000427cc       0x5c c:/intelfpga_lite/17.0/nios2eds/bin/gnu/h-x86_64-mingw32/bin/../lib/gcc/nios2-elf/5.3.0/../../../../../H-x86_64-mingw32/nios2-elf/lib/mno-hw-mul\libc.a(lib_a-fflush.o)
                0x00000000000427cc                _fflush_r
 .text.fflush   0x0000000000042828       0x30 c:/intelfpga_lite/17.0/nios2eds/bin/gnu/h-x86_64-mingw32/bin/../lib/gcc/nios2-elf/5.3.0/../../../../../H-x86_64-mingw32/nios2-elf/lib/mno-hw-mul\libc.a(lib_a-fflush.o)
                0x0000000000042828                fflush
 .text          0x0000000000042858        0x0 c:/intelfpga_lite/17.0/nios2eds/bin/gnu/h-x86_64-mingw32/bin/../lib/gcc/nios2-elf/5.3.0/../../../../../H-x86_64-mingw32/nios2-elf/lib/mno-hw-mul\libc.a(lib_a-freer.o)
 .text._malloc_trim_r
                0x0000000000042858      0x124 c:/intelfpga_lite/17.0/nios2eds/bin/gnu/h-x86_64-mingw32/bin/../lib/gcc/nios2-elf/5.3.0/../../../../../H-x86_64-mingw32/nios2-elf/lib/mno-hw-mul\libc.a(lib_a-freer.o)
                0x0000000000042858                _malloc_trim_r
 .text._free_r  0x000000000004297c      0x310 c:/intelfpga_lite/17.0/nios2eds/bin/gnu/h-x86_64-mingw32/bin/../lib/gcc/nios2-elf/5.3.0/../../../../../H-x86_64-mingw32/nios2-elf/lib/mno-hw-mul\libc.a(lib_a-freer.o)
                0x000000000004297c                _free_r
 .text          0x0000000000042c8c        0x0 c:/intelfpga_lite/17.0/nios2eds/bin/gnu/h-x86_64-mingw32/bin/../lib/gcc/nios2-elf/5.3.0/../../../../../H-x86_64-mingw32/nios2-elf/lib/mno-hw-mul\libc.a(lib_a-int_errno.o)
 .text          0x0000000000042c8c        0x0 c:/intelfpga_lite/17.0/nios2eds/bin/gnu/h-x86_64-mingw32/bin/../lib/gcc/nios2-elf/5.3.0/../../../../../H-x86_64-mingw32/nios2-elf/lib/mno-hw-mul\libc.a(lib_a-lseekr.o)
 .text._lseek_r
                0x0000000000042c8c       0x60 c:/intelfpga_lite/17.0/nios2eds/bin/gnu/h-x86_64-mingw32/bin/../lib/gcc/nios2-elf/5.3.0/../../../../../H-x86_64-mingw32/nios2-elf/lib/mno-hw-mul\libc.a(lib_a-lseekr.o)
                0x0000000000042c8c                _lseek_r
 .text          0x0000000000042cec        0x0 c:/intelfpga_lite/17.0/nios2eds/bin/gnu/h-x86_64-mingw32/bin/../lib/gcc/nios2-elf/5.3.0/../../../../../H-x86_64-mingw32/nios2-elf/lib/mno-hw-mul\libc.a(lib_a-makebuf.o)
 .text.__smakebuf_r
                0x0000000000042cec      0x1bc c:/intelfpga_lite/17.0/nios2eds/bin/gnu/h-x86_64-mingw32/bin/../lib/gcc/nios2-elf/5.3.0/../../../../../H-x86_64-mingw32/nios2-elf/lib/mno-hw-mul\libc.a(lib_a-makebuf.o)
                0x0000000000042cec                __smakebuf_r
 .text          0x0000000000042ea8        0x0 c:/intelfpga_lite/17.0/nios2eds/bin/gnu/h-x86_64-mingw32/bin/../lib/gcc/nios2-elf/5.3.0/../../../../../H-x86_64-mingw32/nios2-elf/lib/mno-hw-mul\libc.a(lib_a-readr.o)
 .text._read_r  0x0000000000042ea8       0x60 c:/intelfpga_lite/17.0/nios2eds/bin/gnu/h-x86_64-mingw32/bin/../lib/gcc/nios2-elf/5.3.0/../../../../../H-x86_64-mingw32/nios2-elf/lib/mno-hw-mul\libc.a(lib_a-readr.o)
                0x0000000000042ea8                _read_r
 .text          0x0000000000042f08        0x0 c:/intelfpga_lite/17.0/nios2eds/bin/gnu/h-x86_64-mingw32/bin/../lib/gcc/nios2-elf/5.3.0/../../../../../H-x86_64-mingw32/nios2-elf/lib/mno-hw-mul\libc.a(lib_a-fstatr.o)
 .text._fstat_r
                0x0000000000042f08       0x5c c:/intelfpga_lite/17.0/nios2eds/bin/gnu/h-x86_64-mingw32/bin/../lib/gcc/nios2-elf/5.3.0/../../../../../H-x86_64-mingw32/nios2-elf/lib/mno-hw-mul\libc.a(lib_a-fstatr.o)
                0x0000000000042f08                _fstat_r
 .text          0x0000000000042f64        0x0 c:/intelfpga_lite/17.0/nios2eds/bin/gnu/h-x86_64-mingw32/bin/../lib/gcc/nios2-elf/5.3.0/../../../../../H-x86_64-mingw32/nios2-elf/lib/mno-hw-mul\libc.a(lib_a-isattyr.o)
 .text._isatty_r
                0x0000000000042f64       0x54 c:/intelfpga_lite/17.0/nios2eds/bin/gnu/h-x86_64-mingw32/bin/../lib/gcc/nios2-elf/5.3.0/../../../../../H-x86_64-mingw32/nios2-elf/lib/mno-hw-mul\libc.a(lib_a-isattyr.o)
                0x0000000000042f64                _isatty_r
 .text          0x0000000000042fb8      0x1b4 c:/intelfpga_lite/17.0/nios2eds/bin/gnu/h-x86_64-mingw32/bin/../lib/gcc/nios2-elf/5.3.0/mno-hw-mul\libgcc.a(lib2-divmod.o)
                0x0000000000042fb8                __divsi3
                0x000000000004303c                __modsi3
                0x00000000000430b0                __udivsi3
                0x0000000000043114                __umodsi3
 .text          0x000000000004316c       0x28 c:/intelfpga_lite/17.0/nios2eds/bin/gnu/h-x86_64-mingw32/bin/../lib/gcc/nios2-elf/5.3.0/mno-hw-mul\libgcc.a(lib2-mul.o)
                0x000000000004316c                __mulsi3
 .text          0x0000000000043194      0x114 ../Lab7_bsp/\libucosii_bsp.a(alt_close.o)
                0x00000000000431d0                close
 .text          0x00000000000432a8       0x2c ../Lab7_bsp/\libucosii_bsp.a(alt_dev.o)
 .text          0x00000000000432d4        0x0 ../Lab7_bsp/\libucosii_bsp.a(alt_errno.o)
 .text          0x00000000000432d4       0xf4 ../Lab7_bsp/\libucosii_bsp.a(alt_fstat.o)
                0x0000000000043310                fstat
 .text          0x00000000000433c8       0xe8 ../Lab7_bsp/\libucosii_bsp.a(alt_isatty.o)
                0x0000000000043404                isatty
 .text          0x00000000000434b0       0xec ../Lab7_bsp/\libucosii_bsp.a(alt_load.o)
                0x0000000000043518                alt_load
 .text          0x000000000004359c      0x118 ../Lab7_bsp/\libucosii_bsp.a(alt_lseek.o)
                0x00000000000435d8                lseek
 .text          0x00000000000436b4       0xbc ../Lab7_bsp/\libucosii_bsp.a(alt_main.o)
                0x00000000000436b4                alt_main
 .text          0x0000000000043770      0x140 ../Lab7_bsp/\libucosii_bsp.a(alt_read.o)
                0x00000000000437ac                read
 .text          0x00000000000438b0       0x84 ../Lab7_bsp/\libucosii_bsp.a(alt_release_fd.o)
                0x00000000000438b0                alt_release_fd
 .text          0x0000000000043934       0xb0 ../Lab7_bsp/\libucosii_bsp.a(alt_sbrk.o)
                0x0000000000043934                sbrk
 .text          0x00000000000439e4      0x13c ../Lab7_bsp/\libucosii_bsp.a(alt_write.o)
                0x0000000000043a20                write
 .text          0x0000000000043b20      0x124 ../Lab7_bsp/\libucosii_bsp.a(alt_env_lock.o)
                0x0000000000043b20                __env_lock
                0x0000000000043be4                __env_unlock
 .text          0x0000000000043c44      0x1ec ../Lab7_bsp/\libucosii_bsp.a(alt_malloc_lock.o)
                0x0000000000043c44                __malloc_lock
                0x0000000000043d64                __malloc_unlock
 .text          0x0000000000043e30     0x2014 ../Lab7_bsp/\libucosii_bsp.a(os_core.o)
                0x0000000000043e30                OSEventNameGet
                0x0000000000043f50                OSEventNameSet
                0x0000000000044090                OSEventPendMulti
                0x00000000000446a0                OSInit
                0x00000000000446f8                OSIntEnter
                0x0000000000044744                OSIntExit
                0x000000000004483c                OSSchedLock
                0x00000000000448c8                OSSchedUnlock
                0x00000000000449a4                OSStart
                0x0000000000044a14                OSStatInit
                0x0000000000044ac4                OSTimeTick
                0x0000000000044ce4                OSVersion
                0x0000000000044d04                OS_Dummy
                0x0000000000044d24                OS_EventTaskRdy
                0x0000000000044ebc                OS_EventTaskWait
                0x0000000000044fcc                OS_EventTaskWaitMulti
                0x000000000004511c                OS_EventTaskRemove
                0x00000000000451d4                OS_EventTaskRemoveMulti
                0x00000000000452d4                OS_EventWaitListInit
                0x00000000000456b4                OS_MemClr
                0x0000000000045708                OS_MemCopy
                0x0000000000045770                OS_Sched
                0x00000000000458b4                OS_StrCopy
                0x0000000000045928                OS_StrLen
                0x000000000004597c                OS_TaskIdle
                0x00000000000459d8                OS_TaskStat
                0x0000000000045aa4                OS_TaskStatStkChk
                0x0000000000045b70                OS_TCBInit
 .text          0x0000000000045e44      0x190 ../Lab7_bsp/\libucosii_bsp.a(os_dbg.o)
                0x0000000000045e44                OSDebugInit
 .text          0x0000000000045fd4     0x1714 ../Lab7_bsp/\libucosii_bsp.a(os_flag.o)
                0x0000000000045fd4                OSFlagAccept
                0x00000000000462dc                OSFlagCreate
                0x00000000000463e4                OSFlagDel
                0x000000000004662c                OSFlagNameGet
                0x0000000000046754                OSFlagNameSet
                0x00000000000468a0                OSFlagPend
                0x0000000000046e58                OSFlagPendGetFlagsRdy
                0x0000000000046eb8                OSFlagPost
                0x000000000004724c                OSFlagQuery
                0x0000000000047470                OS_FlagInit
                0x0000000000047644                OS_FlagUnlink
 .text          0x00000000000476e8      0x760 ../Lab7_bsp/\libucosii_bsp.a(os_mem.o)
                0x00000000000476e8                OSMemCreate
                0x00000000000478bc                OSMemGet
                0x00000000000479ac                OSMemNameGet
                0x0000000000047a9c                OSMemNameSet
                0x0000000000047bb0                OSMemPut
                0x0000000000047c88                OSMemQuery
                0x0000000000047d70                OS_MemInit
 .text          0x0000000000047e48     0x1104 ../Lab7_bsp/\libucosii_bsp.a(os_q.o)
                0x0000000000047e48                OSQAccept
                0x0000000000047f88                OSQCreate
                0x0000000000048134                OSQDel
                0x00000000000483b4                OSQFlush
                0x000000000004846c                OSQPend
                0x00000000000486f8                OSQPendAbort
                0x0000000000048864                OSQPost
                0x00000000000489cc                OSQPostFront
                0x0000000000048b3c                OSQPostOpt
                0x0000000000048d48                OSQQuery
                0x0000000000048ea4                OS_QInit
 .text          0x0000000000048f4c      0xa60 ../Lab7_bsp/\libucosii_bsp.a(os_sem.o)
                0x0000000000048f4c                OSSemAccept
                0x0000000000048ffc                OSSemCreate
                0x00000000000490d4                OSSemDel
                0x0000000000049314                OSSemPend
                0x0000000000049520                OSSemPendAbort
                0x000000000004968c                OSSemPost
                0x000000000004979c                OSSemQuery
                0x00000000000498ac                OSSemSet
 .text          0x00000000000499ac     0x176c ../Lab7_bsp/\libucosii_bsp.a(os_task.o)
                0x00000000000499ac                OSTaskChangePrio
                0x0000000000049e9c                OSTaskCreate
                0x000000000004a048                OSTaskCreateExt
                0x000000000004a22c                OSTaskDel
                0x000000000004a570                OSTaskDelReq
                0x000000000004a6c0                OSTaskNameGet
                0x000000000004a858                OSTaskNameSet
                0x000000000004aa0c                OSTaskResume
                0x000000000004abe0                OSTaskStkChk
                0x000000000004ada0                OSTaskSuspend
                0x000000000004af84                OSTaskQuery
                0x000000000004b0a8                OS_TaskStkClr
 .text          0x000000000004b118      0x510 ../Lab7_bsp/\libucosii_bsp.a(os_time.o)
                0x000000000004b118                OSTimeDly
                0x000000000004b21c                OSTimeDlyHMSM
                0x000000000004b398                OSTimeDlyResume
                0x000000000004b56c                OSTimeGet
                0x000000000004b5c8                OSTimeSet
 .text          0x000000000004b628       0xcc ../Lab7_bsp/\libucosii_bsp.a(alt_sys_init.o)
                0x000000000004b65c                alt_irq_init
                0x000000000004b694                alt_sys_init
 .text          0x000000000004b6f4      0x164 ../Lab7_bsp/\libucosii_bsp.a(altera_avalon_jtag_uart_fd.o)
                0x000000000004b6f4                altera_avalon_jtag_uart_read_fd
                0x000000000004b754                altera_avalon_jtag_uart_write_fd
                0x000000000004b7b4                altera_avalon_jtag_uart_close_fd
                0x000000000004b804                altera_avalon_jtag_uart_ioctl_fd
 .text          0x000000000004b858      0x558 ../Lab7_bsp/\libucosii_bsp.a(altera_avalon_jtag_uart_init.o)
                0x000000000004b858                altera_avalon_jtag_uart_init
                0x000000000004bd48                altera_avalon_jtag_uart_close
 .text          0x000000000004bdb0       0xf0 ../Lab7_bsp/\libucosii_bsp.a(altera_avalon_jtag_uart_ioctl.o)
                0x000000000004bdb0                altera_avalon_jtag_uart_ioctl
 .text          0x000000000004bea0      0x2bc ../Lab7_bsp/\libucosii_bsp.a(altera_avalon_jtag_uart_read.o)
                0x000000000004bea0                altera_avalon_jtag_uart_read
 .text          0x000000000004c15c      0x2c4 ../Lab7_bsp/\libucosii_bsp.a(altera_avalon_jtag_uart_write.o)
                0x000000000004c15c                altera_avalon_jtag_uart_write
 .text          0x000000000004c420       0xf4 ../Lab7_bsp/\libucosii_bsp.a(altera_avalon_timer_sc.o)
                0x000000000004c498                alt_avalon_timer_sc_init
 .text          0x000000000004c514      0x12c ../Lab7_bsp/\libucosii_bsp.a(alt_alarm_start.o)
                0x000000000004c514                alt_alarm_start
 .text          0x000000000004c640       0x20 ../Lab7_bsp/\libucosii_bsp.a(alt_dcache_flush_all.o)
                0x000000000004c640                alt_dcache_flush_all
 .text          0x000000000004c660       0xe0 ../Lab7_bsp/\libucosii_bsp.a(alt_dev_llist_insert.o)
                0x000000000004c69c                alt_dev_llist_insert
 .text          0x000000000004c740       0x60 ../Lab7_bsp/\libucosii_bsp.a(alt_do_ctors.o)
                0x000000000004c740                _do_ctors
 .text          0x000000000004c7a0       0x60 ../Lab7_bsp/\libucosii_bsp.a(alt_do_dtors.o)
                0x000000000004c7a0                _do_dtors
 .text          0x000000000004c800       0x20 ../Lab7_bsp/\libucosii_bsp.a(alt_icache_flush_all.o)
                0x000000000004c800                alt_icache_flush_all
 .text          0x000000000004c820      0x1b0 ../Lab7_bsp/\libucosii_bsp.a(alt_iic.o)
                0x000000000004c820                alt_ic_isr_register
                0x000000000004c870                alt_ic_irq_enable
                0x000000000004c8f8                alt_ic_irq_disable
                0x000000000004c984                alt_ic_irq_enabled
 .text          0x000000000004c9d0       0xf0 ../Lab7_bsp/\libucosii_bsp.a(alt_iic_isr_register.o)
                0x000000000004c9d0                alt_iic_isr_register
 .text          0x000000000004cac0      0x160 ../Lab7_bsp/\libucosii_bsp.a(alt_io_redirect.o)
                0x000000000004cba4                alt_io_redirect
 .text          0x000000000004cc20        0x0 ../Lab7_bsp/\libucosii_bsp.a(alt_irq_entry.o)
 .text          0x000000000004cc20        0x0 ../Lab7_bsp/\libucosii_bsp.a(alt_irq_handler.o)
 .text          0x000000000004cc20        0x0 ../Lab7_bsp/\libucosii_bsp.a(alt_irq_vars.o)
 .text          0x000000000004cc20      0x284 ../Lab7_bsp/\libucosii_bsp.a(alt_open.o)
                0x000000000004cd48                open
 .text          0x000000000004cea4      0x1a4 ../Lab7_bsp/\libucosii_bsp.a(alt_tick.o)
                0x000000000004cea4                alt_alarm_stop
                0x000000000004cf40                alt_tick
 .text          0x000000000004d048       0x24 ../Lab7_bsp/\libucosii_bsp.a(altera_nios2_gen2_irq.o)
                0x000000000004d048                altera_nios2_gen2_irq_init
 .text          0x000000000004d06c       0xd0 ../Lab7_bsp/\libucosii_bsp.a(os_cpu_a.o)
                0x000000000004d06c                OSCtxSw
                0x000000000004d06c                OSIntCtxSw
                0x000000000004d0f8                OSStartHighRdy
                0x000000000004d118                OSStartTsk
 .text          0x000000000004d13c      0x288 ../Lab7_bsp/\libucosii_bsp.a(os_cpu_c.o)
                0x000000000004d13c                OSTaskStkInit
                0x000000000004d298                OSTaskCreateHook
                0x000000000004d2bc                OSTaskDelHook
                0x000000000004d2e0                OSTaskSwHook
                0x000000000004d300                OSTaskStatHook
                0x000000000004d320                OSTimeTickHook
                0x000000000004d340                OSInitHookBegin
                0x000000000004d360                OSInitHookEnd
                0x000000000004d380                OSTaskIdleHook
                0x000000000004d3a0                OSTCBInitHook
 .text          0x000000000004d3c4        0x0 ../Lab7_bsp/\libucosii_bsp.a(alt_exception_entry.o)
 .text          0x000000000004d3c4       0x90 ../Lab7_bsp/\libucosii_bsp.a(alt_find_dev.o)
                0x000000000004d3c4                alt_find_dev
 .text          0x000000000004d454      0x108 ../Lab7_bsp/\libucosii_bsp.a(alt_find_file.o)
                0x000000000004d454                alt_find_file
 .text          0x000000000004d55c       0xf4 ../Lab7_bsp/\libucosii_bsp.a(alt_get_fd.o)
                0x000000000004d55c                alt_get_fd
 .text          0x000000000004d650       0x9c ../Lab7_bsp/\libucosii_bsp.a(alt_instruction_exception_entry.o)
                0x000000000004d650                alt_exception_cause_generated_bad_addr
 .text          0x000000000004d6ec        0x0 c:/intelfpga_lite/17.0/nios2eds/bin/gnu/h-x86_64-mingw32/bin/../lib/gcc/nios2-elf/5.3.0/../../../../../H-x86_64-mingw32/nios2-elf/lib/mno-hw-mul\libc.a(lib_a-atexit.o)
 .text.atexit   0x000000000004d6ec       0x14 c:/intelfpga_lite/17.0/nios2eds/bin/gnu/h-x86_64-mingw32/bin/../lib/gcc/nios2-elf/5.3.0/../../../../../H-x86_64-mingw32/nios2-elf/lib/mno-hw-mul\libc.a(lib_a-atexit.o)
                0x000000000004d6ec                atexit
 .text          0x000000000004d700        0x0 c:/intelfpga_lite/17.0/nios2eds/bin/gnu/h-x86_64-mingw32/bin/../lib/gcc/nios2-elf/5.3.0/../../../../../H-x86_64-mingw32/nios2-elf/lib/mno-hw-mul\libc.a(lib_a-exit.o)
 .text.exit     0x000000000004d700       0x38 c:/intelfpga_lite/17.0/nios2eds/bin/gnu/h-x86_64-mingw32/bin/../lib/gcc/nios2-elf/5.3.0/../../../../../H-x86_64-mingw32/nios2-elf/lib/mno-hw-mul\libc.a(lib_a-exit.o)
                0x000000000004d700                exit
 .text          0x000000000004d738        0x0 c:/intelfpga_lite/17.0/nios2eds/bin/gnu/h-x86_64-mingw32/bin/../lib/gcc/nios2-elf/5.3.0/../../../../../H-x86_64-mingw32/nios2-elf/lib/mno-hw-mul\libc.a(lib_a-memcmp.o)
 .text.memcmp   0x000000000004d738       0x7c c:/intelfpga_lite/17.0/nios2eds/bin/gnu/h-x86_64-mingw32/bin/../lib/gcc/nios2-elf/5.3.0/../../../../../H-x86_64-mingw32/nios2-elf/lib/mno-hw-mul\libc.a(lib_a-memcmp.o)
                0x000000000004d738                memcmp
 .text          0x000000000004d7b4        0x0 c:/intelfpga_lite/17.0/nios2eds/bin/gnu/h-x86_64-mingw32/bin/../lib/gcc/nios2-elf/5.3.0/../../../../../H-x86_64-mingw32/nios2-elf/lib/mno-hw-mul\libc.a(lib_a-__atexit.o)
 .text.__register_exitproc
                0x000000000004d7b4      0x118 c:/intelfpga_lite/17.0/nios2eds/bin/gnu/h-x86_64-mingw32/bin/../lib/gcc/nios2-elf/5.3.0/../../../../../H-x86_64-mingw32/nios2-elf/lib/mno-hw-mul\libc.a(lib_a-__atexit.o)
                0x000000000004d7b4                __register_exitproc
 .text          0x000000000004d8cc        0x0 c:/intelfpga_lite/17.0/nios2eds/bin/gnu/h-x86_64-mingw32/bin/../lib/gcc/nios2-elf/5.3.0/../../../../../H-x86_64-mingw32/nios2-elf/lib/mno-hw-mul\libc.a(lib_a-__call_atexit.o)
 .text.__call_exitprocs
                0x000000000004d8cc      0x180 c:/intelfpga_lite/17.0/nios2eds/bin/gnu/h-x86_64-mingw32/bin/../lib/gcc/nios2-elf/5.3.0/../../../../../H-x86_64-mingw32/nios2-elf/lib/mno-hw-mul\libc.a(lib_a-__call_atexit.o)
                0x000000000004d8cc                __call_exitprocs
 .text          0x000000000004da4c       0x34 ../Lab7_bsp/\libucosii_bsp.a(alt_exit.o)
                0x000000000004da4c                _exit
 *(.gnu.warning.*)
 *(.fini)
                [!provide]                        PROVIDE (__etext, ABSOLUTE (.))
                [!provide]                        PROVIDE (_etext, ABSOLUTE (.))
                [!provide]                        PROVIDE (etext, ABSOLUTE (.))
 *(.eh_frame_hdr)
                0x000000000004da80                . = ALIGN (0x4)
                [!provide]                        PROVIDE (__preinit_array_start, ABSOLUTE (.))
 *(.preinit_array)
                [!provide]                        PROVIDE (__preinit_array_end, ABSOLUTE (.))
                [!provide]                        PROVIDE (__init_array_start, ABSOLUTE (.))
 *(.init_array)
                [!provide]                        PROVIDE (__init_array_end, ABSOLUTE (.))
                [!provide]                        PROVIDE (__fini_array_start, ABSOLUTE (.))
 *(.fini_array)
                [!provide]                        PROVIDE (__fini_array_end, ABSOLUTE (.))
 *(.eh_frame)
 *(.gcc_except_table .gcc_except_table.*)
 *(.dynamic)
                0x000000000004da80                PROVIDE (__CTOR_LIST__, ABSOLUTE (.))
 *(.ctors)
 *(SORT(.ctors.*))
                0x000000000004da80                PROVIDE (__CTOR_END__, ABSOLUTE (.))
                0x000000000004da80                PROVIDE (__DTOR_LIST__, ABSOLUTE (.))
 *(.dtors)
 *(SORT(.dtors.*))
                0x000000000004da80                PROVIDE (__DTOR_END__, ABSOLUTE (.))
 *(.jcr)
                0x000000000004da80                . = ALIGN (0x4)

.rodata         0x000000000004da80      0x180
                0x000000000004da80                PROVIDE (__ram_rodata_start, ABSOLUTE (.))
                0x000000000004da80                . = ALIGN (0x4)
 *(.rodata .rodata.* .gnu.linkonce.r.*)
 .rodata        0x000000000004da80       0x25 obj/default/hello_ucosii.o
 *fill*         0x000000000004daa5        0x3 
 .rodata.str1.4
                0x000000000004daa8        0x2 c:/intelfpga_lite/17.0/nios2eds/bin/gnu/h-x86_64-mingw32/bin/../lib/gcc/nios2-elf/5.3.0/../../../../../H-x86_64-mingw32/nios2-elf/lib/mno-hw-mul\libc.a(lib_a-puts.o)
 *fill*         0x000000000004daaa        0x2 
 .rodata.str1.4
                0x000000000004daac        0x4 c:/intelfpga_lite/17.0/nios2eds/bin/gnu/h-x86_64-mingw32/bin/../lib/gcc/nios2-elf/5.3.0/../../../../../H-x86_64-mingw32/nios2-elf/lib/mno-hw-mul\libc.a(lib_a-impure.o)
                                          0x2 (size before relaxing)
 .rodata        0x000000000004dab0        0xa ../Lab7_bsp/\libucosii_bsp.a(alt_dev.o)
 *fill*         0x000000000004daba        0x2 
 .rodata        0x000000000004dabc        0xf ../Lab7_bsp/\libucosii_bsp.a(alt_main.o)
 *fill*         0x000000000004dacb        0x1 
 .rodata        0x000000000004dacc      0x11e ../Lab7_bsp/\libucosii_bsp.a(os_core.o)
                0x000000000004dacc                OSUnMapTbl
 *fill*         0x000000000004dbea        0x2 
 .rodata        0x000000000004dbec        0xf ../Lab7_bsp/\libucosii_bsp.a(alt_sys_init.o)
 *fill*         0x000000000004dbfb        0x1 
 .rodata        0x000000000004dbfc        0x2 ../Lab7_bsp/\libucosii_bsp.a(os_cpu_c.o)
 *(.rodata1)
                0x000000000004dc00                . = ALIGN (0x4)
 *fill*         0x000000000004dbfe        0x2 
                0x000000000004dc00                PROVIDE (__ram_rodata_end, ABSOLUTE (.))
                0x000000000004da80                PROVIDE (__flash_rodata_start, LOADADDR (.rodata))

.rwdata         0x000000000004dc00     0x1af4 load address 0x000000000004f6f4
                0x000000000004dc00                PROVIDE (__ram_rwdata_start, ABSOLUTE (.))
                0x000000000004dc00                . = ALIGN (0x4)
 *(.got.plt)
 *(.got)
 *(.data1)
 *(.data .data.* .gnu.linkonce.d.*)
 .data          0x000000000004dc00        0x0 ../Lab7_bsp//obj/HAL/src/crt0.o
 .data          0x000000000004dc00        0x0 obj/default/hello_ucosii.o
 .data          0x000000000004dc00        0x0 c:/intelfpga_lite/17.0/nios2eds/bin/gnu/h-x86_64-mingw32/bin/../lib/gcc/nios2-elf/5.3.0/../../../../../H-x86_64-mingw32/nios2-elf/lib/mno-hw-mul\libc.a(lib_a-puts.o)
 .data          0x000000000004dc00        0x0 c:/intelfpga_lite/17.0/nios2eds/bin/gnu/h-x86_64-mingw32/bin/../lib/gcc/nios2-elf/5.3.0/../../../../../H-x86_64-mingw32/nios2-elf/lib/mno-hw-mul\libc.a(lib_a-strlen.o)
 .data          0x000000000004dc00        0x0 c:/intelfpga_lite/17.0/nios2eds/bin/gnu/h-x86_64-mingw32/bin/../lib/gcc/nios2-elf/5.3.0/../../../../../H-x86_64-mingw32/nios2-elf/lib/mno-hw-mul\libc.a(lib_a-findfp.o)
 .data          0x000000000004dc00        0x0 c:/intelfpga_lite/17.0/nios2eds/bin/gnu/h-x86_64-mingw32/bin/../lib/gcc/nios2-elf/5.3.0/../../../../../H-x86_64-mingw32/nios2-elf/lib/mno-hw-mul\libc.a(lib_a-fvwrite.o)
 .data          0x000000000004dc00        0x0 c:/intelfpga_lite/17.0/nios2eds/bin/gnu/h-x86_64-mingw32/bin/../lib/gcc/nios2-elf/5.3.0/../../../../../H-x86_64-mingw32/nios2-elf/lib/mno-hw-mul\libc.a(lib_a-fwalk.o)
 .data          0x000000000004dc00        0x0 c:/intelfpga_lite/17.0/nios2eds/bin/gnu/h-x86_64-mingw32/bin/../lib/gcc/nios2-elf/5.3.0/../../../../../H-x86_64-mingw32/nios2-elf/lib/mno-hw-mul\libc.a(lib_a-impure.o)
 .data.impure_data
                0x000000000004dc00      0x424 c:/intelfpga_lite/17.0/nios2eds/bin/gnu/h-x86_64-mingw32/bin/../lib/gcc/nios2-elf/5.3.0/../../../../../H-x86_64-mingw32/nios2-elf/lib/mno-hw-mul\libc.a(lib_a-impure.o)
 .data          0x000000000004e024        0x0 c:/intelfpga_lite/17.0/nios2eds/bin/gnu/h-x86_64-mingw32/bin/../lib/gcc/nios2-elf/5.3.0/../../../../../H-x86_64-mingw32/nios2-elf/lib/mno-hw-mul\libc.a(lib_a-mallocr.o)
 .data.__malloc_av_
                0x000000000004e024      0x408 c:/intelfpga_lite/17.0/nios2eds/bin/gnu/h-x86_64-mingw32/bin/../lib/gcc/nios2-elf/5.3.0/../../../../../H-x86_64-mingw32/nios2-elf/lib/mno-hw-mul\libc.a(lib_a-mallocr.o)
                0x000000000004e024                __malloc_av_
 .data          0x000000000004e42c        0x0 c:/intelfpga_lite/17.0/nios2eds/bin/gnu/h-x86_64-mingw32/bin/../lib/gcc/nios2-elf/5.3.0/../../../../../H-x86_64-mingw32/nios2-elf/lib/mno-hw-mul\libc.a(lib_a-memchr.o)
 .data          0x000000000004e42c        0x0 c:/intelfpga_lite/17.0/nios2eds/bin/gnu/h-x86_64-mingw32/bin/../lib/gcc/nios2-elf/5.3.0/../../../../../H-x86_64-mingw32/nios2-elf/lib/mno-hw-mul\libc.a(lib_a-memcpy.o)
 .data          0x000000000004e42c        0x0 c:/intelfpga_lite/17.0/nios2eds/bin/gnu/h-x86_64-mingw32/bin/../lib/gcc/nios2-elf/5.3.0/../../../../../H-x86_64-mingw32/nios2-elf/lib/mno-hw-mul\libc.a(lib_a-memmove.o)
 .data          0x000000000004e42c        0x0 c:/intelfpga_lite/17.0/nios2eds/bin/gnu/h-x86_64-mingw32/bin/../lib/gcc/nios2-elf/5.3.0/../../../../../H-x86_64-mingw32/nios2-elf/lib/mno-hw-mul\libc.a(lib_a-memset.o)
 .data          0x000000000004e42c        0x0 c:/intelfpga_lite/17.0/nios2eds/bin/gnu/h-x86_64-mingw32/bin/../lib/gcc/nios2-elf/5.3.0/../../../../../H-x86_64-mingw32/nios2-elf/lib/mno-hw-mul\libc.a(lib_a-reallocr.o)
 .data          0x000000000004e42c        0x0 c:/intelfpga_lite/17.0/nios2eds/bin/gnu/h-x86_64-mingw32/bin/../lib/gcc/nios2-elf/5.3.0/../../../../../H-x86_64-mingw32/nios2-elf/lib/mno-hw-mul\libc.a(lib_a-sbrkr.o)
 .data          0x000000000004e42c        0x0 c:/intelfpga_lite/17.0/nios2eds/bin/gnu/h-x86_64-mingw32/bin/../lib/gcc/nios2-elf/5.3.0/../../../../../H-x86_64-mingw32/nios2-elf/lib/mno-hw-mul\libc.a(lib_a-stdio.o)
 .data          0x000000000004e42c        0x0 c:/intelfpga_lite/17.0/nios2eds/bin/gnu/h-x86_64-mingw32/bin/../lib/gcc/nios2-elf/5.3.0/../../../../../H-x86_64-mingw32/nios2-elf/lib/mno-hw-mul\libc.a(lib_a-writer.o)
 .data          0x000000000004e42c        0x0 c:/intelfpga_lite/17.0/nios2eds/bin/gnu/h-x86_64-mingw32/bin/../lib/gcc/nios2-elf/5.3.0/../../../../../H-x86_64-mingw32/nios2-elf/lib/mno-hw-mul\libc.a(lib_a-wsetup.o)
 .data          0x000000000004e42c        0x0 c:/intelfpga_lite/17.0/nios2eds/bin/gnu/h-x86_64-mingw32/bin/../lib/gcc/nios2-elf/5.3.0/../../../../../H-x86_64-mingw32/nios2-elf/lib/mno-hw-mul\libc.a(closer.o)
 .data          0x000000000004e42c        0x0 c:/intelfpga_lite/17.0/nios2eds/bin/gnu/h-x86_64-mingw32/bin/../lib/gcc/nios2-elf/5.3.0/../../../../../H-x86_64-mingw32/nios2-elf/lib/mno-hw-mul\libc.a(lib_a-fclose.o)
 .data          0x000000000004e42c        0x0 c:/intelfpga_lite/17.0/nios2eds/bin/gnu/h-x86_64-mingw32/bin/../lib/gcc/nios2-elf/5.3.0/../../../../../H-x86_64-mingw32/nios2-elf/lib/mno-hw-mul\libc.a(lib_a-fflush.o)
 .data          0x000000000004e42c        0x0 c:/intelfpga_lite/17.0/nios2eds/bin/gnu/h-x86_64-mingw32/bin/../lib/gcc/nios2-elf/5.3.0/../../../../../H-x86_64-mingw32/nios2-elf/lib/mno-hw-mul\libc.a(lib_a-freer.o)
 .data          0x000000000004e42c        0x0 c:/intelfpga_lite/17.0/nios2eds/bin/gnu/h-x86_64-mingw32/bin/../lib/gcc/nios2-elf/5.3.0/../../../../../H-x86_64-mingw32/nios2-elf/lib/mno-hw-mul\libc.a(lib_a-int_errno.o)
 .data          0x000000000004e42c        0x0 c:/intelfpga_lite/17.0/nios2eds/bin/gnu/h-x86_64-mingw32/bin/../lib/gcc/nios2-elf/5.3.0/../../../../../H-x86_64-mingw32/nios2-elf/lib/mno-hw-mul\libc.a(lib_a-lseekr.o)
 .data          0x000000000004e42c        0x0 c:/intelfpga_lite/17.0/nios2eds/bin/gnu/h-x86_64-mingw32/bin/../lib/gcc/nios2-elf/5.3.0/../../../../../H-x86_64-mingw32/nios2-elf/lib/mno-hw-mul\libc.a(lib_a-makebuf.o)
 .data          0x000000000004e42c        0x0 c:/intelfpga_lite/17.0/nios2eds/bin/gnu/h-x86_64-mingw32/bin/../lib/gcc/nios2-elf/5.3.0/../../../../../H-x86_64-mingw32/nios2-elf/lib/mno-hw-mul\libc.a(lib_a-readr.o)
 .data          0x000000000004e42c        0x0 c:/intelfpga_lite/17.0/nios2eds/bin/gnu/h-x86_64-mingw32/bin/../lib/gcc/nios2-elf/5.3.0/../../../../../H-x86_64-mingw32/nios2-elf/lib/mno-hw-mul\libc.a(lib_a-fstatr.o)
 .data          0x000000000004e42c        0x0 c:/intelfpga_lite/17.0/nios2eds/bin/gnu/h-x86_64-mingw32/bin/../lib/gcc/nios2-elf/5.3.0/../../../../../H-x86_64-mingw32/nios2-elf/lib/mno-hw-mul\libc.a(lib_a-isattyr.o)
 .data          0x000000000004e42c        0x0 c:/intelfpga_lite/17.0/nios2eds/bin/gnu/h-x86_64-mingw32/bin/../lib/gcc/nios2-elf/5.3.0/mno-hw-mul\libgcc.a(lib2-divmod.o)
 .data          0x000000000004e42c        0x0 c:/intelfpga_lite/17.0/nios2eds/bin/gnu/h-x86_64-mingw32/bin/../lib/gcc/nios2-elf/5.3.0/mno-hw-mul\libgcc.a(lib2-mul.o)
 .data          0x000000000004e42c        0x0 ../Lab7_bsp/\libucosii_bsp.a(alt_close.o)
 .data          0x000000000004e42c      0x1a8 ../Lab7_bsp/\libucosii_bsp.a(alt_dev.o)
                0x000000000004e42c                alt_dev_null
                0x000000000004e454                alt_fd_list
 .data          0x000000000004e5d4        0x0 ../Lab7_bsp/\libucosii_bsp.a(alt_errno.o)
 .data          0x000000000004e5d4        0x0 ../Lab7_bsp/\libucosii_bsp.a(alt_fstat.o)
 .data          0x000000000004e5d4        0x0 ../Lab7_bsp/\libucosii_bsp.a(alt_isatty.o)
 .data          0x000000000004e5d4        0x0 ../Lab7_bsp/\libucosii_bsp.a(alt_load.o)
 .data          0x000000000004e5d4        0x0 ../Lab7_bsp/\libucosii_bsp.a(alt_lseek.o)
 .data          0x000000000004e5d4        0x0 ../Lab7_bsp/\libucosii_bsp.a(alt_main.o)
 .data          0x000000000004e5d4        0x0 ../Lab7_bsp/\libucosii_bsp.a(alt_read.o)
 .data          0x000000000004e5d4        0x0 ../Lab7_bsp/\libucosii_bsp.a(alt_release_fd.o)
 .data          0x000000000004e5d4        0x0 ../Lab7_bsp/\libucosii_bsp.a(alt_sbrk.o)
 .data          0x000000000004e5d4        0x0 ../Lab7_bsp/\libucosii_bsp.a(alt_write.o)
 .data          0x000000000004e5d4        0x0 ../Lab7_bsp/\libucosii_bsp.a(alt_env_lock.o)
 .data          0x000000000004e5d4        0x0 ../Lab7_bsp/\libucosii_bsp.a(alt_malloc_lock.o)
 .data          0x000000000004e5d4        0x0 ../Lab7_bsp/\libucosii_bsp.a(os_core.o)
 .data          0x000000000004e5d4        0x0 ../Lab7_bsp/\libucosii_bsp.a(os_dbg.o)
 .data          0x000000000004e5d4        0x0 ../Lab7_bsp/\libucosii_bsp.a(os_flag.o)
 .data          0x000000000004e5d4        0x0 ../Lab7_bsp/\libucosii_bsp.a(os_mem.o)
 .data          0x000000000004e5d4        0x0 ../Lab7_bsp/\libucosii_bsp.a(os_q.o)
 .data          0x000000000004e5d4        0x0 ../Lab7_bsp/\libucosii_bsp.a(os_sem.o)
 .data          0x000000000004e5d4        0x0 ../Lab7_bsp/\libucosii_bsp.a(os_task.o)
 .data          0x000000000004e5d4        0x0 ../Lab7_bsp/\libucosii_bsp.a(os_time.o)
 .data          0x000000000004e5d4     0x106c ../Lab7_bsp/\libucosii_bsp.a(alt_sys_init.o)
 .data          0x000000000004f640        0x0 ../Lab7_bsp/\libucosii_bsp.a(altera_avalon_jtag_uart_fd.o)
 .data          0x000000000004f640        0x0 ../Lab7_bsp/\libucosii_bsp.a(altera_avalon_jtag_uart_init.o)
 .data          0x000000000004f640        0x0 ../Lab7_bsp/\libucosii_bsp.a(altera_avalon_jtag_uart_ioctl.o)
 .data          0x000000000004f640        0x0 ../Lab7_bsp/\libucosii_bsp.a(altera_avalon_jtag_uart_read.o)
 .data          0x000000000004f640        0x0 ../Lab7_bsp/\libucosii_bsp.a(altera_avalon_jtag_uart_write.o)
 .data          0x000000000004f640        0x0 ../Lab7_bsp/\libucosii_bsp.a(altera_avalon_timer_sc.o)
 .data          0x000000000004f640        0x0 ../Lab7_bsp/\libucosii_bsp.a(alt_alarm_start.o)
 .data          0x000000000004f640        0x0 ../Lab7_bsp/\libucosii_bsp.a(alt_dcache_flush_all.o)
 .data          0x000000000004f640        0x0 ../Lab7_bsp/\libucosii_bsp.a(alt_dev_llist_insert.o)
 .data          0x000000000004f640        0x0 ../Lab7_bsp/\libucosii_bsp.a(alt_do_ctors.o)
 .data          0x000000000004f640        0x0 ../Lab7_bsp/\libucosii_bsp.a(alt_do_dtors.o)
 .data          0x000000000004f640        0x0 ../Lab7_bsp/\libucosii_bsp.a(alt_icache_flush_all.o)
 .data          0x000000000004f640        0x0 ../Lab7_bsp/\libucosii_bsp.a(alt_iic.o)
 .data          0x000000000004f640        0x0 ../Lab7_bsp/\libucosii_bsp.a(alt_iic_isr_register.o)
 .data          0x000000000004f640        0x0 ../Lab7_bsp/\libucosii_bsp.a(alt_io_redirect.o)
 .data          0x000000000004f640        0x0 ../Lab7_bsp/\libucosii_bsp.a(alt_irq_entry.o)
 .data          0x000000000004f640        0x0 ../Lab7_bsp/\libucosii_bsp.a(alt_irq_handler.o)
 .data          0x000000000004f640        0x0 ../Lab7_bsp/\libucosii_bsp.a(alt_irq_vars.o)
 .data          0x000000000004f640        0x0 ../Lab7_bsp/\libucosii_bsp.a(alt_open.o)
 .data          0x000000000004f640        0x0 ../Lab7_bsp/\libucosii_bsp.a(alt_tick.o)
 .data          0x000000000004f640        0x0 ../Lab7_bsp/\libucosii_bsp.a(altera_nios2_gen2_irq.o)
 .data          0x000000000004f640        0x0 ../Lab7_bsp/\libucosii_bsp.a(os_cpu_a.o)
 .data          0x000000000004f640        0x0 ../Lab7_bsp/\libucosii_bsp.a(os_cpu_c.o)
 .data          0x000000000004f640        0x0 ../Lab7_bsp/\libucosii_bsp.a(alt_exception_entry.o)
 .data          0x000000000004f640        0x0 ../Lab7_bsp/\libucosii_bsp.a(alt_find_dev.o)
 .data          0x000000000004f640        0x0 ../Lab7_bsp/\libucosii_bsp.a(alt_find_file.o)
 .data          0x000000000004f640        0x0 ../Lab7_bsp/\libucosii_bsp.a(alt_get_fd.o)
 .data          0x000000000004f640        0x0 ../Lab7_bsp/\libucosii_bsp.a(alt_instruction_exception_entry.o)
 .data          0x000000000004f640        0x0 c:/intelfpga_lite/17.0/nios2eds/bin/gnu/h-x86_64-mingw32/bin/../lib/gcc/nios2-elf/5.3.0/../../../../../H-x86_64-mingw32/nios2-elf/lib/mno-hw-mul\libc.a(lib_a-atexit.o)
 .data          0x000000000004f640        0x0 c:/intelfpga_lite/17.0/nios2eds/bin/gnu/h-x86_64-mingw32/bin/../lib/gcc/nios2-elf/5.3.0/../../../../../H-x86_64-mingw32/nios2-elf/lib/mno-hw-mul\libc.a(lib_a-exit.o)
 .data          0x000000000004f640        0x0 c:/intelfpga_lite/17.0/nios2eds/bin/gnu/h-x86_64-mingw32/bin/../lib/gcc/nios2-elf/5.3.0/../../../../../H-x86_64-mingw32/nios2-elf/lib/mno-hw-mul\libc.a(lib_a-memcmp.o)
 .data          0x000000000004f640        0x0 c:/intelfpga_lite/17.0/nios2eds/bin/gnu/h-x86_64-mingw32/bin/../lib/gcc/nios2-elf/5.3.0/../../../../../H-x86_64-mingw32/nios2-elf/lib/mno-hw-mul\libc.a(lib_a-__atexit.o)
 .data          0x000000000004f640        0x0 c:/intelfpga_lite/17.0/nios2eds/bin/gnu/h-x86_64-mingw32/bin/../lib/gcc/nios2-elf/5.3.0/../../../../../H-x86_64-mingw32/nios2-elf/lib/mno-hw-mul\libc.a(lib_a-__call_atexit.o)
 .data          0x000000000004f640        0x0 ../Lab7_bsp/\libucosii_bsp.a(alt_exit.o)
                0x0000000000057640                _gp = ABSOLUTE ((. + 0x8000))
                [!provide]                        PROVIDE (gp, _gp)
 *(.rwdata .rwdata.*)
 *(.sdata .sdata.* .gnu.linkonce.s.*)
 .sdata._global_impure_ptr
                0x000000000004f640        0x4 c:/intelfpga_lite/17.0/nios2eds/bin/gnu/h-x86_64-mingw32/bin/../lib/gcc/nios2-elf/5.3.0/../../../../../H-x86_64-mingw32/nios2-elf/lib/mno-hw-mul\libc.a(lib_a-impure.o)
                0x000000000004f640                _global_impure_ptr
 .sdata._impure_ptr
                0x000000000004f644        0x4 c:/intelfpga_lite/17.0/nios2eds/bin/gnu/h-x86_64-mingw32/bin/../lib/gcc/nios2-elf/5.3.0/../../../../../H-x86_64-mingw32/nios2-elf/lib/mno-hw-mul\libc.a(lib_a-impure.o)
                0x000000000004f644                _impure_ptr
 .sdata.__malloc_sbrk_base
                0x000000000004f648        0x4 c:/intelfpga_lite/17.0/nios2eds/bin/gnu/h-x86_64-mingw32/bin/../lib/gcc/nios2-elf/5.3.0/../../../../../H-x86_64-mingw32/nios2-elf/lib/mno-hw-mul\libc.a(lib_a-mallocr.o)
                0x000000000004f648                __malloc_sbrk_base
 .sdata.__malloc_trim_threshold
                0x000000000004f64c        0x4 c:/intelfpga_lite/17.0/nios2eds/bin/gnu/h-x86_64-mingw32/bin/../lib/gcc/nios2-elf/5.3.0/../../../../../H-x86_64-mingw32/nios2-elf/lib/mno-hw-mul\libc.a(lib_a-mallocr.o)
                0x000000000004f64c                __malloc_trim_threshold
 .sdata         0x000000000004f650       0x14 ../Lab7_bsp/\libucosii_bsp.a(alt_dev.o)
                0x000000000004f650                alt_fs_list
                0x000000000004f658                alt_dev_list
                0x000000000004f660                alt_max_fd
 .sdata         0x000000000004f664        0x4 ../Lab7_bsp/\libucosii_bsp.a(alt_errno.o)
                0x000000000004f664                alt_errno
 .sdata         0x000000000004f668        0x4 ../Lab7_bsp/\libucosii_bsp.a(alt_sbrk.o)
 .sdata         0x000000000004f66c        0x4 ../Lab7_bsp/\libucosii_bsp.a(alt_env_lock.o)
 .sdata         0x000000000004f670        0x4 ../Lab7_bsp/\libucosii_bsp.a(alt_malloc_lock.o)
 .sdata         0x000000000004f674       0x72 ../Lab7_bsp/\libucosii_bsp.a(os_dbg.o)
                0x000000000004f674                OSDebugEn
                0x000000000004f678                OSEndiannessTest
                0x000000000004f67c                OSEventEn
                0x000000000004f67e                OSEventMax
                0x000000000004f680                OSEventNameSize
                0x000000000004f682                OSEventSize
                0x000000000004f684                OSEventTblSize
                0x000000000004f686                OSEventMultiEn
                0x000000000004f688                OSFlagEn
                0x000000000004f68a                OSFlagGrpSize
                0x000000000004f68c                OSFlagNodeSize
                0x000000000004f68e                OSFlagWidth
                0x000000000004f690                OSFlagMax
                0x000000000004f692                OSFlagNameSize
                0x000000000004f694                OSLowestPrio
                0x000000000004f696                OSMboxEn
                0x000000000004f698                OSMemEn
                0x000000000004f69a                OSMemMax
                0x000000000004f69c                OSMemNameSize
                0x000000000004f69e                OSMemSize
                0x000000000004f6a0                OSMemTblSize
                0x000000000004f6a2                OSMutexEn
                0x000000000004f6a4                OSPtrSize
                0x000000000004f6a6                OSQEn
                0x000000000004f6a8                OSQMax
                0x000000000004f6aa                OSQSize
                0x000000000004f6ac                OSRdyTblSize
                0x000000000004f6ae                OSSemEn
                0x000000000004f6b0                OSStkWidth
                0x000000000004f6b2                OSTaskCreateEn
                0x000000000004f6b4                OSTaskCreateExtEn
                0x000000000004f6b6                OSTaskDelEn
                0x000000000004f6b8                OSTaskIdleStkSize
                0x000000000004f6ba                OSTaskProfileEn
                0x000000000004f6bc                OSTaskMax
                0x000000000004f6be                OSTaskNameSize
                0x000000000004f6c0                OSTaskStatEn
                0x000000000004f6c2                OSTaskStatStkSize
                0x000000000004f6c4                OSTaskStatStkChkEn
                0x000000000004f6c6                OSTaskSwHookEn
                0x000000000004f6c8                OSTCBPrioTblMax
                0x000000000004f6ca                OSTCBSize
                0x000000000004f6cc                OSTicksPerSec
                0x000000000004f6ce                OSTimeTickHookEn
                0x000000000004f6d0                OSVersionNbr
                0x000000000004f6d2                OSTmrEn
                0x000000000004f6d4                OSTmrCfgMax
                0x000000000004f6d6                OSTmrCfgNameSize
                0x000000000004f6d8                OSTmrCfgWheelSize
                0x000000000004f6da                OSTmrCfgTicksPerSec
                0x000000000004f6dc                OSTmrSize
                0x000000000004f6de                OSTmrTblSize
                0x000000000004f6e0                OSTmrWheelSize
                0x000000000004f6e2                OSTmrWheelTblSize
                0x000000000004f6e4                OSDataSize
 *fill*         0x000000000004f6e6        0x2 
 .sdata         0x000000000004f6e8        0x4 ../Lab7_bsp/\libucosii_bsp.a(alt_irq_vars.o)
                0x000000000004f6e8                alt_priority_mask
 .sdata         0x000000000004f6ec        0x8 ../Lab7_bsp/\libucosii_bsp.a(alt_tick.o)
                0x000000000004f6ec                alt_alarm_list
 *(.sdata2 .sdata2.* .gnu.linkonce.s2.*)
                0x000000000004f6f4                . = ALIGN (0x4)
                0x000000000004f6f4                _edata = ABSOLUTE (.)
                [!provide]                        PROVIDE (edata, ABSOLUTE (.))
                0x000000000004f6f4                PROVIDE (__ram_rwdata_end, ABSOLUTE (.))
                0x000000000004f6f4                PROVIDE (__flash_rwdata_start, LOADADDR (.rwdata))

.bss            0x00000000000511e8     0x73dc
                0x00000000000511e8                __bss_start = ABSOLUTE (.)
                [!provide]                        PROVIDE (__sbss_start, ABSOLUTE (.))
                [!provide]                        PROVIDE (___sbss_start, ABSOLUTE (.))
 *(.dynsbss)
 *(.sbss .sbss.* .gnu.linkonce.sb.*)
 .sbss.__malloc_max_total_mem
                0x00000000000511e8        0x4 c:/intelfpga_lite/17.0/nios2eds/bin/gnu/h-x86_64-mingw32/bin/../lib/gcc/nios2-elf/5.3.0/../../../../../H-x86_64-mingw32/nios2-elf/lib/mno-hw-mul\libc.a(lib_a-mallocr.o)
                0x00000000000511e8                __malloc_max_total_mem
 .sbss.__malloc_max_sbrked_mem
                0x00000000000511ec        0x4 c:/intelfpga_lite/17.0/nios2eds/bin/gnu/h-x86_64-mingw32/bin/../lib/gcc/nios2-elf/5.3.0/../../../../../H-x86_64-mingw32/nios2-elf/lib/mno-hw-mul\libc.a(lib_a-mallocr.o)
                0x00000000000511ec                __malloc_max_sbrked_mem
 .sbss.__malloc_top_pad
                0x00000000000511f0        0x4 c:/intelfpga_lite/17.0/nios2eds/bin/gnu/h-x86_64-mingw32/bin/../lib/gcc/nios2-elf/5.3.0/../../../../../H-x86_64-mingw32/nios2-elf/lib/mno-hw-mul\libc.a(lib_a-mallocr.o)
                0x00000000000511f0                __malloc_top_pad
 .sbss          0x00000000000511f4        0x4 c:/intelfpga_lite/17.0/nios2eds/bin/gnu/h-x86_64-mingw32/bin/../lib/gcc/nios2-elf/5.3.0/../../../../../H-x86_64-mingw32/nios2-elf/lib/mno-hw-mul\libc.a(lib_a-int_errno.o)
                0x00000000000511f4                errno
 .sbss          0x00000000000511f8        0x4 ../Lab7_bsp/\libucosii_bsp.a(alt_dev.o)
                0x00000000000511f8                alt_fd_list_lock
 .sbss          0x00000000000511fc        0xc ../Lab7_bsp/\libucosii_bsp.a(alt_main.o)
                0x00000000000511fc                alt_argc
                0x0000000000051200                alt_argv
                0x0000000000051204                alt_envp
 .sbss          0x0000000000051208        0x8 ../Lab7_bsp/\libucosii_bsp.a(alt_env_lock.o)
                0x000000000005120c                alt_envsem
 .sbss          0x0000000000051210        0x8 ../Lab7_bsp/\libucosii_bsp.a(alt_malloc_lock.o)
                0x0000000000051214                alt_heapsem
 .sbss          0x0000000000051218       0x50 ../Lab7_bsp/\libucosii_bsp.a(os_core.o)
                0x0000000000051218                OSLockNesting
                0x0000000000051219                OSRunning
                0x000000000005121c                OSIdleCtr
                0x0000000000051220                OSPrioHighRdy
                0x0000000000051221                OSPrioCur
                0x0000000000051224                OSTCBList
                0x0000000000051228                OSTickStepState
                0x000000000005122c                OSCtxSwCtr
                0x0000000000051230                OSIdleCtrMax
                0x0000000000051234                OSTCBFreeList
                0x0000000000051238                OSCPUUsage
                0x0000000000051239                OSTaskCtr
                0x000000000005123c                OSMemFreeList
                0x0000000000051240                OSTCBHighRdy
                0x0000000000051244                OSQFreeList
                0x0000000000051248                OSRdyGrp
                0x0000000000051249                OSRdyTbl
                0x000000000005124c                OSEventFreeList
                0x0000000000051250                OSIntNesting
                0x0000000000051254                OSTCBCur
                0x0000000000051258                OSTime
                0x000000000005125c                OSFlagFreeList
                0x0000000000051260                OSStatRdy
                0x0000000000051264                OSIdleCtrRun
 .sbss          0x0000000000051268        0x4 ../Lab7_bsp/\libucosii_bsp.a(alt_irq_vars.o)
                0x0000000000051268                alt_irq_active
 .sbss          0x000000000005126c        0x8 ../Lab7_bsp/\libucosii_bsp.a(alt_tick.o)
                0x000000000005126c                _alt_tick_rate
                0x0000000000051270                _alt_nticks
 .sbss          0x0000000000051274        0x4 ../Lab7_bsp/\libucosii_bsp.a(alt_instruction_exception_entry.o)
                0x0000000000051274                alt_instruction_exception_handler
 *(.sbss2 .sbss2.* .gnu.linkonce.sb2.*)
 *(.scommon)
                [!provide]                        PROVIDE (__sbss_end, ABSOLUTE (.))
                [!provide]                        PROVIDE (___sbss_end, ABSOLUTE (.))
 *(.dynbss)
 *(.bss .bss.* .gnu.linkonce.b.*)
 .bss           0x0000000000051278        0x0 ../Lab7_bsp//obj/HAL/src/crt0.o
 .bss           0x0000000000051278        0x0 obj/default/hello_ucosii.o
 .bss           0x0000000000051278        0x0 c:/intelfpga_lite/17.0/nios2eds/bin/gnu/h-x86_64-mingw32/bin/../lib/gcc/nios2-elf/5.3.0/../../../../../H-x86_64-mingw32/nios2-elf/lib/mno-hw-mul\libc.a(lib_a-puts.o)
 .bss           0x0000000000051278        0x0 c:/intelfpga_lite/17.0/nios2eds/bin/gnu/h-x86_64-mingw32/bin/../lib/gcc/nios2-elf/5.3.0/../../../../../H-x86_64-mingw32/nios2-elf/lib/mno-hw-mul\libc.a(lib_a-strlen.o)
 .bss           0x0000000000051278        0x0 c:/intelfpga_lite/17.0/nios2eds/bin/gnu/h-x86_64-mingw32/bin/../lib/gcc/nios2-elf/5.3.0/../../../../../H-x86_64-mingw32/nios2-elf/lib/mno-hw-mul\libc.a(lib_a-findfp.o)
 .bss           0x0000000000051278        0x0 c:/intelfpga_lite/17.0/nios2eds/bin/gnu/h-x86_64-mingw32/bin/../lib/gcc/nios2-elf/5.3.0/../../../../../H-x86_64-mingw32/nios2-elf/lib/mno-hw-mul\libc.a(lib_a-fvwrite.o)
 .bss           0x0000000000051278        0x0 c:/intelfpga_lite/17.0/nios2eds/bin/gnu/h-x86_64-mingw32/bin/../lib/gcc/nios2-elf/5.3.0/../../../../../H-x86_64-mingw32/nios2-elf/lib/mno-hw-mul\libc.a(lib_a-fwalk.o)
 .bss           0x0000000000051278        0x0 c:/intelfpga_lite/17.0/nios2eds/bin/gnu/h-x86_64-mingw32/bin/../lib/gcc/nios2-elf/5.3.0/../../../../../H-x86_64-mingw32/nios2-elf/lib/mno-hw-mul\libc.a(lib_a-impure.o)
 .bss           0x0000000000051278        0x0 c:/intelfpga_lite/17.0/nios2eds/bin/gnu/h-x86_64-mingw32/bin/../lib/gcc/nios2-elf/5.3.0/../../../../../H-x86_64-mingw32/nios2-elf/lib/mno-hw-mul\libc.a(lib_a-mallocr.o)
 .bss.__malloc_current_mallinfo
                0x0000000000051278       0x28 c:/intelfpga_lite/17.0/nios2eds/bin/gnu/h-x86_64-mingw32/bin/../lib/gcc/nios2-elf/5.3.0/../../../../../H-x86_64-mingw32/nios2-elf/lib/mno-hw-mul\libc.a(lib_a-mallocr.o)
                0x0000000000051278                __malloc_current_mallinfo
 .bss           0x00000000000512a0        0x0 c:/intelfpga_lite/17.0/nios2eds/bin/gnu/h-x86_64-mingw32/bin/../lib/gcc/nios2-elf/5.3.0/../../../../../H-x86_64-mingw32/nios2-elf/lib/mno-hw-mul\libc.a(lib_a-memchr.o)
 .bss           0x00000000000512a0        0x0 c:/intelfpga_lite/17.0/nios2eds/bin/gnu/h-x86_64-mingw32/bin/../lib/gcc/nios2-elf/5.3.0/../../../../../H-x86_64-mingw32/nios2-elf/lib/mno-hw-mul\libc.a(lib_a-memcpy.o)
 .bss           0x00000000000512a0        0x0 c:/intelfpga_lite/17.0/nios2eds/bin/gnu/h-x86_64-mingw32/bin/../lib/gcc/nios2-elf/5.3.0/../../../../../H-x86_64-mingw32/nios2-elf/lib/mno-hw-mul\libc.a(lib_a-memmove.o)
 .bss           0x00000000000512a0        0x0 c:/intelfpga_lite/17.0/nios2eds/bin/gnu/h-x86_64-mingw32/bin/../lib/gcc/nios2-elf/5.3.0/../../../../../H-x86_64-mingw32/nios2-elf/lib/mno-hw-mul\libc.a(lib_a-memset.o)
 .bss           0x00000000000512a0        0x0 c:/intelfpga_lite/17.0/nios2eds/bin/gnu/h-x86_64-mingw32/bin/../lib/gcc/nios2-elf/5.3.0/../../../../../H-x86_64-mingw32/nios2-elf/lib/mno-hw-mul\libc.a(lib_a-reallocr.o)
 .bss           0x00000000000512a0        0x0 c:/intelfpga_lite/17.0/nios2eds/bin/gnu/h-x86_64-mingw32/bin/../lib/gcc/nios2-elf/5.3.0/../../../../../H-x86_64-mingw32/nios2-elf/lib/mno-hw-mul\libc.a(lib_a-sbrkr.o)
 .bss           0x00000000000512a0        0x0 c:/intelfpga_lite/17.0/nios2eds/bin/gnu/h-x86_64-mingw32/bin/../lib/gcc/nios2-elf/5.3.0/../../../../../H-x86_64-mingw32/nios2-elf/lib/mno-hw-mul\libc.a(lib_a-stdio.o)
 .bss           0x00000000000512a0        0x0 c:/intelfpga_lite/17.0/nios2eds/bin/gnu/h-x86_64-mingw32/bin/../lib/gcc/nios2-elf/5.3.0/../../../../../H-x86_64-mingw32/nios2-elf/lib/mno-hw-mul\libc.a(lib_a-writer.o)
 .bss           0x00000000000512a0        0x0 c:/intelfpga_lite/17.0/nios2eds/bin/gnu/h-x86_64-mingw32/bin/../lib/gcc/nios2-elf/5.3.0/../../../../../H-x86_64-mingw32/nios2-elf/lib/mno-hw-mul\libc.a(lib_a-wsetup.o)
 .bss           0x00000000000512a0        0x0 c:/intelfpga_lite/17.0/nios2eds/bin/gnu/h-x86_64-mingw32/bin/../lib/gcc/nios2-elf/5.3.0/../../../../../H-x86_64-mingw32/nios2-elf/lib/mno-hw-mul\libc.a(closer.o)
 .bss           0x00000000000512a0        0x0 c:/intelfpga_lite/17.0/nios2eds/bin/gnu/h-x86_64-mingw32/bin/../lib/gcc/nios2-elf/5.3.0/../../../../../H-x86_64-mingw32/nios2-elf/lib/mno-hw-mul\libc.a(lib_a-fclose.o)
 .bss           0x00000000000512a0        0x0 c:/intelfpga_lite/17.0/nios2eds/bin/gnu/h-x86_64-mingw32/bin/../lib/gcc/nios2-elf/5.3.0/../../../../../H-x86_64-mingw32/nios2-elf/lib/mno-hw-mul\libc.a(lib_a-fflush.o)
 .bss           0x00000000000512a0        0x0 c:/intelfpga_lite/17.0/nios2eds/bin/gnu/h-x86_64-mingw32/bin/../lib/gcc/nios2-elf/5.3.0/../../../../../H-x86_64-mingw32/nios2-elf/lib/mno-hw-mul\libc.a(lib_a-freer.o)
 .bss           0x00000000000512a0        0x0 c:/intelfpga_lite/17.0/nios2eds/bin/gnu/h-x86_64-mingw32/bin/../lib/gcc/nios2-elf/5.3.0/../../../../../H-x86_64-mingw32/nios2-elf/lib/mno-hw-mul\libc.a(lib_a-int_errno.o)
 .bss           0x00000000000512a0        0x0 c:/intelfpga_lite/17.0/nios2eds/bin/gnu/h-x86_64-mingw32/bin/../lib/gcc/nios2-elf/5.3.0/../../../../../H-x86_64-mingw32/nios2-elf/lib/mno-hw-mul\libc.a(lib_a-lseekr.o)
 .bss           0x00000000000512a0        0x0 c:/intelfpga_lite/17.0/nios2eds/bin/gnu/h-x86_64-mingw32/bin/../lib/gcc/nios2-elf/5.3.0/../../../../../H-x86_64-mingw32/nios2-elf/lib/mno-hw-mul\libc.a(lib_a-makebuf.o)
 .bss           0x00000000000512a0        0x0 c:/intelfpga_lite/17.0/nios2eds/bin/gnu/h-x86_64-mingw32/bin/../lib/gcc/nios2-elf/5.3.0/../../../../../H-x86_64-mingw32/nios2-elf/lib/mno-hw-mul\libc.a(lib_a-readr.o)
 .bss           0x00000000000512a0        0x0 c:/intelfpga_lite/17.0/nios2eds/bin/gnu/h-x86_64-mingw32/bin/../lib/gcc/nios2-elf/5.3.0/../../../../../H-x86_64-mingw32/nios2-elf/lib/mno-hw-mul\libc.a(lib_a-fstatr.o)
 .bss           0x00000000000512a0        0x0 c:/intelfpga_lite/17.0/nios2eds/bin/gnu/h-x86_64-mingw32/bin/../lib/gcc/nios2-elf/5.3.0/../../../../../H-x86_64-mingw32/nios2-elf/lib/mno-hw-mul\libc.a(lib_a-isattyr.o)
 .bss           0x00000000000512a0        0x0 c:/intelfpga_lite/17.0/nios2eds/bin/gnu/h-x86_64-mingw32/bin/../lib/gcc/nios2-elf/5.3.0/mno-hw-mul\libgcc.a(lib2-divmod.o)
 .bss           0x00000000000512a0        0x0 c:/intelfpga_lite/17.0/nios2eds/bin/gnu/h-x86_64-mingw32/bin/../lib/gcc/nios2-elf/5.3.0/mno-hw-mul\libgcc.a(lib2-mul.o)
 .bss           0x00000000000512a0        0x0 ../Lab7_bsp/\libucosii_bsp.a(alt_close.o)
 .bss           0x00000000000512a0        0x0 ../Lab7_bsp/\libucosii_bsp.a(alt_dev.o)
 .bss           0x00000000000512a0        0x0 ../Lab7_bsp/\libucosii_bsp.a(alt_errno.o)
 .bss           0x00000000000512a0        0x0 ../Lab7_bsp/\libucosii_bsp.a(alt_fstat.o)
 .bss           0x00000000000512a0        0x0 ../Lab7_bsp/\libucosii_bsp.a(alt_isatty.o)
 .bss           0x00000000000512a0        0x0 ../Lab7_bsp/\libucosii_bsp.a(alt_load.o)
 .bss           0x00000000000512a0        0x0 ../Lab7_bsp/\libucosii_bsp.a(alt_lseek.o)
 .bss           0x00000000000512a0        0x0 ../Lab7_bsp/\libucosii_bsp.a(alt_main.o)
 .bss           0x00000000000512a0        0x0 ../Lab7_bsp/\libucosii_bsp.a(alt_read.o)
 .bss           0x00000000000512a0        0x0 ../Lab7_bsp/\libucosii_bsp.a(alt_release_fd.o)
 .bss           0x00000000000512a0        0x0 ../Lab7_bsp/\libucosii_bsp.a(alt_sbrk.o)
 .bss           0x00000000000512a0        0x0 ../Lab7_bsp/\libucosii_bsp.a(alt_write.o)
 .bss           0x00000000000512a0        0x0 ../Lab7_bsp/\libucosii_bsp.a(alt_env_lock.o)
 .bss           0x00000000000512a0        0x0 ../Lab7_bsp/\libucosii_bsp.a(alt_malloc_lock.o)
 .bss           0x00000000000512a0        0x0 ../Lab7_bsp/\libucosii_bsp.a(os_core.o)
 .bss           0x00000000000512a0        0x0 ../Lab7_bsp/\libucosii_bsp.a(os_dbg.o)
 .bss           0x00000000000512a0        0x0 ../Lab7_bsp/\libucosii_bsp.a(os_flag.o)
 .bss           0x00000000000512a0        0x0 ../Lab7_bsp/\libucosii_bsp.a(os_mem.o)
 .bss           0x00000000000512a0        0x0 ../Lab7_bsp/\libucosii_bsp.a(os_q.o)
 .bss           0x00000000000512a0        0x0 ../Lab7_bsp/\libucosii_bsp.a(os_sem.o)
 .bss           0x00000000000512a0        0x0 ../Lab7_bsp/\libucosii_bsp.a(os_task.o)
 .bss           0x00000000000512a0        0x0 ../Lab7_bsp/\libucosii_bsp.a(os_time.o)
 .bss           0x00000000000512a0        0x0 ../Lab7_bsp/\libucosii_bsp.a(alt_sys_init.o)
 .bss           0x00000000000512a0        0x0 ../Lab7_bsp/\libucosii_bsp.a(altera_avalon_jtag_uart_fd.o)
 .bss           0x00000000000512a0        0x0 ../Lab7_bsp/\libucosii_bsp.a(altera_avalon_jtag_uart_init.o)
 .bss           0x00000000000512a0        0x0 ../Lab7_bsp/\libucosii_bsp.a(altera_avalon_jtag_uart_ioctl.o)
 .bss           0x00000000000512a0        0x0 ../Lab7_bsp/\libucosii_bsp.a(altera_avalon_jtag_uart_read.o)
 .bss           0x00000000000512a0        0x0 ../Lab7_bsp/\libucosii_bsp.a(altera_avalon_jtag_uart_write.o)
 .bss           0x00000000000512a0        0x0 ../Lab7_bsp/\libucosii_bsp.a(altera_avalon_timer_sc.o)
 .bss           0x00000000000512a0        0x0 ../Lab7_bsp/\libucosii_bsp.a(alt_alarm_start.o)
 .bss           0x00000000000512a0        0x0 ../Lab7_bsp/\libucosii_bsp.a(alt_dcache_flush_all.o)
 .bss           0x00000000000512a0        0x0 ../Lab7_bsp/\libucosii_bsp.a(alt_dev_llist_insert.o)
 .bss           0x00000000000512a0        0x0 ../Lab7_bsp/\libucosii_bsp.a(alt_do_ctors.o)
 .bss           0x00000000000512a0        0x0 ../Lab7_bsp/\libucosii_bsp.a(alt_do_dtors.o)
 .bss           0x00000000000512a0        0x0 ../Lab7_bsp/\libucosii_bsp.a(alt_icache_flush_all.o)
 .bss           0x00000000000512a0        0x0 ../Lab7_bsp/\libucosii_bsp.a(alt_iic.o)
 .bss           0x00000000000512a0        0x0 ../Lab7_bsp/\libucosii_bsp.a(alt_iic_isr_register.o)
 .bss           0x00000000000512a0        0x0 ../Lab7_bsp/\libucosii_bsp.a(alt_io_redirect.o)
 .bss           0x00000000000512a0        0x0 ../Lab7_bsp/\libucosii_bsp.a(alt_irq_entry.o)
 .bss           0x00000000000512a0        0x0 ../Lab7_bsp/\libucosii_bsp.a(alt_irq_handler.o)
 .bss           0x00000000000512a0        0x0 ../Lab7_bsp/\libucosii_bsp.a(alt_irq_vars.o)
 .bss           0x00000000000512a0        0x0 ../Lab7_bsp/\libucosii_bsp.a(alt_open.o)
 .bss           0x00000000000512a0        0x0 ../Lab7_bsp/\libucosii_bsp.a(alt_tick.o)
 .bss           0x00000000000512a0        0x0 ../Lab7_bsp/\libucosii_bsp.a(altera_nios2_gen2_irq.o)
 .bss           0x00000000000512a0        0x0 ../Lab7_bsp/\libucosii_bsp.a(os_cpu_a.o)
 .bss           0x00000000000512a0        0x0 ../Lab7_bsp/\libucosii_bsp.a(os_cpu_c.o)
 .bss           0x00000000000512a0        0x0 ../Lab7_bsp/\libucosii_bsp.a(alt_exception_entry.o)
 .bss           0x00000000000512a0        0x0 ../Lab7_bsp/\libucosii_bsp.a(alt_find_dev.o)
 .bss           0x00000000000512a0        0x0 ../Lab7_bsp/\libucosii_bsp.a(alt_find_file.o)
 .bss           0x00000000000512a0        0x0 ../Lab7_bsp/\libucosii_bsp.a(alt_get_fd.o)
 .bss           0x00000000000512a0        0x0 ../Lab7_bsp/\libucosii_bsp.a(alt_instruction_exception_entry.o)
 .bss           0x00000000000512a0        0x0 c:/intelfpga_lite/17.0/nios2eds/bin/gnu/h-x86_64-mingw32/bin/../lib/gcc/nios2-elf/5.3.0/../../../../../H-x86_64-mingw32/nios2-elf/lib/mno-hw-mul\libc.a(lib_a-atexit.o)
 .bss           0x00000000000512a0        0x0 c:/intelfpga_lite/17.0/nios2eds/bin/gnu/h-x86_64-mingw32/bin/../lib/gcc/nios2-elf/5.3.0/../../../../../H-x86_64-mingw32/nios2-elf/lib/mno-hw-mul\libc.a(lib_a-exit.o)
 .bss           0x00000000000512a0        0x0 c:/intelfpga_lite/17.0/nios2eds/bin/gnu/h-x86_64-mingw32/bin/../lib/gcc/nios2-elf/5.3.0/../../../../../H-x86_64-mingw32/nios2-elf/lib/mno-hw-mul\libc.a(lib_a-memcmp.o)
 .bss           0x00000000000512a0        0x0 c:/intelfpga_lite/17.0/nios2eds/bin/gnu/h-x86_64-mingw32/bin/../lib/gcc/nios2-elf/5.3.0/../../../../../H-x86_64-mingw32/nios2-elf/lib/mno-hw-mul\libc.a(lib_a-__atexit.o)
 .bss           0x00000000000512a0        0x0 c:/intelfpga_lite/17.0/nios2eds/bin/gnu/h-x86_64-mingw32/bin/../lib/gcc/nios2-elf/5.3.0/../../../../../H-x86_64-mingw32/nios2-elf/lib/mno-hw-mul\libc.a(lib_a-__call_atexit.o)
 .bss           0x00000000000512a0        0x0 ../Lab7_bsp/\libucosii_bsp.a(alt_exit.o)
 *(COMMON)
 COMMON         0x00000000000512a0     0x4000 obj/default/hello_ucosii.o
                0x00000000000512a0                task1_stk
                0x00000000000532a0                task2_stk
 COMMON         0x00000000000552a0     0x3224 ../Lab7_bsp/\libucosii_bsp.a(os_core.o)
                0x00000000000552a0                OSFlagTbl
                0x0000000000055610                OSMemTbl
                0x0000000000056240                OSTaskStatStk
                0x0000000000056a40                OSQTbl
                0x0000000000056c20                OSTaskIdleStk
                0x0000000000057420                OSEventTbl
                0x0000000000057f60                OSTCBTbl
                0x0000000000058470                OSTCBPrioTbl
 COMMON         0x00000000000584c4      0x100 ../Lab7_bsp/\libucosii_bsp.a(alt_irq_handler.o)
                0x00000000000584c4                alt_irq
                0x00000000000585c4                . = ALIGN (0x4)
                0x00000000000585c4                __bss_end = ABSOLUTE (.)

.OnChip_Memory  0x00000000000585c4        0x0
                [!provide]                        PROVIDE (_alt_partition_OnChip_Memory_start, ABSOLUTE (.))
 *(.OnChip_Memory .OnChip_Memory. OnChip_Memory.*)
                0x00000000000585c4                . = ALIGN (0x4)
                [!provide]                        PROVIDE (_alt_partition_OnChip_Memory_end, ABSOLUTE (.))
                0x00000000000585c4                _end = ABSOLUTE (.)
                0x00000000000585c4                end = ABSOLUTE (.)
                0x00000000000585c4                __alt_stack_base = ABSOLUTE (.)
                [!provide]                        PROVIDE (_alt_partition_OnChip_Memory_load_addr, LOADADDR (.OnChip_Memory))

.stab
 *(.stab)

.stabstr
 *(.stabstr)

.stab.excl
 *(.stab.excl)

.stab.exclstr
 *(.stab.exclstr)

.stab.index
 *(.stab.index)

.stab.indexstr
 *(.stab.indexstr)

.comment        0x0000000000000000       0x23
 *(.comment)
 .comment       0x0000000000000000       0x23 obj/default/hello_ucosii.o
                                         0x24 (size before relaxing)
 .comment       0x0000000000000023       0x24 c:/intelfpga_lite/17.0/nios2eds/bin/gnu/h-x86_64-mingw32/bin/../lib/gcc/nios2-elf/5.3.0/../../../../../H-x86_64-mingw32/nios2-elf/lib/mno-hw-mul\libc.a(lib_a-puts.o)
 .comment       0x0000000000000023       0x24 c:/intelfpga_lite/17.0/nios2eds/bin/gnu/h-x86_64-mingw32/bin/../lib/gcc/nios2-elf/5.3.0/../../../../../H-x86_64-mingw32/nios2-elf/lib/mno-hw-mul\libc.a(lib_a-strlen.o)
 .comment       0x0000000000000023       0x24 c:/intelfpga_lite/17.0/nios2eds/bin/gnu/h-x86_64-mingw32/bin/../lib/gcc/nios2-elf/5.3.0/../../../../../H-x86_64-mingw32/nios2-elf/lib/mno-hw-mul\libc.a(lib_a-findfp.o)
 .comment       0x0000000000000023       0x24 c:/intelfpga_lite/17.0/nios2eds/bin/gnu/h-x86_64-mingw32/bin/../lib/gcc/nios2-elf/5.3.0/../../../../../H-x86_64-mingw32/nios2-elf/lib/mno-hw-mul\libc.a(lib_a-fvwrite.o)
 .comment       0x0000000000000023       0x24 c:/intelfpga_lite/17.0/nios2eds/bin/gnu/h-x86_64-mingw32/bin/../lib/gcc/nios2-elf/5.3.0/../../../../../H-x86_64-mingw32/nios2-elf/lib/mno-hw-mul\libc.a(lib_a-fwalk.o)
 .comment       0x0000000000000023       0x24 c:/intelfpga_lite/17.0/nios2eds/bin/gnu/h-x86_64-mingw32/bin/../lib/gcc/nios2-elf/5.3.0/../../../../../H-x86_64-mingw32/nios2-elf/lib/mno-hw-mul\libc.a(lib_a-impure.o)
 .comment       0x0000000000000023       0x24 c:/intelfpga_lite/17.0/nios2eds/bin/gnu/h-x86_64-mingw32/bin/../lib/gcc/nios2-elf/5.3.0/../../../../../H-x86_64-mingw32/nios2-elf/lib/mno-hw-mul\libc.a(lib_a-mallocr.o)
 .comment       0x0000000000000023       0x24 c:/intelfpga_lite/17.0/nios2eds/bin/gnu/h-x86_64-mingw32/bin/../lib/gcc/nios2-elf/5.3.0/../../../../../H-x86_64-mingw32/nios2-elf/lib/mno-hw-mul\libc.a(lib_a-memchr.o)
 .comment       0x0000000000000023       0x24 c:/intelfpga_lite/17.0/nios2eds/bin/gnu/h-x86_64-mingw32/bin/../lib/gcc/nios2-elf/5.3.0/../../../../../H-x86_64-mingw32/nios2-elf/lib/mno-hw-mul\libc.a(lib_a-memcpy.o)
 .comment       0x0000000000000023       0x24 c:/intelfpga_lite/17.0/nios2eds/bin/gnu/h-x86_64-mingw32/bin/../lib/gcc/nios2-elf/5.3.0/../../../../../H-x86_64-mingw32/nios2-elf/lib/mno-hw-mul\libc.a(lib_a-memmove.o)
 .comment       0x0000000000000023       0x24 c:/intelfpga_lite/17.0/nios2eds/bin/gnu/h-x86_64-mingw32/bin/../lib/gcc/nios2-elf/5.3.0/../../../../../H-x86_64-mingw32/nios2-elf/lib/mno-hw-mul\libc.a(lib_a-memset.o)
 .comment       0x0000000000000023       0x24 c:/intelfpga_lite/17.0/nios2eds/bin/gnu/h-x86_64-mingw32/bin/../lib/gcc/nios2-elf/5.3.0/../../../../../H-x86_64-mingw32/nios2-elf/lib/mno-hw-mul\libc.a(lib_a-reallocr.o)
 .comment       0x0000000000000023       0x24 c:/intelfpga_lite/17.0/nios2eds/bin/gnu/h-x86_64-mingw32/bin/../lib/gcc/nios2-elf/5.3.0/../../../../../H-x86_64-mingw32/nios2-elf/lib/mno-hw-mul\libc.a(lib_a-sbrkr.o)
 .comment       0x0000000000000023       0x24 c:/intelfpga_lite/17.0/nios2eds/bin/gnu/h-x86_64-mingw32/bin/../lib/gcc/nios2-elf/5.3.0/../../../../../H-x86_64-mingw32/nios2-elf/lib/mno-hw-mul\libc.a(lib_a-stdio.o)
 .comment       0x0000000000000023       0x24 c:/intelfpga_lite/17.0/nios2eds/bin/gnu/h-x86_64-mingw32/bin/../lib/gcc/nios2-elf/5.3.0/../../../../../H-x86_64-mingw32/nios2-elf/lib/mno-hw-mul\libc.a(lib_a-writer.o)
 .comment       0x0000000000000023       0x24 c:/intelfpga_lite/17.0/nios2eds/bin/gnu/h-x86_64-mingw32/bin/../lib/gcc/nios2-elf/5.3.0/../../../../../H-x86_64-mingw32/nios2-elf/lib/mno-hw-mul\libc.a(lib_a-wsetup.o)
 .comment       0x0000000000000023       0x24 c:/intelfpga_lite/17.0/nios2eds/bin/gnu/h-x86_64-mingw32/bin/../lib/gcc/nios2-elf/5.3.0/../../../../../H-x86_64-mingw32/nios2-elf/lib/mno-hw-mul\libc.a(closer.o)
 .comment       0x0000000000000023       0x24 c:/intelfpga_lite/17.0/nios2eds/bin/gnu/h-x86_64-mingw32/bin/../lib/gcc/nios2-elf/5.3.0/../../../../../H-x86_64-mingw32/nios2-elf/lib/mno-hw-mul\libc.a(lib_a-fclose.o)
 .comment       0x0000000000000023       0x24 c:/intelfpga_lite/17.0/nios2eds/bin/gnu/h-x86_64-mingw32/bin/../lib/gcc/nios2-elf/5.3.0/../../../../../H-x86_64-mingw32/nios2-elf/lib/mno-hw-mul\libc.a(lib_a-fflush.o)
 .comment       0x0000000000000023       0x24 c:/intelfpga_lite/17.0/nios2eds/bin/gnu/h-x86_64-mingw32/bin/../lib/gcc/nios2-elf/5.3.0/../../../../../H-x86_64-mingw32/nios2-elf/lib/mno-hw-mul\libc.a(lib_a-freer.o)
 .comment       0x0000000000000023       0x24 c:/intelfpga_lite/17.0/nios2eds/bin/gnu/h-x86_64-mingw32/bin/../lib/gcc/nios2-elf/5.3.0/../../../../../H-x86_64-mingw32/nios2-elf/lib/mno-hw-mul\libc.a(lib_a-int_errno.o)
 .comment       0x0000000000000023       0x24 c:/intelfpga_lite/17.0/nios2eds/bin/gnu/h-x86_64-mingw32/bin/../lib/gcc/nios2-elf/5.3.0/../../../../../H-x86_64-mingw32/nios2-elf/lib/mno-hw-mul\libc.a(lib_a-lseekr.o)
 .comment       0x0000000000000023       0x24 c:/intelfpga_lite/17.0/nios2eds/bin/gnu/h-x86_64-mingw32/bin/../lib/gcc/nios2-elf/5.3.0/../../../../../H-x86_64-mingw32/nios2-elf/lib/mno-hw-mul\libc.a(lib_a-makebuf.o)
 .comment       0x0000000000000023       0x24 c:/intelfpga_lite/17.0/nios2eds/bin/gnu/h-x86_64-mingw32/bin/../lib/gcc/nios2-elf/5.3.0/../../../../../H-x86_64-mingw32/nios2-elf/lib/mno-hw-mul\libc.a(lib_a-readr.o)
 .comment       0x0000000000000023       0x24 c:/intelfpga_lite/17.0/nios2eds/bin/gnu/h-x86_64-mingw32/bin/../lib/gcc/nios2-elf/5.3.0/../../../../../H-x86_64-mingw32/nios2-elf/lib/mno-hw-mul\libc.a(lib_a-fstatr.o)
 .comment       0x0000000000000023       0x24 c:/intelfpga_lite/17.0/nios2eds/bin/gnu/h-x86_64-mingw32/bin/../lib/gcc/nios2-elf/5.3.0/../../../../../H-x86_64-mingw32/nios2-elf/lib/mno-hw-mul\libc.a(lib_a-isattyr.o)
 .comment       0x0000000000000023       0x24 c:/intelfpga_lite/17.0/nios2eds/bin/gnu/h-x86_64-mingw32/bin/../lib/gcc/nios2-elf/5.3.0/mno-hw-mul\libgcc.a(lib2-divmod.o)
 .comment       0x0000000000000023       0x24 c:/intelfpga_lite/17.0/nios2eds/bin/gnu/h-x86_64-mingw32/bin/../lib/gcc/nios2-elf/5.3.0/mno-hw-mul\libgcc.a(lib2-mul.o)
 .comment       0x0000000000000023       0x24 ../Lab7_bsp/\libucosii_bsp.a(alt_close.o)
 .comment       0x0000000000000023       0x24 ../Lab7_bsp/\libucosii_bsp.a(alt_dev.o)
 .comment       0x0000000000000023       0x24 ../Lab7_bsp/\libucosii_bsp.a(alt_errno.o)
 .comment       0x0000000000000023       0x24 ../Lab7_bsp/\libucosii_bsp.a(alt_fstat.o)
 .comment       0x0000000000000023       0x24 ../Lab7_bsp/\libucosii_bsp.a(alt_isatty.o)
 .comment       0x0000000000000023       0x24 ../Lab7_bsp/\libucosii_bsp.a(alt_load.o)
 .comment       0x0000000000000023       0x24 ../Lab7_bsp/\libucosii_bsp.a(alt_lseek.o)
 .comment       0x0000000000000023       0x24 ../Lab7_bsp/\libucosii_bsp.a(alt_main.o)
 .comment       0x0000000000000023       0x24 ../Lab7_bsp/\libucosii_bsp.a(alt_read.o)
 .comment       0x0000000000000023       0x24 ../Lab7_bsp/\libucosii_bsp.a(alt_release_fd.o)
 .comment       0x0000000000000023       0x24 ../Lab7_bsp/\libucosii_bsp.a(alt_sbrk.o)
 .comment       0x0000000000000023       0x24 ../Lab7_bsp/\libucosii_bsp.a(alt_write.o)
 .comment       0x0000000000000023       0x24 ../Lab7_bsp/\libucosii_bsp.a(alt_env_lock.o)
 .comment       0x0000000000000023       0x24 ../Lab7_bsp/\libucosii_bsp.a(alt_malloc_lock.o)
 .comment       0x0000000000000023       0x24 ../Lab7_bsp/\libucosii_bsp.a(os_core.o)
 .comment       0x0000000000000023       0x24 ../Lab7_bsp/\libucosii_bsp.a(os_dbg.o)
 .comment       0x0000000000000023       0x24 ../Lab7_bsp/\libucosii_bsp.a(os_flag.o)
 .comment       0x0000000000000023       0x24 ../Lab7_bsp/\libucosii_bsp.a(os_mem.o)
 .comment       0x0000000000000023       0x24 ../Lab7_bsp/\libucosii_bsp.a(os_q.o)
 .comment       0x0000000000000023       0x24 ../Lab7_bsp/\libucosii_bsp.a(os_sem.o)
 .comment       0x0000000000000023       0x24 ../Lab7_bsp/\libucosii_bsp.a(os_task.o)
 .comment       0x0000000000000023       0x24 ../Lab7_bsp/\libucosii_bsp.a(os_time.o)
 .comment       0x0000000000000023       0x24 ../Lab7_bsp/\libucosii_bsp.a(alt_sys_init.o)
 .comment       0x0000000000000023       0x24 ../Lab7_bsp/\libucosii_bsp.a(altera_avalon_jtag_uart_fd.o)
 .comment       0x0000000000000023       0x24 ../Lab7_bsp/\libucosii_bsp.a(altera_avalon_jtag_uart_init.o)
 .comment       0x0000000000000023       0x24 ../Lab7_bsp/\libucosii_bsp.a(altera_avalon_jtag_uart_ioctl.o)
 .comment       0x0000000000000023       0x24 ../Lab7_bsp/\libucosii_bsp.a(altera_avalon_jtag_uart_read.o)
 .comment       0x0000000000000023       0x24 ../Lab7_bsp/\libucosii_bsp.a(altera_avalon_jtag_uart_write.o)
 .comment       0x0000000000000023       0x24 ../Lab7_bsp/\libucosii_bsp.a(altera_avalon_timer_sc.o)
 .comment       0x0000000000000023       0x24 ../Lab7_bsp/\libucosii_bsp.a(alt_alarm_start.o)
 .comment       0x0000000000000023       0x24 ../Lab7_bsp/\libucosii_bsp.a(alt_dcache_flush_all.o)
 .comment       0x0000000000000023       0x24 ../Lab7_bsp/\libucosii_bsp.a(alt_dev_llist_insert.o)
 .comment       0x0000000000000023       0x24 ../Lab7_bsp/\libucosii_bsp.a(alt_do_ctors.o)
 .comment       0x0000000000000023       0x24 ../Lab7_bsp/\libucosii_bsp.a(alt_do_dtors.o)
 .comment       0x0000000000000023       0x24 ../Lab7_bsp/\libucosii_bsp.a(alt_icache_flush_all.o)
 .comment       0x0000000000000023       0x24 ../Lab7_bsp/\libucosii_bsp.a(alt_iic.o)
 .comment       0x0000000000000023       0x24 ../Lab7_bsp/\libucosii_bsp.a(alt_iic_isr_register.o)
 .comment       0x0000000000000023       0x24 ../Lab7_bsp/\libucosii_bsp.a(alt_io_redirect.o)
 .comment       0x0000000000000023       0x24 ../Lab7_bsp/\libucosii_bsp.a(alt_irq_handler.o)
 .comment       0x0000000000000023       0x24 ../Lab7_bsp/\libucosii_bsp.a(alt_irq_vars.o)
 .comment       0x0000000000000023       0x24 ../Lab7_bsp/\libucosii_bsp.a(alt_open.o)
 .comment       0x0000000000000023       0x24 ../Lab7_bsp/\libucosii_bsp.a(alt_tick.o)
 .comment       0x0000000000000023       0x24 ../Lab7_bsp/\libucosii_bsp.a(altera_nios2_gen2_irq.o)
 .comment       0x0000000000000023       0x24 ../Lab7_bsp/\libucosii_bsp.a(os_cpu_c.o)
 .comment       0x0000000000000023       0x24 ../Lab7_bsp/\libucosii_bsp.a(alt_find_dev.o)
 .comment       0x0000000000000023       0x24 ../Lab7_bsp/\libucosii_bsp.a(alt_find_file.o)
 .comment       0x0000000000000023       0x24 ../Lab7_bsp/\libucosii_bsp.a(alt_get_fd.o)
 .comment       0x0000000000000023       0x24 ../Lab7_bsp/\libucosii_bsp.a(alt_instruction_exception_entry.o)
 .comment       0x0000000000000023       0x24 c:/intelfpga_lite/17.0/nios2eds/bin/gnu/h-x86_64-mingw32/bin/../lib/gcc/nios2-elf/5.3.0/../../../../../H-x86_64-mingw32/nios2-elf/lib/mno-hw-mul\libc.a(lib_a-atexit.o)