Archive member included to satisfy reference by file (symbol)

../Lab_8_CPU2_bsp/\libhal_bsp.a(alt_load.o)
                              ../Lab_8_CPU2_bsp//obj/HAL/src/crt0.o (alt_load)
../Lab_8_CPU2_bsp/\libhal_bsp.a(alt_main.o)
                              ../Lab_8_CPU2_bsp//obj/HAL/src/crt0.o (alt_main)
../Lab_8_CPU2_bsp/\libhal_bsp.a(alt_sys_init.o)
                              ../Lab_8_CPU2_bsp/\libhal_bsp.a(alt_main.o) (alt_irq_init)
../Lab_8_CPU2_bsp/\libhal_bsp.a(altera_avalon_mutex.o)
                              ../Lab_8_CPU2_bsp/\libhal_bsp.a(alt_sys_init.o) (alt_mutex_list)
../Lab_8_CPU2_bsp/\libhal_bsp.a(altera_avalon_timer_sc.o)
                              ../Lab_8_CPU2_bsp/\libhal_bsp.a(alt_sys_init.o) (alt_avalon_timer_sc_init)
../Lab_8_CPU2_bsp/\libhal_bsp.a(alt_close.o)
                              ../Lab_8_CPU2_bsp/\libhal_bsp.a(alt_main.o) (close)
../Lab_8_CPU2_bsp/\libhal_bsp.a(alt_dcache_flush_all.o)
                              ../Lab_8_CPU2_bsp/\libhal_bsp.a(alt_load.o) (alt_dcache_flush_all)
../Lab_8_CPU2_bsp/\libhal_bsp.a(alt_dev.o)
                              ../Lab_8_CPU2_bsp/\libhal_bsp.a(alt_close.o) (alt_fd_list)
../Lab_8_CPU2_bsp/\libhal_bsp.a(alt_dev_llist_insert.o)
                              ../Lab_8_CPU2_bsp/\libhal_bsp.a(alt_sys_init.o) (alt_dev_llist_insert)
../Lab_8_CPU2_bsp/\libhal_bsp.a(alt_do_ctors.o)
                              ../Lab_8_CPU2_bsp/\libhal_bsp.a(alt_main.o) (_do_ctors)
../Lab_8_CPU2_bsp/\libhal_bsp.a(alt_do_dtors.o)
                              ../Lab_8_CPU2_bsp/\libhal_bsp.a(alt_main.o) (_do_dtors)
../Lab_8_CPU2_bsp/\libhal_bsp.a(alt_errno.o)
                              ../Lab_8_CPU2_bsp/\libhal_bsp.a(alt_sys_init.o) (alt_errno)
../Lab_8_CPU2_bsp/\libhal_bsp.a(alt_find_dev.o)
                              ../Lab_8_CPU2_bsp/\libhal_bsp.a(altera_avalon_mutex.o) (alt_find_dev)
../Lab_8_CPU2_bsp/\libhal_bsp.a(alt_icache_flush_all.o)
                              ../Lab_8_CPU2_bsp/\libhal_bsp.a(alt_load.o) (alt_icache_flush_all)
../Lab_8_CPU2_bsp/\libhal_bsp.a(alt_iic.o)
                              ../Lab_8_CPU2_bsp/\libhal_bsp.a(altera_avalon_timer_sc.o) (alt_ic_isr_register)
../Lab_8_CPU2_bsp/\libhal_bsp.a(alt_iic_isr_register.o)
                              ../Lab_8_CPU2_bsp/\libhal_bsp.a(alt_iic.o) (alt_iic_isr_register)
../Lab_8_CPU2_bsp/\libhal_bsp.a(alt_irq_entry.o)
                              ../Lab_8_CPU2_bsp/\libhal_bsp.a(alt_iic_isr_register.o) (alt_irq_entry)
../Lab_8_CPU2_bsp/\libhal_bsp.a(alt_irq_handler.o)
                              ../Lab_8_CPU2_bsp/\libhal_bsp.a(alt_iic_isr_register.o) (alt_irq)
../Lab_8_CPU2_bsp/\libhal_bsp.a(alt_irq_vars.o)
                              ../Lab_8_CPU2_bsp/\libhal_bsp.a(alt_iic.o) (alt_irq_active)
../Lab_8_CPU2_bsp/\libhal_bsp.a(alt_release_fd.o)
                              ../Lab_8_CPU2_bsp/\libhal_bsp.a(alt_close.o) (alt_release_fd)
../Lab_8_CPU2_bsp/\libhal_bsp.a(alt_tick.o)
                              ../Lab_8_CPU2_bsp/\libhal_bsp.a(altera_avalon_timer_sc.o) (_alt_tick_rate)
../Lab_8_CPU2_bsp/\libhal_bsp.a(altera_nios2_gen2_irq.o)
                              ../Lab_8_CPU2_bsp/\libhal_bsp.a(alt_sys_init.o) (altera_nios2_gen2_irq_init)
../Lab_8_CPU2_bsp/\libhal_bsp.a(alt_exception_entry.o)
                              ../Lab_8_CPU2_bsp/\libhal_bsp.a(alt_irq_entry.o) (alt_exception)
../Lab_8_CPU2_bsp/\libhal_bsp.a(alt_instruction_exception_entry.o)
                              ../Lab_8_CPU2_bsp/\libhal_bsp.a(alt_exception_entry.o) (alt_instruction_exception_entry)
c:/intelfpga_lite/17.0/nios2eds/bin/gnu/h-x86_64-mingw32/bin/../lib/gcc/nios2-elf/5.3.0/../../../../../H-x86_64-mingw32/nios2-elf/lib/mno-hw-mul\libc.a(lib_a-atexit.o)
                              ../Lab_8_CPU2_bsp/\libhal_bsp.a(alt_main.o) (atexit)
c:/intelfpga_lite/17.0/nios2eds/bin/gnu/h-x86_64-mingw32/bin/../lib/gcc/nios2-elf/5.3.0/../../../../../H-x86_64-mingw32/nios2-elf/lib/mno-hw-mul\libc.a(lib_a-exit.o)
                              ../Lab_8_CPU2_bsp/\libhal_bsp.a(alt_main.o) (exit)
c:/intelfpga_lite/17.0/nios2eds/bin/gnu/h-x86_64-mingw32/bin/../lib/gcc/nios2-elf/5.3.0/../../../../../H-x86_64-mingw32/nios2-elf/lib/mno-hw-mul\libc.a(lib_a-impure.o)
                              c:/intelfpga_lite/17.0/nios2eds/bin/gnu/h-x86_64-mingw32/bin/../lib/gcc/nios2-elf/5.3.0/../../../../../H-x86_64-mingw32/nios2-elf/lib/mno-hw-mul\libc.a(lib_a-exit.o) (_global_impure_ptr)
c:/intelfpga_lite/17.0/nios2eds/bin/gnu/h-x86_64-mingw32/bin/../lib/gcc/nios2-elf/5.3.0/../../../../../H-x86_64-mingw32/nios2-elf/lib/mno-hw-mul\libc.a(lib_a-int_errno.o)
                              ../Lab_8_CPU2_bsp/\libhal_bsp.a(alt_sys_init.o) (errno)
c:/intelfpga_lite/17.0/nios2eds/bin/gnu/h-x86_64-mingw32/bin/../lib/gcc/nios2-elf/5.3.0/../../../../../H-x86_64-mingw32/nios2-elf/lib/mno-hw-mul\libc.a(lib_a-memcmp.o)
                              ../Lab_8_CPU2_bsp/\libhal_bsp.a(alt_find_dev.o) (memcmp)
c:/intelfpga_lite/17.0/nios2eds/bin/gnu/h-x86_64-mingw32/bin/../lib/gcc/nios2-elf/5.3.0/../../../../../H-x86_64-mingw32/nios2-elf/lib/mno-hw-mul\libc.a(lib_a-strlen.o)
                              ../Lab_8_CPU2_bsp/\libhal_bsp.a(alt_find_dev.o) (strlen)
c:/intelfpga_lite/17.0/nios2eds/bin/gnu/h-x86_64-mingw32/bin/../lib/gcc/nios2-elf/5.3.0/../../../../../H-x86_64-mingw32/nios2-elf/lib/mno-hw-mul\libc.a(lib_a-__atexit.o)
                              c:/intelfpga_lite/17.0/nios2eds/bin/gnu/h-x86_64-mingw32/bin/../lib/gcc/nios2-elf/5.3.0/../../../../../H-x86_64-mingw32/nios2-elf/lib/mno-hw-mul\libc.a(lib_a-atexit.o) (__register_exitproc)
c:/intelfpga_lite/17.0/nios2eds/bin/gnu/h-x86_64-mingw32/bin/../lib/gcc/nios2-elf/5.3.0/../../../../../H-x86_64-mingw32/nios2-elf/lib/mno-hw-mul\libc.a(lib_a-__call_atexit.o)
                              c:/intelfpga_lite/17.0/nios2eds/bin/gnu/h-x86_64-mingw32/bin/../lib/gcc/nios2-elf/5.3.0/../../../../../H-x86_64-mingw32/nios2-elf/lib/mno-hw-mul\libc.a(lib_a-exit.o) (__call_exitprocs)
c:/intelfpga_lite/17.0/nios2eds/bin/gnu/h-x86_64-mingw32/bin/../lib/gcc/nios2-elf/5.3.0/mno-hw-mul\libgcc.a(lib2-mul.o)
                              ../Lab_8_CPU2_bsp/\libhal_bsp.a(alt_close.o) (__mulsi3)
../Lab_8_CPU2_bsp/\libhal_bsp.a(alt_exit.o)
                              c:/intelfpga_lite/17.0/nios2eds/bin/gnu/h-x86_64-mingw32/bin/../lib/gcc/nios2-elf/5.3.0/../../../../../H-x86_64-mingw32/nios2-elf/lib/mno-hw-mul\libc.a(lib_a-exit.o) (_exit)

Allocating common symbols
Common symbol       size              file

alt_irq             0x100             ../Lab_8_CPU2_bsp/\libhal_bsp.a(alt_irq_handler.o)
errno               0x4               c:/intelfpga_lite/17.0/nios2eds/bin/gnu/h-x86_64-mingw32/bin/../lib/gcc/nios2-elf/5.3.0/../../../../../H-x86_64-mingw32/nios2-elf/lib/mno-hw-mul\libc.a(lib_a-int_errno.o)

Memory Configuration

Name             Origin             Length             Attributes
reset            0x0000000000020000 0x0000000000000020
RAM2             0x0000000000020020 0x0000000000018680
SHARED_MEMORY    0x0000000000081000 0x0000000000001000
*default*        0x0000000000000000 0xffffffffffffffff

Linker script and memory map

LOAD ../Lab_8_CPU2_bsp//obj/HAL/src/crt0.o
LOAD obj/default/hello_world.o
LOAD c:/intelfpga_lite/17.0/nios2eds/bin/gnu/h-x86_64-mingw32/bin/../lib/gcc/nios2-elf/5.3.0/../../../../../H-x86_64-mingw32/nios2-elf/lib/mno-hw-mul\libstdc++.a
LOAD c:/intelfpga_lite/17.0/nios2eds/bin/gnu/h-x86_64-mingw32/bin/../lib/gcc/nios2-elf/5.3.0/../../../../../H-x86_64-mingw32/nios2-elf/lib/mno-hw-mul\libm.a
LOAD c:/intelfpga_lite/17.0/nios2eds/bin/gnu/h-x86_64-mingw32/bin/../lib/gcc/nios2-elf/5.3.0/mno-hw-mul\libgcc.a
START GROUP
LOAD c:/intelfpga_lite/17.0/nios2eds/bin/gnu/h-x86_64-mingw32/bin/../lib/gcc/nios2-elf/5.3.0/../../../../../H-x86_64-mingw32/nios2-elf/lib/mno-hw-mul\libc.a
LOAD c:/intelfpga_lite/17.0/nios2eds/bin/gnu/h-x86_64-mingw32/bin/../lib/gcc/nios2-elf/5.3.0/mno-hw-mul\libgcc.a
LOAD ../Lab_8_CPU2_bsp/\libhal_bsp.a
LOAD c:/intelfpga_lite/17.0/nios2eds/bin/gnu/h-x86_64-mingw32/bin/../lib/gcc/nios2-elf/5.3.0/../../../../../H-x86_64-mingw32/nios2-elf/lib/mno-hw-mul\libm.a
END GROUP
LOAD c:/intelfpga_lite/17.0/nios2eds/bin/gnu/h-x86_64-mingw32/bin/../lib/gcc/nios2-elf/5.3.0/mno-hw-mul\libgcc.a
                0x0000000000020000                __alt_mem_RAM2 = 0x20000
                0x0000000000081000                __alt_mem_SHARED_MEMORY = 0x81000

.entry          0x0000000000020000       0x20
 *(.entry)
 .entry         0x0000000000020000       0x20 ../Lab_8_CPU2_bsp//obj/HAL/src/crt0.o
                0x0000000000020000                __reset

.exceptions     0x0000000000020020      0x210
                0x0000000000020020                PROVIDE (__ram_exceptions_start, ABSOLUTE (.))
                0x0000000000020020                . = ALIGN (0x20)
 *(.irq)
 *(.exceptions.entry.label)
 .exceptions.entry.label
                0x0000000000020020        0x0 ../Lab_8_CPU2_bsp/\libhal_bsp.a(alt_irq_entry.o)
                0x0000000000020020                alt_irq_entry
 .exceptions.entry.label
                0x0000000000020020        0x0 ../Lab_8_CPU2_bsp/\libhal_bsp.a(alt_exception_entry.o)
                0x0000000000020020                alt_exception
 *(.exceptions.entry.user)
 *(.exceptions.entry.ecc_fatal)
 *(.exceptions.entry)
 .exceptions.entry
                0x0000000000020020       0x54 ../Lab_8_CPU2_bsp/\libhal_bsp.a(alt_exception_entry.o)
 *(.exceptions.irqtest.user)
 *(.exceptions.irqtest)
 .exceptions.irqtest
                0x0000000000020074       0x10 ../Lab_8_CPU2_bsp/\libhal_bsp.a(alt_irq_entry.o)
 *(.exceptions.irqhandler.user)
 *(.exceptions.irqhandler)
 .exceptions.irqhandler
                0x0000000000020084        0x4 ../Lab_8_CPU2_bsp/\libhal_bsp.a(alt_irq_entry.o)
 *(.exceptions.irqreturn.user)
 *(.exceptions.irqreturn)
 .exceptions.irqreturn
                0x0000000000020088        0x4 ../Lab_8_CPU2_bsp/\libhal_bsp.a(alt_irq_entry.o)
 *(.exceptions.notirq.label)
 .exceptions.notirq.label
                0x000000000002008c        0x0 ../Lab_8_CPU2_bsp/\libhal_bsp.a(alt_irq_entry.o)
 *(.exceptions.notirq.user)
 *(.exceptions.notirq)
 .exceptions.notirq
                0x000000000002008c        0x8 ../Lab_8_CPU2_bsp/\libhal_bsp.a(alt_exception_entry.o)
 *(.exceptions.soft.user)
 *(.exceptions.soft)
 *(.exceptions.unknown.user)
 *(.exceptions.unknown)
 .exceptions.unknown
                0x0000000000020094       0x14 ../Lab_8_CPU2_bsp/\libhal_bsp.a(alt_exception_entry.o)
 *(.exceptions.exit.label)
 .exceptions.exit.label
                0x00000000000200a8        0x0 ../Lab_8_CPU2_bsp/\libhal_bsp.a(alt_irq_entry.o)
 .exceptions.exit.label
                0x00000000000200a8        0x0 ../Lab_8_CPU2_bsp/\libhal_bsp.a(alt_exception_entry.o)
 *(.exceptions.exit.user)
 *(.exceptions.exit)
 .exceptions.exit
                0x00000000000200a8       0x54 ../Lab_8_CPU2_bsp/\libhal_bsp.a(alt_exception_entry.o)
 *(.exceptions)
 .exceptions    0x00000000000200fc       0xd4 ../Lab_8_CPU2_bsp/\libhal_bsp.a(alt_irq_handler.o)
                0x00000000000200fc                alt_irq_handler
 .exceptions    0x00000000000201d0       0x60 ../Lab_8_CPU2_bsp/\libhal_bsp.a(alt_instruction_exception_entry.o)
                0x00000000000201d0                alt_instruction_exception_entry
                0x0000000000020230                PROVIDE (__ram_exceptions_end, ABSOLUTE (.))
                0x0000000000020020                PROVIDE (__flash_exceptions_start, LOADADDR (.exceptions))

.text           0x0000000000020230     0x1434
                [!provide]                        PROVIDE (stext, ABSOLUTE (.))
 *(.interp)
 *(.hash)
 *(.dynsym)
 *(.dynstr)
 *(.gnu.version)
 *(.gnu.version_d)
 *(.gnu.version_r)
 *(.rel.init)
 *(.rela.init)
 *(.rel.text .rel.text.* .rel.gnu.linkonce.t.*)
 *(.rela.text .rela.text.* .rela.gnu.linkonce.t.*)
 *(.rel.fini)
 *(.rela.fini)
 *(.rel.rodata .rel.rodata.* .rel.gnu.linkonce.r.*)
 *(.rela.rodata .rela.rodata.* .rela.gnu.linkonce.r.*)
 *(.rel.data .rel.data.* .rel.gnu.linkonce.d.*)
 *(.rela.data .rela.data.* .rela.gnu.linkonce.d.*)
 *(.rel.tdata .rel.tdata.* .rel.gnu.linkonce.td.*)
 *(.rela.tdata .rela.tdata.* .rela.gnu.linkonce.td.*)
 *(.rel.tbss .rel.tbss.* .rel.gnu.linkonce.tb.*)
 *(.rela.tbss .rela.tbss.* .rela.gnu.linkonce.tb.*)
 *(.rel.ctors)
 *(.rela.ctors)
 *(.rel.dtors)
 *(.rela.dtors)
 *(.rel.got)
 *(.rela.got)
 *(.rel.sdata .rel.sdata.* .rel.gnu.linkonce.s.*)
 *(.rela.sdata .rela.sdata.* .rela.gnu.linkonce.s.*)
 *(.rel.sbss .rel.sbss.* .rel.gnu.linkonce.sb.*)
 *(.rela.sbss .rela.sbss.* .rela.gnu.linkonce.sb.*)
 *(.rel.sdata2 .rel.sdata2.* .rel.gnu.linkonce.s2.*)
 *(.rela.sdata2 .rela.sdata2.* .rela.gnu.linkonce.s2.*)
 *(.rel.sbss2 .rel.sbss2.* .rel.gnu.linkonce.sb2.*)
 *(.rela.sbss2 .rela.sbss2.* .rela.gnu.linkonce.sb2.*)
 *(.rel.bss .rel.bss.* .rel.gnu.linkonce.b.*)
 *(.rela.bss .rela.bss.* .rela.gnu.linkonce.b.*)
 *(.rel.plt)
 *(.rela.plt)
 *(.rel.dyn)
 *(.init)
 *(.plt)
 *(.text .stub .text.* .gnu.linkonce.t.*)
 .text          0x0000000000020230       0x3c ../Lab_8_CPU2_bsp//obj/HAL/src/crt0.o
                0x0000000000020230                _start
 .text          0x000000000002026c       0x38 obj/default/hello_world.o
                0x000000000002026c                main
 .text          0x00000000000202a4       0xec ../Lab_8_CPU2_bsp/\libhal_bsp.a(alt_load.o)
                0x000000000002030c                alt_load
 .text          0x0000000000020390       0x60 ../Lab_8_CPU2_bsp/\libhal_bsp.a(alt_main.o)
                0x0000000000020390                alt_main
 .text          0x00000000000203f0      0x128 ../Lab_8_CPU2_bsp/\libhal_bsp.a(alt_sys_init.o)
                0x0000000000020494                alt_irq_init
                0x00000000000204cc                alt_sys_init
 .text          0x0000000000020518      0x2cc ../Lab_8_CPU2_bsp/\libhal_bsp.a(altera_avalon_mutex.o)
                0x00000000000205d0                altera_avalon_mutex_open
                0x0000000000020624                altera_avalon_mutex_close
                0x0000000000020648                altera_avalon_mutex_lock
                0x000000000002068c                altera_avalon_mutex_trylock
                0x00000000000206cc                altera_avalon_mutex_unlock
                0x0000000000020720                altera_avalon_mutex_is_mine
                0x0000000000020794                altera_avalon_mutex_first_lock
 .text          0x00000000000207e4       0xf4 ../Lab_8_CPU2_bsp/\libhal_bsp.a(altera_avalon_timer_sc.o)
                0x000000000002085c                alt_avalon_timer_sc_init
 .text          0x00000000000208d8      0x114 ../Lab_8_CPU2_bsp/\libhal_bsp.a(alt_close.o)
                0x0000000000020914                close
 .text          0x00000000000209ec       0x20 ../Lab_8_CPU2_bsp/\libhal_bsp.a(alt_dcache_flush_all.o)
                0x00000000000209ec                alt_dcache_flush_all
 .text          0x0000000000020a0c       0x2c ../Lab_8_CPU2_bsp/\libhal_bsp.a(alt_dev.o)
 .text          0x0000000000020a38       0xe0 ../Lab_8_CPU2_bsp/\libhal_bsp.a(alt_dev_llist_insert.o)
                0x0000000000020a74                alt_dev_llist_insert
 .text          0x0000000000020b18       0x60 ../Lab_8_CPU2_bsp/\libhal_bsp.a(alt_do_ctors.o)
                0x0000000000020b18                _do_ctors
 .text          0x0000000000020b78       0x60 ../Lab_8_CPU2_bsp/\libhal_bsp.a(alt_do_dtors.o)
                0x0000000000020b78                _do_dtors
 .text          0x0000000000020bd8        0x0 ../Lab_8_CPU2_bsp/\libhal_bsp.a(alt_errno.o)
 .text          0x0000000000020bd8       0x90 ../Lab_8_CPU2_bsp/\libhal_bsp.a(alt_find_dev.o)
                0x0000000000020bd8                alt_find_dev
 .text          0x0000000000020c68       0x20 ../Lab_8_CPU2_bsp/\libhal_bsp.a(alt_icache_flush_all.o)
                0x0000000000020c68                alt_icache_flush_all
 .text          0x0000000000020c88      0x1b0 ../Lab_8_CPU2_bsp/\libhal_bsp.a(alt_iic.o)
                0x0000000000020c88                alt_ic_isr_register
                0x0000000000020cd8                alt_ic_irq_enable
                0x0000000000020d60                alt_ic_irq_disable
                0x0000000000020dec                alt_ic_irq_enabled
 .text          0x0000000000020e38       0xf0 ../Lab_8_CPU2_bsp/\libhal_bsp.a(alt_iic_isr_register.o)
                0x0000000000020e38                alt_iic_isr_register
 .text          0x0000000000020f28        0x0 ../Lab_8_CPU2_bsp/\libhal_bsp.a(alt_irq_entry.o)
 .text          0x0000000000020f28        0x0 ../Lab_8_CPU2_bsp/\libhal_bsp.a(alt_irq_handler.o)
 .text          0x0000000000020f28        0x0 ../Lab_8_CPU2_bsp/\libhal_bsp.a(alt_irq_vars.o)
 .text          0x0000000000020f28       0x84 ../Lab_8_CPU2_bsp/\libhal_bsp.a(alt_release_fd.o)
                0x0000000000020f28                alt_release_fd
 .text          0x0000000000020fac      0x1a4 ../Lab_8_CPU2_bsp/\libhal_bsp.a(alt_tick.o)
                0x0000000000020fac                alt_alarm_stop
                0x0000000000021048                alt_tick
 .text          0x0000000000021150       0x24 ../Lab_8_CPU2_bsp/\libhal_bsp.a(altera_nios2_gen2_irq.o)
                0x0000000000021150                altera_nios2_gen2_irq_init
 .text          0x0000000000021174        0x0 ../Lab_8_CPU2_bsp/\libhal_bsp.a(alt_exception_entry.o)
 .text          0x0000000000021174       0x9c ../Lab_8_CPU2_bsp/\libhal_bsp.a(alt_instruction_exception_entry.o)
                0x0000000000021174                alt_exception_cause_generated_bad_addr
 .text          0x0000000000021210        0x0 c:/intelfpga_lite/17.0/nios2eds/bin/gnu/h-x86_64-mingw32/bin/../lib/gcc/nios2-elf/5.3.0/../../../../../H-x86_64-mingw32/nios2-elf/lib/mno-hw-mul\libc.a(lib_a-atexit.o)
 .text.atexit   0x0000000000021210       0x14 c:/intelfpga_lite/17.0/nios2eds/bin/gnu/h-x86_64-mingw32/bin/../lib/gcc/nios2-elf/5.3.0/../../../../../H-x86_64-mingw32/nios2-elf/lib/mno-hw-mul\libc.a(lib_a-atexit.o)
                0x0000000000021210                atexit
 .text          0x0000000000021224        0x0 c:/intelfpga_lite/17.0/nios2eds/bin/gnu/h-x86_64-mingw32/bin/../lib/gcc/nios2-elf/5.3.0/../../../../../H-x86_64-mingw32/nios2-elf/lib/mno-hw-mul\libc.a(lib_a-exit.o)
 .text.exit     0x0000000000021224       0x38 c:/intelfpga_lite/17.0/nios2eds/bin/gnu/h-x86_64-mingw32/bin/../lib/gcc/nios2-elf/5.3.0/../../../../../H-x86_64-mingw32/nios2-elf/lib/mno-hw-mul\libc.a(lib_a-exit.o)
                0x0000000000021224                exit
 .text          0x000000000002125c        0x0 c:/intelfpga_lite/17.0/nios2eds/bin/gnu/h-x86_64-mingw32/bin/../lib/gcc/nios2-elf/5.3.0/../../../../../H-x86_64-mingw32/nios2-elf/lib/mno-hw-mul\libc.a(lib_a-impure.o)
 .text          0x000000000002125c        0x0 c:/intelfpga_lite/17.0/nios2eds/bin/gnu/h-x86_64-mingw32/bin/../lib/gcc/nios2-elf/5.3.0/../../../../../H-x86_64-mingw32/nios2-elf/lib/mno-hw-mul\libc.a(lib_a-int_errno.o)
 .text          0x000000000002125c        0x0 c:/intelfpga_lite/17.0/nios2eds/bin/gnu/h-x86_64-mingw32/bin/../lib/gcc/nios2-elf/5.3.0/../../../../../H-x86_64-mingw32/nios2-elf/lib/mno-hw-mul\libc.a(lib_a-memcmp.o)
 .text.memcmp   0x000000000002125c       0x7c c:/intelfpga_lite/17.0/nios2eds/bin/gnu/h-x86_64-mingw32/bin/../lib/gcc/nios2-elf/5.3.0/../../../../../H-x86_64-mingw32/nios2-elf/lib/mno-hw-mul\libc.a(lib_a-memcmp.o)
                0x000000000002125c                memcmp
 .text          0x00000000000212d8        0x0 c:/intelfpga_lite/17.0/nios2eds/bin/gnu/h-x86_64-mingw32/bin/../lib/gcc/nios2-elf/5.3.0/../../../../../H-x86_64-mingw32/nios2-elf/lib/mno-hw-mul\libc.a(lib_a-strlen.o)
 .text.strlen   0x00000000000212d8       0x98 c:/intelfpga_lite/17.0/nios2eds/bin/gnu/h-x86_64-mingw32/bin/../lib/gcc/nios2-elf/5.3.0/../../../../../H-x86_64-mingw32/nios2-elf/lib/mno-hw-mul\libc.a(lib_a-strlen.o)
                0x00000000000212d8                strlen
 .text          0x0000000000021370        0x0 c:/intelfpga_lite/17.0/nios2eds/bin/gnu/h-x86_64-mingw32/bin/../lib/gcc/nios2-elf/5.3.0/../../../../../H-x86_64-mingw32/nios2-elf/lib/mno-hw-mul\libc.a(lib_a-__atexit.o)
 .text.__register_exitproc
                0x0000000000021370      0x118 c:/intelfpga_lite/17.0/nios2eds/bin/gnu/h-x86_64-mingw32/bin/../lib/gcc/nios2-elf/5.3.0/../../../../../H-x86_64-mingw32/nios2-elf/lib/mno-hw-mul\libc.a(lib_a-__atexit.o)
                0x0000000000021370                __register_exitproc
 .text          0x0000000000021488        0x0 c:/intelfpga_lite/17.0/nios2eds/bin/gnu/h-x86_64-mingw32/bin/../lib/gcc/nios2-elf/5.3.0/../../../../../H-x86_64-mingw32/nios2-elf/lib/mno-hw-mul\libc.a(lib_a-__call_atexit.o)
 .text.__call_exitprocs
                0x0000000000021488      0x180 c:/intelfpga_lite/17.0/nios2eds/bin/gnu/h-x86_64-mingw32/bin/../lib/gcc/nios2-elf/5.3.0/../../../../../H-x86_64-mingw32/nios2-elf/lib/mno-hw-mul\libc.a(lib_a-__call_atexit.o)
                0x0000000000021488                __call_exitprocs
 .text          0x0000000000021608       0x28 c:/intelfpga_lite/17.0/nios2eds/bin/gnu/h-x86_64-mingw32/bin/../lib/gcc/nios2-elf/5.3.0/mno-hw-mul\libgcc.a(lib2-mul.o)
                0x0000000000021608                __mulsi3
 .text          0x0000000000021630       0x34 ../Lab_8_CPU2_bsp/\libhal_bsp.a(alt_exit.o)
                0x0000000000021630                _exit
 *(.gnu.warning.*)
 *(.fini)
                [!provide]                        PROVIDE (__etext, ABSOLUTE (.))
                [!provide]                        PROVIDE (_etext, ABSOLUTE (.))
                [!provide]                        PROVIDE (etext, ABSOLUTE (.))
 *(.eh_frame_hdr)
                0x0000000000021664                . = ALIGN (0x4)
                [!provide]                        PROVIDE (__preinit_array_start, ABSOLUTE (.))
 *(.preinit_array)
                [!provide]                        PROVIDE (__preinit_array_end, ABSOLUTE (.))
                [!provide]                        PROVIDE (__init_array_start, ABSOLUTE (.))
 *(.init_array)
                [!provide]                        PROVIDE (__init_array_end, ABSOLUTE (.))
                [!provide]                        PROVIDE (__fini_array_start, ABSOLUTE (.))
 *(.fini_array)
                [!provide]                        PROVIDE (__fini_array_end, ABSOLUTE (.))
 *(.eh_frame)
 *(.gcc_except_table .gcc_except_table.*)
 *(.dynamic)
                0x0000000000021664                PROVIDE (__CTOR_LIST__, ABSOLUTE (.))
 *(.ctors)
 *(SORT(.ctors.*))
                0x0000000000021664                PROVIDE (__CTOR_END__, ABSOLUTE (.))
                0x0000000000021664                PROVIDE (__DTOR_LIST__, ABSOLUTE (.))
 *(.dtors)
 *(SORT(.dtors.*))
                0x0000000000021664                PROVIDE (__DTOR_END__, ABSOLUTE (.))
 *(.jcr)
                0x0000000000021664                . = ALIGN (0x4)

.rodata         0x0000000000021664       0x1c
                0x0000000000021664                PROVIDE (__ram_rodata_start, ABSOLUTE (.))
                0x0000000000021664                . = ALIGN (0x4)
 *(.rodata .rodata.* .gnu.linkonce.r.*)
 .rodata        0x0000000000021664        0xb ../Lab_8_CPU2_bsp/\libhal_bsp.a(alt_sys_init.o)
 *fill*         0x000000000002166f        0x1 
 .rodata        0x0000000000021670        0xa ../Lab_8_CPU2_bsp/\libhal_bsp.a(alt_dev.o)
 *fill*         0x000000000002167a        0x2 
 .rodata.str1.4
                0x000000000002167c        0x4 c:/intelfpga_lite/17.0/nios2eds/bin/gnu/h-x86_64-mingw32/bin/../lib/gcc/nios2-elf/5.3.0/../../../../../H-x86_64-mingw32/nios2-elf/lib/mno-hw-mul\libc.a(lib_a-impure.o)
                                          0x2 (size before relaxing)
 *(.rodata1)
                0x0000000000021680                . = ALIGN (0x4)
                0x0000000000021680                PROVIDE (__ram_rodata_end, ABSOLUTE (.))
                0x0000000000021664                PROVIDE (__flash_rodata_start, LOADADDR (.rodata))

.rwdata         0x0000000000021680      0x610 load address 0x0000000000021c90
                0x0000000000021680                PROVIDE (__ram_rwdata_start, ABSOLUTE (.))
                0x0000000000021680                . = ALIGN (0x4)
 *(.got.plt)
 *(.got)
 *(.data1)
 *(.data .data.* .gnu.linkonce.d.*)
 .data          0x0000000000021680        0x0 ../Lab_8_CPU2_bsp//obj/HAL/src/crt0.o
 .data          0x0000000000021680        0x0 obj/default/hello_world.o
 .data          0x0000000000021680        0x0 ../Lab_8_CPU2_bsp/\libhal_bsp.a(alt_load.o)
 .data          0x0000000000021680        0x0 ../Lab_8_CPU2_bsp/\libhal_bsp.a(alt_main.o)
 .data          0x0000000000021680       0x10 ../Lab_8_CPU2_bsp/\libhal_bsp.a(alt_sys_init.o)
 .data          0x0000000000021690        0x0 ../Lab_8_CPU2_bsp/\libhal_bsp.a(altera_avalon_mutex.o)
 .data          0x0000000000021690        0x0 ../Lab_8_CPU2_bsp/\libhal_bsp.a(altera_avalon_timer_sc.o)
 .data          0x0000000000021690        0x0 ../Lab_8_CPU2_bsp/\libhal_bsp.a(alt_close.o)
 .data          0x0000000000021690        0x0 ../Lab_8_CPU2_bsp/\libhal_bsp.a(alt_dcache_flush_all.o)
 .data          0x0000000000021690      0x1a8 ../Lab_8_CPU2_bsp/\libhal_bsp.a(alt_dev.o)
                0x0000000000021690                alt_dev_null
                0x00000000000216b8                alt_fd_list
 .data          0x0000000000021838        0x0 ../Lab_8_CPU2_bsp/\libhal_bsp.a(alt_dev_llist_insert.o)
 .data          0x0000000000021838        0x0 ../Lab_8_CPU2_bsp/\libhal_bsp.a(alt_do_ctors.o)
 .data          0x0000000000021838        0x0 ../Lab_8_CPU2_bsp/\libhal_bsp.a(alt_do_dtors.o)
 .data          0x0000000000021838        0x0 ../Lab_8_CPU2_bsp/\libhal_bsp.a(alt_errno.o)
 .data          0x0000000000021838        0x0 ../Lab_8_CPU2_bsp/\libhal_bsp.a(alt_find_dev.o)
 .data          0x0000000000021838        0x0 ../Lab_8_CPU2_bsp/\libhal_bsp.a(alt_icache_flush_all.o)
 .data          0x0000000000021838        0x0 ../Lab_8_CPU2_bsp/\libhal_bsp.a(alt_iic.o)
 .data          0x0000000000021838        0x0 ../Lab_8_CPU2_bsp/\libhal_bsp.a(alt_iic_isr_register.o)
 .data          0x0000000000021838        0x0 ../Lab_8_CPU2_bsp/\libhal_bsp.a(alt_irq_entry.o)
 .data          0x0000000000021838        0x0 ../Lab_8_CPU2_bsp/\libhal_bsp.a(alt_irq_handler.o)
 .data          0x0000000000021838        0x0 ../Lab_8_CPU2_bsp/\libhal_bsp.a(alt_irq_vars.o)
 .data          0x0000000000021838        0x0 ../Lab_8_CPU2_bsp/\libhal_bsp.a(alt_release_fd.o)
 .data          0x0000000000021838        0x0 ../Lab_8_CPU2_bsp/\libhal_bsp.a(alt_tick.o)
 .data          0x0000000000021838        0x0 ../Lab_8_CPU2_bsp/\libhal_bsp.a(altera_nios2_gen2_irq.o)
 .data          0x0000000000021838        0x0 ../Lab_8_CPU2_bsp/\libhal_bsp.a(alt_exception_entry.o)
 .data          0x0000000000021838        0x0 ../Lab_8_CPU2_bsp/\libhal_bsp.a(alt_instruction_exception_entry.o)
 .data          0x0000000000021838        0x0 c:/intelfpga_lite/17.0/nios2eds/bin/gnu/h-x86_64-mingw32/bin/../lib/gcc/nios2-elf/5.3.0/../../../../../H-x86_64-mingw32/nios2-elf/lib/mno-hw-mul\libc.a(lib_a-atexit.o)
 .data          0x0000000000021838        0x0 c:/intelfpga_lite/17.0/nios2eds/bin/gnu/h-x86_64-mingw32/bin/../lib/gcc/nios2-elf/5.3.0/../../../../../H-x86_64-mingw32/nios2-elf/lib/mno-hw-mul\libc.a(lib_a-exit.o)
 .data          0x0000000000021838        0x0 c:/intelfpga_lite/17.0/nios2eds/bin/gnu/h-x86_64-mingw32/bin/../lib/gcc/nios2-elf/5.3.0/../../../../../H-x86_64-mingw32/nios2-elf/lib/mno-hw-mul\libc.a(lib_a-impure.o)
 .data.impure_data
                0x0000000000021838      0x424 c:/intelfpga_lite/17.0/nios2eds/bin/gnu/h-x86_64-mingw32/bin/../lib/gcc/nios2-elf/5.3.0/../../../../../H-x86_64-mingw32/nios2-elf/lib/mno-hw-mul\libc.a(lib_a-impure.o)
 .data          0x0000000000021c5c        0x0 c:/intelfpga_lite/17.0/nios2eds/bin/gnu/h-x86_64-mingw32/bin/../lib/gcc/nios2-elf/5.3.0/../../../../../H-x86_64-mingw32/nios2-elf/lib/mno-hw-mul\libc.a(lib_a-int_errno.o)
 .data          0x0000000000021c5c        0x0 c:/intelfpga_lite/17.0/nios2eds/bin/gnu/h-x86_64-mingw32/bin/../lib/gcc/nios2-elf/5.3.0/../../../../../H-x86_64-mingw32/nios2-elf/lib/mno-hw-mul\libc.a(lib_a-memcmp.o)
 .data          0x0000000000021c5c        0x0 c:/intelfpga_lite/17.0/nios2eds/bin/gnu/h-x86_64-mingw32/bin/../lib/gcc/nios2-elf/5.3.0/../../../../../H-x86_64-mingw32/nios2-elf/lib/mno-hw-mul\libc.a(lib_a-strlen.o)
 .data          0x0000000000021c5c        0x0 c:/intelfpga_lite/17.0/nios2eds/bin/gnu/h-x86_64-mingw32/bin/../lib/gcc/nios2-elf/5.3.0/../../../../../H-x86_64-mingw32/nios2-elf/lib/mno-hw-mul\libc.a(lib_a-__atexit.o)
 .data          0x0000000000021c5c        0x0 c:/intelfpga_lite/17.0/nios2eds/bin/gnu/h-x86_64-mingw32/bin/../lib/gcc/nios2-elf/5.3.0/../../../../../H-x86_64-mingw32/nios2-elf/lib/mno-hw-mul\libc.a(lib_a-__call_atexit.o)
 .data          0x0000000000021c5c        0x0 c:/intelfpga_lite/17.0/nios2eds/bin/gnu/h-x86_64-mingw32/bin/../lib/gcc/nios2-elf/5.3.0/mno-hw-mul\libgcc.a(lib2-mul.o)
 .data          0x0000000000021c5c        0x0 ../Lab_8_CPU2_bsp/\libhal_bsp.a(alt_exit.o)
                0x0000000000029c5c                _gp = ABSOLUTE ((. + 0x8000))
                [!provide]                        PROVIDE (gp, _gp)
 *(.rwdata .rwdata.*)
 *(.sdata .sdata.* .gnu.linkonce.s.*)
 .sdata         0x0000000000021c5c        0x8 ../Lab_8_CPU2_bsp/\libhal_bsp.a(altera_avalon_mutex.o)
                0x0000000000021c5c                alt_mutex_list
 .sdata         0x0000000000021c64       0x14 ../Lab_8_CPU2_bsp/\libhal_bsp.a(alt_dev.o)
                0x0000000000021c64                alt_fs_list
                0x0000000000021c6c                alt_dev_list
                0x0000000000021c74                alt_max_fd
 .sdata         0x0000000000021c78        0x4 ../Lab_8_CPU2_bsp/\libhal_bsp.a(alt_errno.o)
                0x0000000000021c78                alt_errno
 .sdata         0x0000000000021c7c        0x4 ../Lab_8_CPU2_bsp/\libhal_bsp.a(alt_irq_vars.o)
                0x0000000000021c7c                alt_priority_mask
 .sdata         0x0000000000021c80        0x8 ../Lab_8_CPU2_bsp/\libhal_bsp.a(alt_tick.o)
                0x0000000000021c80                alt_alarm_list
 .sdata._global_impure_ptr
                0x0000000000021c88        0x4 c:/intelfpga_lite/17.0/nios2eds/bin/gnu/h-x86_64-mingw32/bin/../lib/gcc/nios2-elf/5.3.0/../../../../../H-x86_64-mingw32/nios2-elf/lib/mno-hw-mul\libc.a(lib_a-impure.o)
                0x0000000000021c88                _global_impure_ptr
 .sdata._impure_ptr
                0x0000000000021c8c        0x4 c:/intelfpga_lite/17.0/nios2eds/bin/gnu/h-x86_64-mingw32/bin/../lib/gcc/nios2-elf/5.3.0/../../../../../H-x86_64-mingw32/nios2-elf/lib/mno-hw-mul\libc.a(lib_a-impure.o)
                0x0000000000021c8c                _impure_ptr
 *(.sdata2 .sdata2.* .gnu.linkonce.s2.*)
                0x0000000000021c90                . = ALIGN (0x4)
                0x0000000000021c90                _edata = ABSOLUTE (.)
                [!provide]                        PROVIDE (edata, ABSOLUTE (.))
                0x0000000000021c90                PROVIDE (__ram_rwdata_end, ABSOLUTE (.))
                0x0000000000021c90                PROVIDE (__flash_rwdata_start, LOADADDR (.rwdata))

.bss            0x00000000000222a0      0x120
                0x00000000000222a0                __bss_start = ABSOLUTE (.)
                [!provide]                        PROVIDE (__sbss_start, ABSOLUTE (.))
                [!provide]                        PROVIDE (___sbss_start, ABSOLUTE (.))
 *(.dynsbss)
 *(.sbss .sbss.* .gnu.linkonce.sb.*)
 .sbss          0x00000000000222a0        0xc ../Lab_8_CPU2_bsp/\libhal_bsp.a(alt_main.o)
                0x00000000000222a0                alt_argc
                0x00000000000222a4                alt_argv
                0x00000000000222a8                alt_envp
 .sbss          0x00000000000222ac        0x4 ../Lab_8_CPU2_bsp/\libhal_bsp.a(alt_irq_vars.o)
                0x00000000000222ac                alt_irq_active
 .sbss          0x00000000000222b0        0x8 ../Lab_8_CPU2_bsp/\libhal_bsp.a(alt_tick.o)
                0x00000000000222b0                _alt_tick_rate
                0x00000000000222b4                _alt_nticks
 .sbss          0x00000000000222b8        0x4 ../Lab_8_CPU2_bsp/\libhal_bsp.a(alt_instruction_exception_entry.o)
                0x00000000000222b8                alt_instruction_exception_handler
 .sbss          0x00000000000222bc        0x4 c:/intelfpga_lite/17.0/nios2eds/bin/gnu/h-x86_64-mingw32/bin/../lib/gcc/nios2-elf/5.3.0/../../../../../H-x86_64-mingw32/nios2-elf/lib/mno-hw-mul\libc.a(lib_a-int_errno.o)
                0x00000000000222bc                errno
 *(.sbss2 .sbss2.* .gnu.linkonce.sb2.*)
 *(.scommon)
                [!provide]                        PROVIDE (__sbss_end, ABSOLUTE (.))
                [!provide]                        PROVIDE (___sbss_end, ABSOLUTE (.))
 *(.dynbss)
 *(.bss .bss.* .gnu.linkonce.b.*)
 .bss           0x00000000000222c0        0x0 ../Lab_8_CPU2_bsp//obj/HAL/src/crt0.o
 .bss           0x00000000000222c0        0x0 obj/default/hello_world.o
 .bss           0x00000000000222c0        0x0 ../Lab_8_CPU2_bsp/\libhal_bsp.a(alt_load.o)
 .bss           0x00000000000222c0        0x0 ../Lab_8_CPU2_bsp/\libhal_bsp.a(alt_main.o)
 .bss           0x00000000000222c0        0x0 ../Lab_8_CPU2_bsp/\libhal_bsp.a(alt_sys_init.o)
 .bss           0x00000000000222c0        0x0 ../Lab_8_CPU2_bsp/\libhal_bsp.a(altera_avalon_mutex.o)
 .bss           0x00000000000222c0        0x0 ../Lab_8_CPU2_bsp/\libhal_bsp.a(altera_avalon_timer_sc.o)
 .bss           0x00000000000222c0        0x0 ../Lab_8_CPU2_bsp/\libhal_bsp.a(alt_close.o)
 .bss           0x00000000000222c0        0x0 ../Lab_8_CPU2_bsp/\libhal_bsp.a(alt_dcache_flush_all.o)
 .bss           0x00000000000222c0        0x0 ../Lab_8_CPU2_bsp/\libhal_bsp.a(alt_dev.o)
 .bss           0x00000000000222c0        0x0 ../Lab_8_CPU2_bsp/\libhal_bsp.a(alt_dev_llist_insert.o)
 .bss           0x00000000000222c0        0x0 ../Lab_8_CPU2_bsp/\libhal_bsp.a(alt_do_ctors.o)
 .bss           0x00000000000222c0        0x0 ../Lab_8_CPU2_bsp/\libhal_bsp.a(alt_do_dtors.o)
 .bss           0x00000000000222c0        0x0 ../Lab_8_CPU2_bsp/\libhal_bsp.a(alt_errno.o)
 .bss           0x00000000000222c0        0x0 ../Lab_8_CPU2_bsp/\libhal_bsp.a(alt_find_dev.o)
 .bss           0x00000000000222c0        0x0 ../Lab_8_CPU2_bsp/\libhal_bsp.a(alt_icache_flush_all.o)
 .bss           0x00000000000222c0        0x0 ../Lab_8_CPU2_bsp/\libhal_bsp.a(alt_iic.o)
 .bss           0x00000000000222c0        0x0 ../Lab_8_CPU2_bsp/\libhal_bsp.a(alt_iic_isr_register.o)
 .bss           0x00000000000222c0        0x0 ../Lab_8_CPU2_bsp/\libhal_bsp.a(alt_irq_entry.o)
 .bss           0x00000000000222c0        0x0 ../Lab_8_CPU2_bsp/\libhal_bsp.a(alt_irq_handler.o)
 .bss           0x00000000000222c0        0x0 ../Lab_8_CPU2_bsp/\libhal_bsp.a(alt_irq_vars.o)
 .bss           0x00000000000222c0        0x0 ../Lab_8_CPU2_bsp/\libhal_bsp.a(alt_release_fd.o)
 .bss           0x00000000000222c0        0x0 ../Lab_8_CPU2_bsp/\libhal_bsp.a(alt_tick.o)
 .bss           0x00000000000222c0        0x0 ../Lab_8_CPU2_bsp/\libhal_bsp.a(altera_nios2_gen2_irq.o)
 .bss           0x00000000000222c0        0x0 ../Lab_8_CPU2_bsp/\libhal_bsp.a(alt_exception_entry.o)
 .bss           0x00000000000222c0        0x0 ../Lab_8_CPU2_bsp/\libhal_bsp.a(alt_instruction_exception_entry.o)
 .bss           0x00000000000222c0        0x0 c:/intelfpga_lite/17.0/nios2eds/bin/gnu/h-x86_64-mingw32/bin/../lib/gcc/nios2-elf/5.3.0/../../../../../H-x86_64-mingw32/nios2-elf/lib/mno-hw-mul\libc.a(lib_a-atexit.o)
 .bss           0x00000000000222c0        0x0 c:/intelfpga_lite/17.0/nios2eds/bin/gnu/h-x86_64-mingw32/bin/../lib/gcc/nios2-elf/5.3.0/../../../../../H-x86_64-mingw32/nios2-elf/lib/mno-hw-mul\libc.a(lib_a-exit.o)
 .bss           0x00000000000222c0        0x0 c:/intelfpga_lite/17.0/nios2eds/bin/gnu/h-x86_64-mingw32/bin/../lib/gcc/nios2-elf/5.3.0/../../../../../H-x86_64-mingw32/nios2-elf/lib/mno-hw-mul\libc.a(lib_a-impure.o)
 .bss           0x00000000000222c0        0x0 c:/intelfpga_lite/17.0/nios2eds/bin/gnu/h-x86_64-mingw32/bin/../lib/gcc/nios2-elf/5.3.0/../../../../../H-x86_64-mingw32/nios2-elf/lib/mno-hw-mul\libc.a(lib_a-int_errno.o)
 .bss           0x00000000000222c0        0x0 c:/intelfpga_lite/17.0/nios2eds/bin/gnu/h-x86_64-mingw32/bin/../lib/gcc/nios2-elf/5.3.0/../../../../../H-x86_64-mingw32/nios2-elf/lib/mno-hw-mul\libc.a(lib_a-memcmp.o)
 .bss           0x00000000000222c0        0x0 c:/intelfpga_lite/17.0/nios2eds/bin/gnu/h-x86_64-mingw32/bin/../lib/gcc/nios2-elf/5.3.0/../../../../../H-x86_64-mingw32/nios2-elf/lib/mno-hw-mul\libc.a(lib_a-strlen.o)
 .bss           0x00000000000222c0        0x0 c:/intelfpga_lite/17.0/nios2eds/bin/gnu/h-x86_64-mingw32/bin/../lib/gcc/nios2-elf/5.3.0/../../../../../H-x86_64-mingw32/nios2-elf/lib/mno-hw-mul\libc.a(lib_a-__atexit.o)
 .bss           0x00000000000222c0        0x0 c:/intelfpga_lite/17.0/nios2eds/bin/gnu/h-x86_64-mingw32/bin/../lib/gcc/nios2-elf/5.3.0/../../../../../H-x86_64-mingw32/nios2-elf/lib/mno-hw-mul\libc.a(lib_a-__call_atexit.o)
 .bss           0x00000000000222c0        0x0 c:/intelfpga_lite/17.0/nios2eds/bin/gnu/h-x86_64-mingw32/bin/../lib/gcc/nios2-elf/5.3.0/mno-hw-mul\libgcc.a(lib2-mul.o)
 .bss           0x00000000000222c0        0x0 ../Lab_8_CPU2_bsp/\libhal_bsp.a(alt_exit.o)
 *(COMMON)
 COMMON         0x00000000000222c0      0x100 ../Lab_8_CPU2_bsp/\libhal_bsp.a(alt_irq_handler.o)
                0x00000000000222c0                alt_irq
                0x00000000000223c0                . = ALIGN (0x4)
                0x00000000000223c0                __bss_end = ABSOLUTE (.)

.RAM2           0x00000000000223c0        0x0
                [!provide]                        PROVIDE (_alt_partition_RAM2_start, ABSOLUTE (.))
 *(.RAM2 .RAM2. RAM2.*)
                0x00000000000223c0                . = ALIGN (0x4)
                [!provide]                        PROVIDE (_alt_partition_RAM2_end, ABSOLUTE (.))
                0x00000000000223c0                _end = ABSOLUTE (.)
                0x00000000000223c0                end = ABSOLUTE (.)
                0x00000000000223c0                __alt_stack_base = ABSOLUTE (.)
                [!provide]                        PROVIDE (_alt_partition_RAM2_load_addr, LOADADDR (.RAM2))

.SHARED_MEMORY  0x0000000000081000        0x0 load address 0x00000000000223c0
                [!provide]                        PROVIDE (_alt_partition_SHARED_MEMORY_start, ABSOLUTE (.))
 *(.SHARED_MEMORY .SHARED_MEMORY. SHARED_MEMORY.*)
                0x0000000000081000                . = ALIGN (0x4)
                [!provide]                        PROVIDE (_alt_partition_SHARED_MEMORY_end, ABSOLUTE (.))
                [!provide]                        PROVIDE (_alt_partition_SHARED_MEMORY_load_addr, LOADADDR (.SHARED_MEMORY))

.stab
 *(.stab)

.stabstr
 *(.stabstr)

.stab.excl
 *(.stab.excl)

.stab.exclstr
 *(.stab.exclstr)

.stab.index
 *(.stab.index)

.stab.indexstr
 *(.stab.indexstr)

.comment        0x0000000000000000       0x23
 *(.comment)
 .comment       0x0000000000000000       0x23 obj/default/hello_world.o
                                         0x24 (size before relaxing)
 .comment       0x0000000000000023       0x24 ../Lab_8_CPU2_bsp/\libhal_bsp.a(alt_load.o)
 .comment       0x0000000000000023       0x24 ../Lab_8_CPU2_bsp/\libhal_bsp.a(alt_main.o)
 .comment       0x0000000000000023       0x24 ../Lab_8_CPU2_bsp/\libhal_bsp.a(alt_sys_init.o)
 .comment       0x0000000000000023       0x24 ../Lab_8_CPU2_bsp/\libhal_bsp.a(altera_avalon_mutex.o)
 .comment       0x0000000000000023       0x24 ../Lab_8_CPU2_bsp/\libhal_bsp.a(altera_avalon_timer_sc.o)
 .comment       0x0000000000000023       0x24 ../Lab_8_CPU2_bsp/\libhal_bsp.a(alt_close.o)
 .comment       0x0000000000000023       0x24 ../Lab_8_CPU2_bsp/\libhal_bsp.a(alt_dcache_flush_all.o)
 .comment       0x0000000000000023       0x24 ../Lab_8_CPU2_bsp/\libhal_bsp.a(alt_dev.o)
 .comment       0x0000000000000023       0x24 ../Lab_8_CPU2_bsp/\libhal_bsp.a(alt_dev_llist_insert.o)
 .comment       0x0000000000000023       0x24 ../Lab_8_CPU2_bsp/\libhal_bsp.a(alt_do_ctors.o)
 .comment       0x0000000000000023       0x24 ../Lab_8_CPU2_bsp/\libhal_bsp.a(alt_do_dtors.o)
 .comment       0x0000000000000023       0x24 ../Lab_8_CPU2_bsp/\libhal_bsp.a(alt_errno.o)
 .comment       0x0000000000000023       0x24 ../Lab_8_CPU2_bsp/\libhal_bsp.a(alt_find_dev.o)
 .comment       0x0000000000000023       0x24 ../Lab_8_CPU2_bsp/\libhal_bsp.a(alt_icache_flush_all.o)
 .comment       0x0000000000000023       0x24 ../Lab_8_CPU2_bsp/\libhal_bsp.a(alt_iic.o)
 .comment       0x0000000000000023       0x24 ../Lab_8_CPU2_bsp/\libhal_bsp.a(alt_iic_isr_register.o)
 .comment       0x0000000000000023       0x24 ../Lab_8_CPU2_bsp/\libhal_bsp.a(alt_irq_handler.o)
 .comment       0x0000000000000023       0x24 ../Lab_8_CPU2_bsp/\libhal_bsp.a(alt_irq_vars.o)
 .comment       0x0000000000000023       0x24 ../Lab_8_CPU2_bsp/\libhal_bsp.a(alt_release_fd.o)
 .comment       0x0000000000000023       0x24 ../Lab_8_CPU2_bsp/\libhal_bsp.a(alt_tick.o)
 .comment       0x0000000000000023       0x24 ../Lab_8_CPU2_bsp/\libhal_bsp.a(altera_nios2_gen2_irq.o)
 .comment       0x0000000000000023       0x24 ../Lab_8_CPU2_bsp/\libhal_bsp.a(alt_instruction_exception_entry.o)
 .comment       0x0000000000000023       0x24 c:/intelfpga_lite/17.0/nios2eds/bin/gnu/h-x86_64-mingw32/bin/../lib/gcc/nios2-elf/5.3.0/../../../../../H-x86_64-mingw32/nios2-elf/lib/mno-hw-mul\libc.a(lib_a-atexit.o)
 .comment       0x0000000000000023       0x24 c:/intelfpga_lite/17.0/nios2eds/bin/gnu/h-x86_64-mingw32/bin/../lib/gcc/nios2-elf/5.3.0/../../../../../H-x86_64-mingw32/nios2-elf/lib/mno-hw-mul\libc.a(lib_a-exit.o)
 .comment       0x0000000000000023       0x24 c:/intelfpga_lite/17.0/nios2eds/bin/gnu/h-x86_64-mingw32/bin/../lib/gcc/nios2-elf/5.3.0/../../../../../H-x86_64-mingw32/nios2-elf/lib/mno-hw-mul\libc.a(lib_a-impure.o)
 .comment       0x0000000000000023       0x24 c:/intelfpga_lite/17.0/nios2eds/bin/gnu/h-x86_64-mingw32/bin/../lib/gcc/nios2-elf/5.3.0/../../../../../H-x86_64-mingw32/nios2-elf/lib/mno-hw-mul\libc.a(lib_a-int_errno.o)
 .comment       0x0000000000000023       0x24 c:/intelfpga_lite/17.0/nios2eds/bin/gnu/h-x86_64-mingw32/bin/../lib/gcc/nios2-elf/5.3.0/../../../../../H-x86_64-mingw32/nios2-elf/lib/mno-hw-mul\libc.a(lib_a-memcmp.o)
 .comment       0x0000000000000023       0x24 c:/intelfpga_lite/17.0/nios2eds/bin/gnu/h-x86_64-mingw32/bin/../lib/gcc/nios2-elf/5.3.0/../../../../../H-x86_64-mingw32/nios2-elf/lib/mno-hw-mul\libc.a(lib_a-strlen.o)
 .comment       0x0000000000000023       0x24 c:/intelfpga_lite/17.0/nios2eds/bin/gnu/h-x86_64-mingw32/bin/../lib/gcc/nios2-elf/5.3.0/../../../../../H-x86_64-mingw32/nios2-elf/lib/mno-hw-mul\libc.a(lib_a-__atexit.o)
 .comment       0x0000000000000023       0x24 c:/intelfpga_lite/17.0/nios2eds/bin/gnu/h-x86_64-mingw32/bin/../lib/gcc/nios2-elf/5.3.0/../../../../../H-x86_64-mingw32/nios2-elf/lib/mno-hw-mul\libc.a(lib_a-__call_atexit.o)
 .comment       0x0000000000000023       0x24 c:/intelfpga_lite/17.0/nios2eds/bin/gnu/h-x86_64-mingw32/bin/../lib/gcc/nios2-elf/5.3.0/mno-hw-mul\libgcc.a(lib2-mul.o)
 .comment       0x0000000000000023       0x24 ../Lab_8_CPU2_bsp/\libhal_bsp.a(alt_exit.o)

.debug
 *(.debug)

.line
 *(.line)

.debug_srcinfo
 *(.debug_srcinfo)

.debug_sfnames
 *(.debug_sfnames)

.debug_aranges  0x0000000000000000      0x498
 *(.debug_aranges)
 .debug_aranges
                0x0000000000000000       0x28 ../Lab_8_CPU2_bsp//obj/HAL/src/crt0.o
 .debug_aranges
                0x0000000000000028       0x20 obj/default/hello_world.o
 .debug_aranges
                0x0000000000000048       0x20 ../Lab_8_CPU2_bsp/\libhal_bsp.a(alt_load.o)
 .debug_aranges
                0x0000000000000068       0x20 ../Lab_8_CPU2_bsp/\libhal_bsp.a(alt_main.o)
 .debug_aranges
                0x0000000000000088       0x20 ../Lab_8_CPU2_bsp/\libhal_bsp.a(alt_sys_init.o)
 .debug_aranges
                0x00000000000000a8       0x20 ../Lab_8_CPU2_bsp/\libhal_bsp.a(altera_avalon_mutex.o)
 .debug_aranges
                0x00000000000000c8       0x20 ../Lab_8_CPU2_bsp/\libhal_bsp.a(altera_avalon_timer_sc.o)
 .debug_aranges
                0x00000000000000e8       0x20 ../Lab_8_CPU2_bsp/\libhal_bsp.a(alt_close.o)
 .debug_aranges
                0x0000000000000108       0x20 ../Lab_8_CPU2_bsp/\libhal_bsp.a(alt_dcache_flush_all.o)
 .debug_aranges
                0x0000000000000128       0x20 ../Lab_8_CPU2_bsp/\libhal_bsp.a(alt_dev.o)
 .debug_aranges
                0x0000000000000148       0x20 ../Lab_8_CPU2_bsp/\libhal_bsp.a(alt_dev_llist_insert.o)
 .debug_aranges
                0x0000000000000168       0x20 ../Lab_8_CPU2_bsp/\libhal_bsp.a(alt_do_ctors.o)
 .debug_aranges
                0x0000000000000188       0x20 ../Lab_8_CPU2_bsp/\libhal_bsp.a(alt_do_dtors.o)
 .debug_aranges
                0x00000000000001a8       0x18 ../Lab_8_CPU2_bsp/\libhal_bsp.a(alt_errno.o)
 .debug_aranges
                0x00000000000001c0       0x20 ../Lab_8_CPU2_bsp/\libhal_bsp.a(alt_find_dev.o)
 .debug_aranges
                0x00000000000001e0       0x20 ../Lab_8_CPU2_bsp/\libhal_bsp.a(alt_icache_flush_all.o)
 .debug_aranges
                0x0000000000000200       0x20 ../Lab_8_CPU2_bsp/\libhal_bsp.a(alt_iic.o)
 .debug_aranges
                0x0000000000000220       0x20 ../Lab_8_CPU2_bsp/\libhal_bsp.a(alt_iic_isr_register.o)
 .debug_aranges
                0x0000000000000240       0x30 ../Lab_8_CPU2_bsp/\libhal_bsp.a(alt_irq_entry.o)
 .debug_aranges
                0x0000000000000270       0x20 ../Lab_8_CPU2_bsp/\libhal_bsp.a(alt_irq_handler.o)
 .debug_aranges
                0x0000000000000290       0x18 ../Lab_8_CPU2_bsp/\libhal_bsp.a(alt_irq_vars.o)
 .debug_aranges
                0x00000000000002a8       0x20 ../Lab_8_CPU2_bsp/\libhal_bsp.a(alt_release_fd.o)
 .debug_aranges
                0x00000000000002c8       0x20 ../Lab_8_CPU2_bsp/\libhal_bsp.a(alt_tick.o)
 .debug_aranges
                0x00000000000002e8       0x20 ../Lab_8_CPU2_bsp/\libhal_bsp.a(altera_nios2_gen2_irq.o)
 .debug_aranges
                0x0000000000000308       0x38 ../Lab_8_CPU2_bsp/\libhal_bsp.a(alt_exception_entry.o)
 .debug_aranges
                0x0000000000000340       0x28 ../Lab_8_CPU2_bsp/\libhal_bsp.a(alt_instruction_exception_entry.o)
 .debug_aranges
                0x0000000000000368       0x20 c:/intelfpga_lite/17.0/nios2eds/bin/gnu/h-x86_64-mingw32/bin/../lib/gcc/nios2-elf/5.3.0/../../../../../H-x86_64-mingw32/nios2-elf/lib/mno-hw-mul\libc.a(lib_a-atexit.o)
 .debug_aranges
                0x0000000000000388       0x20 c:/intelfpga_lite/17.0/nios2eds/bin/gnu/h-x86_64-mingw32/bin/../lib/gcc/nios2-elf/5.3.0/../../../../../H-x86_64-mingw32/nios2-elf/lib/mno-hw-mul\libc.a(lib_a-exit.o)
 .debug_aranges
                0x00000000000003a8       0x18 c:/intelfpga_lite/17.0/nios2eds/bin/gnu/h-x86_64-mingw32/bin/../lib/gcc/nios2-elf/5.3.0/../../../../../H-x86_64-mingw32/nios2-elf/lib/mno-hw-mul\libc.a(lib_a-impure.o)
 .debug_aranges
                0x00000000000003c0       0x18 c:/intelfpga_lite/17.0/nios2eds/bin/gnu/h-x86_64-mingw32/bin/../lib/gcc/nios2-elf/5.3.0/../../../../../H-x86_64-mingw32/nios2-elf/lib/mno-hw-mul\libc.a(lib_a-int_errno.o)
 .debug_aranges
                0x00000000000003d8       0x20 c:/intelfpga_lite/17.0/nios2eds/bin/gnu/h-x86_64-mingw32/bin/../lib/gcc/nios2-elf/5.3.0/../../../../../H-x86_64-mingw32/nios2-elf/lib/mno-hw-mul\libc.a(lib_a-memcmp.o)
 .debug_aranges
                0x00000000000003f8       0x20 c:/intelfpga_lite/17.0/nios2eds/bin/gnu/h-x86_64-mingw32/bin/../lib/gcc/nios2-elf/5.3.0/../../../../../H-x86_64-mingw32/nios2-elf/lib/mno-hw-mul\libc.a(lib_a-strlen.o)
 .debug_aranges
                0x0000000000000418       0x20 c:/intelfpga_lite/17.0/nios2eds/bin/gnu/h-x86_64-mingw32/bin/../lib/gcc/nios2-elf/5.3.0/../../../../../H-x86_64-mingw32/nios2-elf/lib/mno-hw-mul\libc.a(lib_a-__atexit.o)
 .debug_aranges
                0x0000000000000438       0x20 c:/intelfpga_lite/17.0/nios2eds/bin/gnu/h-x86_64-mingw32/bin/../lib/gcc/nios2-elf/5.3.0/../../../../../H-x86_64-mingw32/nios2-elf/lib/mno-hw-mul\libc.a(lib_a-__call_atexit.o)
 .debug_aranges
                0x0000000000000458       0x20 c:/intelfpga_lite/17.0/nios2eds/bin/gnu/h-x86_64-mingw32/bin/../lib/gcc/nios2-elf/5.3.0/mno-hw-mul\libgcc.a(lib2-mul.o)
 .debug_aranges
                0x0000000000000478       0x20 ../Lab_8_CPU2_bsp/\libhal_bsp.a(alt_exit.o)

.debug_pubnames
 *(.debug_pubnames)

.debug_info     0x0000000000000000     0x541a
 *(.debug_info .gnu.linkonce.wi.*)
 .debug_info    0x0000000000000000       0x68 ../Lab_8_CPU2_bsp//obj/HAL/src/crt0.o
 .debug_info    0x0000000000000068       0xb9 obj/default/hello_world.o
 .debug_info    0x0000000000000121      0x145 ../Lab_8_CPU2_bsp/\libhal_bsp.a(alt_load.o)
 .debug_info    0x0000000000000266      0x131 ../Lab_8_CPU2_bsp/\libhal_bsp.a(alt_main.o)
 .debug_info    0x0000000000000397      0x265 ../Lab_8_CPU2_bsp/\libhal_bsp.a(alt_sys_init.o)
 .debug_info    0x00000000000005fc      0x39f ../Lab_8_CPU2_bsp/\libhal_bsp.a(altera_avalon_mutex.o)
 .debug_info    0x000000000000099b      0x226 ../Lab_8_CPU2_bsp/\libhal_bsp.a(altera_avalon_timer_sc.o)
 .debug_info    0x0000000000000bc1      0x321 ../Lab_8_CPU2_bsp/\libhal_bsp.a(alt_close.o)
 .debug_info    0x0000000000000ee2       0x92 ../Lab_8_CPU2_bsp/\libhal_bsp.a(alt_dcache_flush_all.o)
 .debug_info    0x0000000000000f74      0x49c ../Lab_8_CPU2_bsp/\libhal_bsp.a(alt_dev.o)
 .debug_info    0x0000000000001410      0x1a9 ../Lab_8_CPU2_bsp/\libhal_bsp.a(alt_dev_llist_insert.o)
 .debug_info    0x00000000000015b9       0x83 ../Lab_8_CPU2_bsp/\libhal_bsp.a(alt_do_ctors.o)
 .debug_info    0x000000000000163c       0x83 ../Lab_8_CPU2_bsp/\libhal_bsp.a(alt_do_dtors.o)
 .debug_info    0x00000000000016bf       0xa6 ../Lab_8_CPU2_bsp/\libhal_bsp.a(alt_errno.o)
 .debug_info    0x0000000000001765      0x2e9 ../Lab_8_CPU2_bsp/\libhal_bsp.a(alt_find_dev.o)
 .debug_info    0x0000000000001a4e       0x92 ../Lab_8_CPU2_bsp/\libhal_bsp.a(alt_icache_flush_all.o)
 .debug_info    0x0000000000001ae0      0x350 ../Lab_8_CPU2_bsp/\libhal_bsp.a(alt_iic.o)
 .debug_info    0x0000000000001e30      0x1ef ../Lab_8_CPU2_bsp/\libhal_bsp.a(alt_iic_isr_register.o)
 .debug_info    0x000000000000201f       0x71 ../Lab_8_CPU2_bsp/\libhal_bsp.a(alt_irq_entry.o)
 .debug_info    0x0000000000002090      0x187 ../Lab_8_CPU2_bsp/\libhal_bsp.a(alt_irq_handler.o)
 .debug_info    0x0000000000002217       0x88 ../Lab_8_CPU2_bsp/\libhal_bsp.a(alt_irq_vars.o)
 .debug_info    0x000000000000229f      0x2b0 ../Lab_8_CPU2_bsp/\libhal_bsp.a(alt_release_fd.o)
 .debug_info    0x000000000000254f      0x299 ../Lab_8_CPU2_bsp/\libhal_bsp.a(alt_tick.o)
 .debug_info    0x00000000000027e8       0x92 ../Lab_8_CPU2_bsp/\libhal_bsp.a(altera_nios2_gen2_irq.o)
 .debug_info    0x000000000000287a       0x77 ../Lab_8_CPU2_bsp/\libhal_bsp.a(alt_exception_entry.o)
 .debug_info    0x00000000000028f1      0x1e7 ../Lab_8_CPU2_bsp/\libhal_bsp.a(alt_instruction_exception_entry.o)
 .debug_info    0x0000000000002ad8       0xfe c:/intelfpga_lite/17.0/nios2eds/bin/gnu/h-x86_64-mingw32/bin/../lib/gcc/nios2-elf/5.3.0/../../../../../H-x86_64-mingw32/nios2-elf/lib/mno-hw-mul\libc.a(lib_a-atexit.o)
 .debug_info    0x0000000000002bd6      0x8e4 c:/intelfpga_lite/17.0/nios2eds/bin/gnu/h-x86_64-mingw32/bin/../lib/gcc/nios2-elf/5.3.0/../../../../../H-x86_64-mingw32/nios2-elf/lib/mno-hw-mul\libc.a(lib_a-exit.o)
 .debug_info    0x00000000000034ba      0x8a1 c:/intelfpga_lite/17.0/nios2eds/bin/gnu/h-x86_64-mingw32/bin/../lib/gcc/nios2-elf/5.3.0/../../../../../H-x86_64-mingw32/nios2-elf/lib/mno-hw-mul\libc.a(lib_a-impure.o)
 .debug_info    0x0000000000003d5b       0x8a c:/intelfpga_lite/17.0/nios2eds/bin/gnu/h-x86_64-mingw32/bin/../lib/gcc/nios2-elf/5.3.0/../../../../../H-x86_64-mingw32/nios2-elf/lib/mno-hw-mul\libc.a(lib_a-int_errno.o)
 .debug_info    0x0000000000003de5      0x11a c:/intelfpga_lite/17.0/nios2eds/bin/gnu/h-x86_64-mingw32/bin/../lib/gcc/nios2-elf/5.3.0/../../../../../H-x86_64-mingw32/nios2-elf/lib/mno-hw-mul\libc.a(lib_a-memcmp.o)
 .debug_info    0x0000000000003eff       0xe2 c:/intelfpga_lite/17.0/nios2eds/bin/gnu/h-x86_64-mingw32/bin/../lib/gcc/nios2-elf/5.3.0/../../../../../H-x86_64-mingw32/nios2-elf/lib/mno-hw-mul\libc.a(lib_a-strlen.o)
 .debug_info    0x0000000000003fe1      0x934 c:/intelfpga_lite/17.0/nios2eds/bin/gnu/h-x86_64-mingw32/bin/../lib/gcc/nios2-elf/5.3.0/../../../../../H-x86_64-mingw32/nios2-elf/lib/mno-hw-mul\libc.a(lib_a-__atexit.o)
 .debug_info    0x0000000000004915      0x965 c:/intelfpga_lite/17.0/nios2eds/bin/gnu/h-x86_64-mingw32/bin/../lib/gcc/nios2-elf/5.3.0/../../../../../H-x86_64-mingw32/nios2-elf/lib/mno-hw-mul\libc.a(lib_a-__call_atexit.o)
 .debug_info    0x000000000000527a       0xb4 c:/intelfpga_lite/17.0/nios2eds/bin/gnu/h-x86_64-mingw32/bin/../lib/gcc/nios2-elf/5.3.0/mno-hw-mul\libgcc.a(lib2-mul.o)
 .debug_info    0x000000000000532e       0xec ../Lab_8_CPU2_bsp/\libhal_bsp.a(alt_exit.o)

.debug_abbrev   0x0000000000000000     0x1e3f
 *(.debug_abbrev)
 .debug_abbrev  0x0000000000000000       0x12 ../Lab_8_CPU2_bsp//obj/HAL/src/crt0.o
 .debug_abbrev  0x0000000000000012       0x69 obj/default/hello_world.o
 .debug_abbrev  0x000000000000007b       0x9f ../Lab_8_CPU2_bsp/\libhal_bsp.a(alt_load.o)
 .debug_abbrev  0x000000000000011a       0xba ../Lab_8_CPU2_bsp/\libhal_bsp.a(alt_main.o)
 .debug_abbrev  0x00000000000001d4      0x158 ../Lab_8_CPU2_bsp/\libhal_bsp.a(alt_sys_init.o)
 .debug_abbrev  0x000000000000032c      0x182 ../Lab_8_CPU2_bsp/\libhal_bsp.a(altera_avalon_mutex.o)
 .debug_abbrev  0x00000000000004ae      0x155 ../Lab_8_CPU2_bsp/\libhal_bsp.a(altera_avalon_timer_sc.o)
 .debug_abbrev  0x0000000000000603      0x11f ../Lab_8_CPU2_bsp/\libhal_bsp.a(alt_close.o)
 .debug_abbrev  0x0000000000000722       0x42 ../Lab_8_CPU2_bsp/\libhal_bsp.a(alt_dcache_flush_all.o)
 .debug_abbrev  0x0000000000000764       0xd9 ../Lab_8_CPU2_bsp/\libhal_bsp.a(alt_dev.o)
 .debug_abbrev  0x000000000000083d      0x114 ../Lab_8_CPU2_bsp/\libhal_bsp.a(alt_dev_llist_insert.o)
 .debug_abbrev  0x0000000000000951       0x79 ../Lab_8_CPU2_bsp/\libhal_bsp.a(alt_do_ctors.o)
 .debug_abbrev  0x00000000000009ca       0x79 ../Lab_8_CPU2_bsp/\libhal_bsp.a(alt_do_dtors.o)
 .debug_abbrev  0x0000000000000a43       0x5a ../Lab_8_CPU2_bsp/\libhal_bsp.a(alt_errno.o)
 .debug_abbrev  0x0000000000000a9d       0xf0 ../Lab_8_CPU2_bsp/\libhal_bsp.a(alt_find_dev.o)
 .debug_abbrev  0x0000000000000b8d       0x42 ../Lab_8_CPU2_bsp/\libhal_bsp.a(alt_icache_flush_all.o)
 .debug_abbrev  0x0000000000000bcf      0x163 ../Lab_8_CPU2_bsp/\libhal_bsp.a(alt_iic.o)
 .debug_abbrev  0x0000000000000d32      0x169 ../Lab_8_CPU2_bsp/\libhal_bsp.a(alt_iic_isr_register.o)
 .debug_abbrev  0x0000000000000e9b       0x12 ../Lab_8_CPU2_bsp/\libhal_bsp.a(alt_irq_entry.o)
 .debug_abbrev  0x0000000000000ead      0x122 ../Lab_8_CPU2_bsp/\libhal_bsp.a(alt_irq_handler.o)
 .debug_abbrev  0x0000000000000fcf       0x40 ../Lab_8_CPU2_bsp/\libhal_bsp.a(alt_irq_vars.o)
 .debug_abbrev  0x000000000000100f       0xde ../Lab_8_CPU2_bsp/\libhal_bsp.a(alt_release_fd.o)
 .debug_abbrev  0x00000000000010ed      0x15a ../Lab_8_CPU2_bsp/\libhal_bsp.a(alt_tick.o)
 .debug_abbrev  0x0000000000001247       0x42 ../Lab_8_CPU2_bsp/\libhal_bsp.a(altera_nios2_gen2_irq.o)
 .debug_abbrev  0x0000000000001289       0x12 ../Lab_8_CPU2_bsp/\libhal_bsp.a(alt_exception_entry.o)
 .debug_abbrev  0x000000000000129b       0xdc ../Lab_8_CPU2_bsp/\libhal_bsp.a(alt_instruction_exception_entry.o)
 .debug_abbrev  0x0000000000001377       0xaa c:/intelfpga_lite/17.0/nios2eds/bin/gnu/h-x86_64-mingw32/bin/../lib/gcc/nios2-elf/5.3.0/../../../../../H-x86_64-mingw32/nios2-elf/lib/mno-hw-mul\libc.a(lib_a-atexit.o)
 .debug_abbrev  0x0000000000001421      0x1e5 c:/intelfpga_lite/17.0/nios2eds/bin/gnu/h-x86_64-mingw32/bin/../lib/gcc/nios2-elf/5.3.0/../../../../../H-x86_64-mingw32/nios2-elf/lib/mno-hw-mul\libc.a(lib_a-exit.o)
 .debug_abbrev  0x0000000000001606      0x18f c:/intelfpga_lite/17.0/nios2eds/bin/gnu/h-x86_64-mingw32/bin/../lib/gcc/nios2-elf/5.3.0/../../../../../H-x86_64-mingw32/nios2-elf/lib/mno-hw-mul\libc.a(lib_a-impure.o)
 .debug_abbrev  0x0000000000001795       0x37 c:/intelfpga_lite/17.0/nios2eds/bin/gnu/h-x86_64-mingw32/bin/../lib/gcc/nios2-elf/5.3.0/../../../../../H-x86_64-mingw32/nios2-elf/lib/mno-hw-mul\libc.a(lib_a-int_errno.o)
 .debug_abbrev  0x00000000000017cc       0x7f c:/intelfpga_lite/17.0/nios2eds/bin/gnu/h-x86_64-mingw32/bin/../lib/gcc/nios2-elf/5.3.0/../../../../../H-x86_64-mingw32/nios2-elf/lib/mno-hw-mul\libc.a(lib_a-memcmp.o)
 .debug_abbrev  0x000000000000184b       0x90 c:/intelfpga_lite/17.0/nios2eds/bin/gnu/h-x86_64-mingw32/bin/../lib/gcc/nios2-elf/5.3.0/../../../../../H-x86_64-mingw32/nios2-elf/lib/mno-hw-mul\libc.a(lib_a-strlen.o)
 .debug_abbrev  0x00000000000018db      0x21e c:/intelfpga_lite/17.0/nios2eds/bin/gnu/h-x86_64-mingw32/bin/../lib/gcc/nios2-elf/5.3.0/../../../../../H-x86_64-mingw32/nios2-elf/lib/mno-hw-mul\libc.a(lib_a-__atexit.o)
 .debug_abbrev  0x0000000000001af9      0x22e c:/intelfpga_lite/17.0/nios2eds/bin/gnu/h-x86_64-mingw32/bin/../lib/gcc/nios2-elf/5.3.0/../../../../../H-x86_64-mingw32/nios2-elf/lib/mno-hw-mul\libc.a(lib_a-__call_atexit.o)
 .debug_abbrev  0x0000000000001d27       0x6f c:/intelfpga_lite/17.0/nios2eds/bin/gnu/h-x86_64-mingw32/bin/../lib/gcc/nios2-elf/5.3.0/mno-hw-mul\libgcc.a(lib2-mul.o)
 .debug_abbrev  0x0000000000001d96       0xa9 ../Lab_8_CPU2_bsp/\libhal_bsp.a(alt_exit.o)

.debug_line     0x0000000000000000     0x1e9b
 *(.debug_line)
 .debug_line    0x0000000000000000       0x66 ../Lab_8_CPU2_bsp//obj/HAL/src/crt0.o
 .debug_line    0x0000000000000066       0x78 obj/default/hello_world.o
 .debug_line    0x00000000000000de       0x8e ../Lab_8_CPU2_bsp/\libhal_bsp.a(alt_load.o)
 .debug_line    0x000000000000016c       0xa0 ../Lab_8_CPU2_bsp/\libhal_bsp.a(alt_main.o)
 .debug_line    0x000000000000020c      0x154 ../Lab_8_CPU2_bsp/\libhal_bsp.a(alt_sys_init.o)
 .debug_line    0x0000000000000360      0x152 ../Lab_8_CPU2_bsp/\libhal_bsp.a(altera_avalon_mutex.o)
 .debug_line    0x00000000000004b2       0xfd ../Lab_8_CPU2_bsp/\libhal_bsp.a(altera_avalon_timer_sc.o)
 .debug_line    0x00000000000005af      0x165 ../Lab_8_CPU2_bsp/\libhal_bsp.a(alt_close.o)
 .debug_line    0x0000000000000714       0x51 ../Lab_8_CPU2_bsp/\libhal_bsp.a(alt_dcache_flush_all.o)
 .debug_line    0x0000000000000765       0xf8 ../Lab_8_CPU2_bsp/\libhal_bsp.a(alt_dev.o)
 .debug_line    0x000000000000085d       0xcf ../Lab_8_CPU2_bsp/\libhal_bsp.a(alt_dev_llist_insert.o)
 .debug_line    0x000000000000092c       0x59 ../Lab_8_CPU2_bsp/\libhal_bsp.a(alt_do_ctors.o)
 .debug_line    0x0000000000000985       0x59 ../Lab_8_CPU2_bsp/\libhal_bsp.a(alt_do_dtors.o)
 .debug_line    0x00000000000009de       0x51 ../Lab_8_CPU2_bsp/\libhal_bsp.a(alt_errno.o)
 .debug_line    0x0000000000000a2f       0xb5 ../Lab_8_CPU2_bsp/\libhal_bsp.a(alt_find_dev.o)
 .debug_line    0x0000000000000ae4       0x4f ../Lab_8_CPU2_bsp/\libhal_bsp.a(alt_icache_flush_all.o)
 .debug_line    0x0000000000000b33       0xeb ../Lab_8_CPU2_bsp/\libhal_bsp.a(alt_iic.o)
 .debug_line    0x0000000000000c1e       0xdb ../Lab_8_CPU2_bsp/\libhal_bsp.a(alt_iic_isr_register.o)
 .debug_line    0x0000000000000cf9       0x6b ../Lab_8_CPU2_bsp/\libhal_bsp.a(alt_irq_entry.o)
 .debug_line    0x0000000000000d64       0xaa ../Lab_8_CPU2_bsp/\libhal_bsp.a(alt_irq_handler.o)
 .debug_line    0x0000000000000e0e       0x50 ../Lab_8_CPU2_bsp/\libhal_bsp.a(alt_irq_vars.o)
 .debug_line    0x0000000000000e5e       0xb0 ../Lab_8_CPU2_bsp/\libhal_bsp.a(alt_release_fd.o)
 .debug_line    0x0000000000000f0e       0xff ../Lab_8_CPU2_bsp/\libhal_bsp.a(alt_tick.o)
 .debug_line    0x000000000000100d       0x51 ../Lab_8_CPU2_bsp/\libhal_bsp.a(altera_nios2_gen2_irq.o)
 .debug_line    0x000000000000105e       0xb3 ../Lab_8_CPU2_bsp/\libhal_bsp.a(alt_exception_entry.o)
 .debug_line    0x0000000000001111       0xb9 ../Lab_8_CPU2_bsp/\libhal_bsp.a(alt_instruction_exception_entry.o)
 .debug_line    0x00000000000011ca       0xe7 c:/intelfpga_lite/17.0/nios2eds/bin/gnu/h-x86_64-mingw32/bin/../lib/gcc/nios2-elf/5.3.0/../../../../../H-x86_64-mingw32/nios2-elf/lib/mno-hw-mul\libc.a(lib_a-atexit.o)
 .debug_line    0x00000000000012b1      0x1fc c:/intelfpga_lite/17.0/nios2eds/bin/gnu/h-x86_64-mingw32/bin/../lib/gcc/nios2-elf/5.3.0/../../../../../H-x86_64-mingw32/nios2-elf/lib/mno-hw-mul\libc.a(lib_a-exit.o)
 .debug_line    0x00000000000014ad      0x160 c:/intelfpga_lite/17.0/nios2eds/bin/gnu/h-x86_64-mingw32/bin/../lib/gcc/nios2-elf/5.3.0/../../../../../H-x86_64-mingw32/nios2-elf/lib/mno-hw-mul\libc.a(lib_a-impure.o)
 .debug_line    0x000000000000160d       0x5f c:/intelfpga_lite/17.0/nios2eds/bin/gnu/h-x86_64-mingw32/bin/../lib/gcc/nios2-elf/5.3.0/../../../../../H-x86_64-mingw32/nios2-elf/lib/mno-hw-mul\libc.a(lib_a-int_errno.o)
 .debug_line    0x000000000000166c      0x176 c:/intelfpga_lite/17.0/nios2eds/bin/gnu/h-x86_64-mingw32/bin/../lib/gcc/nios2-elf/5.3.0/../../../../../H-x86_64-mingw32/nios2-elf/lib/mno-hw-mul\libc.a(lib_a-memcmp.o)
 .debug_line    0x00000000000017e2      0x16f c:/intelfpga_lite/17.0/nios2eds/bin/gnu/h-x86_64-mingw32/bin/../lib/gcc/nios2-elf/5.3.0/../../../../../H-x86_64-mingw32/nios2-elf/lib/mno-hw-mul\libc.a(lib_a-strlen.o)
 .debug_line    0x0000000000001951      0x21f c:/intelfpga_lite/17.0/nios2eds/bin/gnu/h-x86_64-mingw32/bin/../lib/gcc/nios2-elf/5.3.0/../../../../../H-x86_64-mingw32/nios2-elf/lib/mno-hw-mul\libc.a(lib_a-__atexit.o)
 .debug_line    0x0000000000001b70      0x23a c:/intelfpga_lite/17.0/nios2eds/bin/gnu/h-x86_64-mingw32/bin/../lib/gcc/nios2-elf/5.3.0/../../../../../H-x86_64-mingw32/nios2-elf/lib/mno-hw-mul\libc.a(lib_a-__call_atexit.o)
 .debug_line    0x0000000000001daa       0x80 c:/intelfpga_lite/17.0/nios2eds/bin/gnu/h-x86_64-mingw32/bin/../lib/gcc/nios2-elf/5.3.0/mno-hw-mul\libgcc.a(lib2-mul.o)
 .debug_line    0x0000000000001e2a       0x71 ../Lab_8_CPU2_bsp/\libhal_bsp.a(alt_exit.o)

.debug_frame    0x0000000000000000      0x8c8
 *(.debug_frame)
 .debug_frame   0x0000000000000000       0x2c obj/default/hello_world.o
 .debug_frame   0x000000000000002c       0x5c ../Lab_8_CPU2_bsp/\libhal_bsp.a(alt_load.o)
 .debug_frame   0x0000000000000088       0x2c ../Lab_8_CPU2_bsp/\libhal_bsp.a(alt_main.o)
 .debug_frame   0x00000000000000b4       0xb0 ../Lab_8_CPU2_bsp/\libhal_bsp.a(alt_sys_init.o)
 .debug_frame   0x0000000000000164      0x164 ../Lab_8_CPU2_bsp/\libhal_bsp.a(altera_avalon_mutex.o)
 .debug_frame   0x00000000000002c8       0x60 ../Lab_8_CPU2_bsp/\libhal_bsp.a(altera_avalon_timer_sc.o)
 .debug_frame   0x0000000000000328       0x60 ../Lab_8_CPU2_bsp/\libhal_bsp.a(alt_close.o)
 .debug_frame   0x0000000000000388       0x34 ../Lab_8_CPU2_bsp/\libhal_bsp.a(alt_dcache_flush_all.o)
 .debug_frame   0x00000000000003bc       0x34 ../Lab_8_CPU2_bsp/\libhal_bsp.a(alt_dev.o)
 .debug_frame   0x00000000000003f0       0x60 ../Lab_8_CPU2_bsp/\libhal_bsp.a(alt_dev_llist_insert.o)
 .debug_frame   0x0000000000000450       0x38 ../Lab_8_CPU2_bsp/\libhal_bsp.a(alt_do_ctors.o)
 .debug_frame   0x0000000000000488       0x38 ../Lab_8_CPU2_bsp/\libhal_bsp.a(alt_do_dtors.o)
 .debug_frame   0x00000000000004c0       0x38 ../Lab_8_CPU2_bsp/\libhal_bsp.a(alt_find_dev.o)
 .debug_frame   0x00000000000004f8       0x34 ../Lab_8_CPU2_bsp/\libhal_bsp.a(alt_icache_flush_all.o)
 .debug_frame   0x000000000000052c       0xa4 ../Lab_8_CPU2_bsp/\libhal_bsp.a(alt_iic.o)
 .debug_frame   0x00000000000005d0       0x38 ../Lab_8_CPU2_bsp/\libhal_bsp.a(alt_iic_isr_register.o)
 .debug_frame   0x0000000000000608       0x38 ../Lab_8_CPU2_bsp/\libhal_bsp.a(alt_irq_handler.o)
 .debug_frame   0x0000000000000640       0x3c ../Lab_8_CPU2_bsp/\libhal_bsp.a(alt_release_fd.o)
 .debug_frame   0x000000000000067c       0x5c ../Lab_8_CPU2_bsp/\libhal_bsp.a(alt_tick.o)
 .debug_frame   0x00000000000006d8       0x34 ../Lab_8_CPU2_bsp/\libhal_bsp.a(altera_nios2_gen2_irq.o)
 .debug_frame   0x000000000000070c       0x5c ../Lab_8_CPU2_bsp/\libhal_bsp.a(alt_instruction_exception_entry.o)
 .debug_frame   0x0000000000000768       0x20 c:/intelfpga_lite/17.0/nios2eds/bin/gnu/h-x86_64-mingw32/bin/../lib/gcc/nios2-elf/5.3.0/../../../../../H-x86_64-mingw32/nios2-elf/lib/mno-hw-mul\libc.a(lib_a-atexit.o)
 .debug_frame   0x0000000000000788       0x28 c:/intelfpga_lite/17.0/nios2eds/bin/gnu/h-x86_64-mingw32/bin/../lib/gcc/nios2-elf/5.3.0/../../../../../H-x86_64-mingw32/nios2-elf/lib/mno-hw-mul\libc.a(lib_a-exit.o)
 .debug_frame   0x00000000000007b0       0x20 c:/intelfpga_lite/17.0/nios2eds/bin/gnu/h-x86_64-mingw32/bin/../lib/gcc/nios2-elf/5.3.0/../../../../../H-x86_64-mingw32/nios2-elf/lib/mno-hw-mul\libc.a(lib_a-memcmp.o)
 .debug_frame   0x00000000000007d0       0x20 c:/intelfpga_lite/17.0/nios2eds/bin/gnu/h-x86_64-mingw32/bin/../lib/gcc/nios2-elf/5.3.0/../../../../../H-x86_64-mingw32/nios2-elf/lib/mno-hw-mul\libc.a(lib_a-strlen.o)
 .debug_frame   0x00000000000007f0       0x38 c:/intelfpga_lite/17.0/nios2eds/bin/gnu/h-x86_64-mingw32/bin/../lib/gcc/nios2-elf/5.3.0/../../../../../H-x86_64-mingw32/nios2-elf/lib/mno-hw-mul\libc.a(lib_a-__atexit.o)
 .debug_frame   0x0000000000000828       0x54 c:/intelfpga_lite/17.0/nios2eds/bin/gnu/h-x86_64-mingw32/bin/../lib/gcc/nios2-elf/5.3.0/../../../../../H-x86_64-mingw32/nios2-elf/lib/mno-hw-mul\libc.a(lib_a-__call_atexit.o)
 .debug_frame   0x000000000000087c       0x20 c:/intelfpga_lite/17.0/nios2eds/bin/gnu/h-x86_64-mingw32/bin/../lib/gcc/nios2-elf/5.3.0/mno-hw-mul\libgcc.a(lib2-mul.o)
 .debug_frame   0x000000000000089c       0x2c ../Lab_8_CPU2_bsp/\libhal_bsp.a(alt_exit.o)

.debug_str      0x0000000000000000     0x18ae
 *(.debug_str)
 .debug_str     0x0000000000000000       0xf3 obj/default/hello_world.o
                                        0x131 (size before relaxing)
 .debug_str     0x00000000000000f3      0x125 ../Lab_8_CPU2_bsp/\libhal_bsp.a(alt_load.o)
                                        0x20c (size before relaxing)
 .debug_str     0x0000000000000218       0x70 ../Lab_8_CPU2_bsp/\libhal_bsp.a(alt_main.o)
                                        0x197 (size before relaxing)
 .debug_str     0x0000000000000288       0xf6 ../Lab_8_CPU2_bsp/\libhal_bsp.a(alt_sys_init.o)
                                        0x268 (size before relaxing)
 .debug_str     0x000000000000037e       0xfe ../Lab_8_CPU2_bsp/\libhal_bsp.a(altera_avalon_mutex.o)
                                        0x2cb (size before relaxing)
 .debug_str     0x000000000000047c       0xd1 ../Lab_8_CPU2_bsp/\libhal_bsp.a(altera_avalon_timer_sc.o)
                                        0x245 (size before relaxing)
 .debug_str     0x000000000000054d       0x6e ../Lab_8_CPU2_bsp/\libhal_bsp.a(alt_close.o)
                                        0x205 (size before relaxing)
 .debug_str     0x00000000000005bb       0x34 ../Lab_8_CPU2_bsp/\libhal_bsp.a(alt_dcache_flush_all.o)
                                        0x14f (size before relaxing)
 .debug_str     0x00000000000005ef      0x120 ../Lab_8_CPU2_bsp/\libhal_bsp.a(alt_dev.o)
                                        0x2ff (size before relaxing)
 .debug_str     0x000000000000070f       0x45 ../Lab_8_CPU2_bsp/\libhal_bsp.a(alt_dev_llist_insert.o)
                                        0x1c6 (size before relaxing)
 .debug_str     0x0000000000000754       0x48 ../Lab_8_CPU2_bsp/\libhal_bsp.a(alt_do_ctors.o)
                                         0xca (size before relaxing)
 .debug_str     0x000000000000079c       0x4c ../Lab_8_CPU2_bsp/\libhal_bsp.a(alt_do_dtors.o)
                                         0xc9 (size before relaxing)
 .debug_str     0x00000000000007e8       0x14 ../Lab_8_CPU2_bsp/\libhal_bsp.a(alt_errno.o)
                                        0x13f (size before relaxing)
 .debug_str     0x00000000000007fc       0x24 ../Lab_8_CPU2_bsp/\libhal_bsp.a(alt_find_dev.o)
                                        0x1e6 (size before relaxing)
 .debug_str     0x0000000000000820       0x34 ../Lab_8_CPU2_bsp/\libhal_bsp.a(alt_icache_flush_all.o)
                                        0x14f (size before relaxing)
 .debug_str     0x0000000000000854       0xc4 ../Lab_8_CPU2_bsp/\libhal_bsp.a(alt_iic.o)
                                        0x238 (size before relaxing)
 .debug_str     0x0000000000000918       0x4c ../Lab_8_CPU2_bsp/\libhal_bsp.a(alt_iic_isr_register.o)
                                        0x1e2 (size before relaxing)
 .debug_str     0x0000000000000964       0x3a ../Lab_8_CPU2_bsp/\libhal_bsp.a(alt_irq_handler.o)
                                        0x191 (size before relaxing)
 .debug_str     0x000000000000099e       0x17 ../Lab_8_CPU2_bsp/\libhal_bsp.a(alt_irq_vars.o)
                                        0x134 (size before relaxing)
 .debug_str     0x00000000000009b5       0x28 ../Lab_8_CPU2_bsp/\libhal_bsp.a(alt_release_fd.o)
                                        0x1cd (size before relaxing)
 .debug_str     0x00000000000009dd       0x78 ../Lab_8_CPU2_bsp/\libhal_bsp.a(alt_tick.o)
                                        0x24c (size before relaxing)
 .debug_str     0x0000000000000a55       0x3b ../Lab_8_CPU2_bsp/\libhal_bsp.a(altera_nios2_gen2_irq.o)
                                        0x156 (size before relaxing)
 .debug_str     0x0000000000000a90      0x48b ../Lab_8_CPU2_bsp/\libhal_bsp.a(alt_instruction_exception_entry.o)
                                        0x59a (size before relaxing)
 .debug_str     0x0000000000000f1b      0x17c c:/intelfpga_lite/17.0/nios2eds/bin/gnu/h-x86_64-mingw32/bin/../lib/gcc/nios2-elf/5.3.0/../../../../../H-x86_64-mingw32/nios2-elf/lib/mno-hw-mul\libc.a(lib_a-atexit.o)
                                        0x221 (size before relaxing)
 .debug_str     0x0000000000001097      0x3c1 c:/intelfpga_lite/17.0/nios2eds/bin/gnu/h-x86_64-mingw32/bin/../lib/gcc/nios2-elf/5.3.0/../../../../../H-x86_64-mingw32/nios2-elf/lib/mno-hw-mul\libc.a(lib_a-exit.o)
                                        0x5be (size before relaxing)
 .debug_str     0x0000000000001458       0xd6 c:/intelfpga_lite/17.0/nios2eds/bin/gnu/h-x86_64-mingw32/bin/../lib/gcc/nios2-elf/5.3.0/../../../../../H-x86_64-mingw32/nios2-elf/lib/mno-hw-mul\libc.a(lib_a-impure.o)
                                        0x5b5 (size before relaxing)
 .debug_str     0x000000000000152e       0x3f c:/intelfpga_lite/17.0/nios2eds/bin/gnu/h-x86_64-mingw32/bin/../lib/gcc/nios2-elf/5.3.0/../../../../../H-x86_64-mingw32/nios2-elf/lib/mno-hw-mul\libc.a(lib_a-int_errno.o)
                                        0x1dd (size before relaxing)
 .debug_str     0x000000000000156d       0xda c:/intelfpga_lite/17.0/nios2eds/bin/gnu/h-x86_64-mingw32/bin/../lib/gcc/nios2-elf/5.3.0/../../../../../H-x86_64-mingw32/nios2-elf/lib/mno-hw-mul\libc.a(lib_a-memcmp.o)
                                        0x1e4 (size before relaxing)
 .debug_str     0x0000000000001647       0x51 c:/intelfpga_lite/17.0/nios2eds/bin/gnu/h-x86_64-mingw32/bin/../lib/gcc/nios2-elf/5.3.0/../../../../../H-x86_64-mingw32/nios2-elf/lib/mno-hw-mul\libc.a(lib_a-strlen.o)
                                        0x1f7 (size before relaxing)
 .debug_str     0x0000000000001698       0x3f c:/intelfpga_lite/17.0/nios2eds/bin/gnu/h-x86_64-mingw32/bin/../lib/gcc/nios2-elf/5.3.0/../../../../../H-x86_64-mingw32/nios2-elf/lib/mno-hw-mul\libc.a(lib_a-__atexit.o)
                                        0x5f6 (size before relaxing)
 .debug_str     0x00000000000016d7       0x65 c:/intelfpga_lite/17.0/nios2eds/bin/gnu/h-x86_64-mingw32/bin/../lib/gcc/nios2-elf/5.3.0/../../../../../H-x86_64-mingw32/nios2-elf/lib/mno-hw-mul\libc.a(lib_a-__call_atexit.o)
                                        0x5e2 (size before relaxing)
 .debug_str     0x000000000000173c      0x148 c:/intelfpga_lite/17.0/nios2eds/bin/gnu/h-x86_64-mingw32/bin/../lib/gcc/nios2-elf/5.3.0/mno-hw-mul\libgcc.a(lib2-mul.o)
                                        0x193 (size before relaxing)
 .debug_str     0x0000000000001884       0x2a ../Lab_8_CPU2_bsp/\libhal_bsp.a(alt_exit.o)
                                        0x14b (size before relaxing)

.debug_loc      0x0000000000000000      0x59d
 *(.debug_loc)
 .debug_loc     0x0000000000000000       0x2c c:/intelfpga_lite/17.0/nios2eds/bin/gnu/h-x86_64-mingw32/bin/../lib/gcc/nios2-elf/5.3.0/../../../../../H-x86_64-mingw32/nios2-elf/lib/mno-hw-mul\libc.a(lib_a-atexit.o)
 .debug_loc     0x000000000000002c       0x1e c:/intelfpga_lite/17.0/nios2eds/bin/gnu/h-x86_64-mingw32/bin/../lib/gcc/nios2-elf/5.3.0/../../../../../H-x86_64-mingw32/nios2-elf/lib/mno-hw-mul\libc.a(lib_a-exit.o)
 .debug_loc     0x000000000000004a      0x126 c:/intelfpga_lite/17.0/nios2eds/bin/gnu/h-x86_64-mingw32/bin/../lib/gcc/nios2-elf/5.3.0/../../../../../H-x86_64-mingw32/nios2-elf/lib/mno-hw-mul\libc.a(lib_a-memcmp.o)
 .debug_loc     0x0000000000000170       0x47 c:/intelfpga_lite/17.0/nios2eds/bin/gnu/h-x86_64-mingw32/bin/../lib/gcc/nios2-elf/5.3.0/../../../../../H-x86_64-mingw32/nios2-elf/lib/mno-hw-mul\libc.a(lib_a-strlen.o)
 .debug_loc     0x00000000000001b7      0x185 c:/intelfpga_lite/17.0/nios2eds/bin/gnu/h-x86_64-mingw32/bin/../lib/gcc/nios2-elf/5.3.0/../../../../../H-x86_64-mingw32/nios2-elf/lib/mno-hw-mul\libc.a(lib_a-__atexit.o)
 .debug_loc     0x000000000000033c      0x1ce c:/intelfpga_lite/17.0/nios2eds/bin/gnu/h-x86_64-mingw32/bin/../lib/gcc/nios2-elf/5.3.0/../../../../../H-x86_64-mingw32/nios2-elf/lib/mno-hw-mul\libc.a(lib_a-__call_atexit.o)
 .debug_loc     0x000000000000050a       0x93 c:/intelfpga_lite/17.0/nios2eds/bin/gnu/h-x86_64-mingw32/bin/../lib/gcc/nios2-elf/5.3.0/mno-hw-mul\libgcc.a(lib2-mul.o)

.debug_macinfo
 *(.debug_macinfo)

.debug_weaknames
 *(.debug_weaknames)

.debug_funcnames
 *(.debug_funcnames)

.debug_typenames
 *(.debug_typenames)

.debug_varnames
 *(.debug_varnames)

.debug_alt_sim_info
                0x0000000000000000       0x10
 *(.debug_alt_sim_info)
 .debug_alt_sim_info
                0x0000000000000000       0x10 ../Lab_8_CPU2_bsp//obj/HAL/src/crt0.o
                0x00000000000386a0                __alt_data_end = 0x386a0
                0x00000000000386a0                PROVIDE (__alt_stack_pointer, __alt_data_end)
                [!provide]                        PROVIDE (__alt_stack_limit, __alt_stack_base)
                [!provide]                        PROVIDE (__alt_heap_start, end)
                [!provide]                        PROVIDE (__alt_heap_limit, 0x386a0)
OUTPUT(Lab_8_CPU2.elf elf32-littlenios2)

.debug_ranges   0x0000000000000000      0x120
 .debug_ranges  0x0000000000000000       0x20 ../Lab_8_CPU2_bsp//obj/HAL/src/crt0.o
 .debug_ranges  0x0000000000000020       0x28 ../Lab_8_CPU2_bsp/\libhal_bsp.a(alt_irq_entry.o)
 .debug_ranges  0x0000000000000048       0x10 ../Lab_8_CPU2_bsp/\libhal_bsp.a(alt_irq_handler.o)
 .debug_ranges  0x0000000000000058       0x30 ../Lab_8_CPU2_bsp/\libhal_bsp.a(alt_exception_entry.o)
 .debug_ranges  0x0000000000000088       0x18 ../Lab_8_CPU2_bsp/\libhal_bsp.a(alt_instruction_exception_entry.o)
 .debug_ranges  0x00000000000000a0       0x10 c:/intelfpga_lite/17.0/nios2eds/bin/gnu/h-x86_64-mingw32/bin/../lib/gcc/nios2-elf/5.3.0/../../../../../H-x86_64-mingw32/nios2-elf/lib/mno-hw-mul\libc.a(lib_a-atexit.o)
 .debug_ranges  0x00000000000000b0       0x10 c:/intelfpga_lite/17.0/nios2eds/bin/gnu/h-x86_64-mingw32/bin/../lib/gcc/nios2-elf/5.3.0/../../../../../H-x86_64-mingw32/nios2-elf/lib/mno-hw-mul\libc.a(lib_a-exit.o)
 .debug_ranges  0x00000000000000c0       0x10 c:/intelfpga_lite/17.0/nios2eds/bin/gnu/h-x86_64-mingw32/bin/../lib/gcc/nios2-elf/5.3.0/../../../../../H-x86_64-mingw32/nios2-elf/lib/mno-hw-mul\libc.a(lib_a-memcmp.o)
 .debug_ranges  0x00000000000000d0       0x10 c:/intelfpga_lite/17.0/nios2eds/bin/gnu/h-x86_64-mingw32/bin/../lib/gcc/nios2-elf/5.3.0/../../../../../H-x86_64-mingw32/nios2-elf/lib/mno-hw-mul\libc.a(lib_a-strlen.o)
 .debug_ranges  0x00000000000000e0       0x10 c:/intelfpga_lite/17.0/nios2eds/bin/gnu/h-x86_64-mingw32/bin/../lib/gcc/nios2-elf/5.3.0/../../../../../H-x86_64-mingw32/nios2-elf/lib/mno-hw-mul\libc.a(lib_a-__atexit.o)
 .debug_ranges  0x00000000000000f0       0x30 c:/intelfpga_lite/17.0/nios2eds/bin/gnu/h-x86_64-mingw32/bin/../lib/gcc/nios2-elf/5.3.0/../../../../../H-x86_64-mingw32/nios2-elf/lib/mno-hw-mul\libc.a(lib_a-__call_atexit.o)
